Archive member included to satisfy reference by file (symbol)

E:/ST/STM32CubeIDE_1.12.1/STM32CubeIDE/plugins/com.st.stm32cube.ide.mcu.externaltools.gnu-tools-for-stm32.12.3.rel1.win32_1.0.200.202406191623/tools/bin/../lib/gcc/arm-none-eabi/12.3.1/../../../../arm-none-eabi/lib/thumb/v7e-m+fp/hard\libc_nano.a(libc_a-exit.o)
                              E:/ST/STM32CubeIDE_1.12.1/STM32CubeIDE/plugins/com.st.stm32cube.ide.mcu.externaltools.gnu-tools-for-stm32.12.3.rel1.win32_1.0.200.202406191623/tools/bin/../lib/gcc/arm-none-eabi/12.3.1/../../../../arm-none-eabi/lib/thumb/v7e-m+fp/hard/crt0.o (exit)
E:/ST/STM32CubeIDE_1.12.1/STM32CubeIDE/plugins/com.st.stm32cube.ide.mcu.externaltools.gnu-tools-for-stm32.12.3.rel1.win32_1.0.200.202406191623/tools/bin/../lib/gcc/arm-none-eabi/12.3.1/../../../../arm-none-eabi/lib/thumb/v7e-m+fp/hard\libc_nano.a(libc_a-findfp.o)
                              E:/ST/STM32CubeIDE_1.12.1/STM32CubeIDE/plugins/com.st.stm32cube.ide.mcu.externaltools.gnu-tools-for-stm32.12.3.rel1.win32_1.0.200.202406191623/tools/bin/../lib/gcc/arm-none-eabi/12.3.1/../../../../arm-none-eabi/lib/thumb/v7e-m+fp/hard\libc_nano.a(libc_a-exit.o) (__stdio_exit_handler)
E:/ST/STM32CubeIDE_1.12.1/STM32CubeIDE/plugins/com.st.stm32cube.ide.mcu.externaltools.gnu-tools-for-stm32.12.3.rel1.win32_1.0.200.202406191623/tools/bin/../lib/gcc/arm-none-eabi/12.3.1/../../../../arm-none-eabi/lib/thumb/v7e-m+fp/hard\libc_nano.a(libc_a-fwalk.o)
                              E:/ST/STM32CubeIDE_1.12.1/STM32CubeIDE/plugins/com.st.stm32cube.ide.mcu.externaltools.gnu-tools-for-stm32.12.3.rel1.win32_1.0.200.202406191623/tools/bin/../lib/gcc/arm-none-eabi/12.3.1/../../../../arm-none-eabi/lib/thumb/v7e-m+fp/hard\libc_nano.a(libc_a-findfp.o) (_fwalk_sglue)
E:/ST/STM32CubeIDE_1.12.1/STM32CubeIDE/plugins/com.st.stm32cube.ide.mcu.externaltools.gnu-tools-for-stm32.12.3.rel1.win32_1.0.200.202406191623/tools/bin/../lib/gcc/arm-none-eabi/12.3.1/../../../../arm-none-eabi/lib/thumb/v7e-m+fp/hard\libc_nano.a(libc_a-stdio.o)
                              E:/ST/STM32CubeIDE_1.12.1/STM32CubeIDE/plugins/com.st.stm32cube.ide.mcu.externaltools.gnu-tools-for-stm32.12.3.rel1.win32_1.0.200.202406191623/tools/bin/../lib/gcc/arm-none-eabi/12.3.1/../../../../arm-none-eabi/lib/thumb/v7e-m+fp/hard\libc_nano.a(libc_a-findfp.o) (__sread)
E:/ST/STM32CubeIDE_1.12.1/STM32CubeIDE/plugins/com.st.stm32cube.ide.mcu.externaltools.gnu-tools-for-stm32.12.3.rel1.win32_1.0.200.202406191623/tools/bin/../lib/gcc/arm-none-eabi/12.3.1/../../../../arm-none-eabi/lib/thumb/v7e-m+fp/hard\libc_nano.a(libc_a-memcmp.o)
                              ./common/Thirdparty/SEGGER/Os/SEGGER_SYSVIEW_FreeRTOS.o (memcmp)
E:/ST/STM32CubeIDE_1.12.1/STM32CubeIDE/plugins/com.st.stm32cube.ide.mcu.externaltools.gnu-tools-for-stm32.12.3.rel1.win32_1.0.200.202406191623/tools/bin/../lib/gcc/arm-none-eabi/12.3.1/../../../../arm-none-eabi/lib/thumb/v7e-m+fp/hard\libc_nano.a(libc_a-memset.o)
                              E:/ST/STM32CubeIDE_1.12.1/STM32CubeIDE/plugins/com.st.stm32cube.ide.mcu.externaltools.gnu-tools-for-stm32.12.3.rel1.win32_1.0.200.202406191623/tools/bin/../lib/gcc/arm-none-eabi/12.3.1/../../../../arm-none-eabi/lib/thumb/v7e-m+fp/hard/crt0.o (memset)
E:/ST/STM32CubeIDE_1.12.1/STM32CubeIDE/plugins/com.st.stm32cube.ide.mcu.externaltools.gnu-tools-for-stm32.12.3.rel1.win32_1.0.200.202406191623/tools/bin/../lib/gcc/arm-none-eabi/12.3.1/../../../../arm-none-eabi/lib/thumb/v7e-m+fp/hard\libc_nano.a(libc_a-closer.o)
                              E:/ST/STM32CubeIDE_1.12.1/STM32CubeIDE/plugins/com.st.stm32cube.ide.mcu.externaltools.gnu-tools-for-stm32.12.3.rel1.win32_1.0.200.202406191623/tools/bin/../lib/gcc/arm-none-eabi/12.3.1/../../../../arm-none-eabi/lib/thumb/v7e-m+fp/hard\libc_nano.a(libc_a-stdio.o) (_close_r)
E:/ST/STM32CubeIDE_1.12.1/STM32CubeIDE/plugins/com.st.stm32cube.ide.mcu.externaltools.gnu-tools-for-stm32.12.3.rel1.win32_1.0.200.202406191623/tools/bin/../lib/gcc/arm-none-eabi/12.3.1/../../../../arm-none-eabi/lib/thumb/v7e-m+fp/hard\libc_nano.a(libc_a-reent.o)
                              E:/ST/STM32CubeIDE_1.12.1/STM32CubeIDE/plugins/com.st.stm32cube.ide.mcu.externaltools.gnu-tools-for-stm32.12.3.rel1.win32_1.0.200.202406191623/tools/bin/../lib/gcc/arm-none-eabi/12.3.1/../../../../arm-none-eabi/lib/thumb/v7e-m+fp/hard\libc_nano.a(libc_a-closer.o) (errno)
E:/ST/STM32CubeIDE_1.12.1/STM32CubeIDE/plugins/com.st.stm32cube.ide.mcu.externaltools.gnu-tools-for-stm32.12.3.rel1.win32_1.0.200.202406191623/tools/bin/../lib/gcc/arm-none-eabi/12.3.1/../../../../arm-none-eabi/lib/thumb/v7e-m+fp/hard\libc_nano.a(libc_a-impure.o)
                              E:/ST/STM32CubeIDE_1.12.1/STM32CubeIDE/plugins/com.st.stm32cube.ide.mcu.externaltools.gnu-tools-for-stm32.12.3.rel1.win32_1.0.200.202406191623/tools/bin/../lib/gcc/arm-none-eabi/12.3.1/../../../../arm-none-eabi/lib/thumb/v7e-m+fp/hard\libc_nano.a(libc_a-reent.o) (_impure_ptr)
[...]
Memory Configuration

Name             Origin             Length             Attributes
CCMRAM           0x10000000         0x00010000         xrw
RAM              0x20000000         0x00020000         xrw
FLASH            0x08000000         0x00100000         xr
*default*        0x00000000         0xffffffff

Linker script and memory map

LOAD E:/ST/STM32CubeIDE_1.12.1/STM32CubeIDE/plugins/com.st.stm32cube.ide.mcu.externaltools.gnu-tools-for-stm32.12.3.rel1.win32_1.0.200.202406191623/tools/bin/../lib/gcc/arm-none-eabi/12.3.1/thumb/v7e-m+fp/hard/crti.o
LOAD E:/ST/STM32CubeIDE_1.12.1/STM32CubeIDE/plugins/com.st.stm32cube.ide.mcu.externaltools.gnu-tools-for-stm32.12.3.rel1.win32_1.0.200.202406191623/tools/bin/../lib/gcc/arm-none-eabi/12.3.1/thumb/v7e-m+fp/hard/crtbegin.o
LOAD E:/ST/STM32CubeIDE_1.12.1/STM32CubeIDE/plugins/com.st.stm32cube.ide.mcu.externaltools.gnu-tools-for-stm32.12.3.rel1.win32_1.0.200.202406191623/tools/bin/../lib/gcc/arm-none-eabi/12.3.1/../../../../arm-none-eabi/lib/thumb/v7e-m+fp/hard/crt0.o
LOAD ./Core/Src/main.o
LOAD ./Core/Src/stm32f4xx_hal_msp.o
LOAD ./Core/Src/stm32f4xx_hal_timebase_tim.o
LOAD ./Core/Src/stm32f4xx_it.o
LOAD ./Core/Src/syscalls.o
LOAD ./Core/Src/sysmem.o
LOAD ./Core/Src/system_stm32f4xx.o
LOAD ./Core/Startup/startup_stm32f407vgtx.o
LOAD ./Drivers/STM32F4xx_HAL_Driver/Src/stm32f4xx_hal.o
LOAD ./Drivers/STM32F4xx_HAL_Driver/Src/stm32f4xx_hal_cortex.o
LOAD ./Drivers/STM32F4xx_HAL_Driver/Src/stm32f4xx_hal_dma.o
LOAD ./Drivers/STM32F4xx_HAL_Driver/Src/stm32f4xx_hal_dma_ex.o
LOAD ./Drivers/STM32F4xx_HAL_Driver/Src/stm32f4xx_hal_exti.o
LOAD ./Drivers/STM32F4xx_HAL_Driver/Src/stm32f4xx_hal_flash.o
LOAD ./Drivers/STM32F4xx_HAL_Driver/Src/stm32f4xx_hal_flash_ex.o
LOAD ./Drivers/STM32F4xx_HAL_Driver/Src/stm32f4xx_hal_flash_ramfunc.o
LOAD ./Drivers/STM32F4xx_HAL_Driver/Src/stm32f4xx_hal_gpio.o
LOAD ./Drivers/STM32F4xx_HAL_Driver/Src/stm32f4xx_hal_pwr.o
LOAD ./Drivers/STM32F4xx_HAL_Driver/Src/stm32f4xx_hal_pwr_ex.o
LOAD ./Drivers/STM32F4xx_HAL_Driver/Src/stm32f4xx_hal_rcc.o
LOAD ./Drivers/STM32F4xx_HAL_Driver/Src/stm32f4xx_hal_rcc_ex.o
LOAD ./Drivers/STM32F4xx_HAL_Driver/Src/stm32f4xx_hal_tim.o
LOAD ./Drivers/STM32F4xx_HAL_Driver/Src/stm32f4xx_hal_tim_ex.o
LOAD ./common/Thirdparty/FreeRTOS/croutine.o
LOAD ./common/Thirdparty/FreeRTOS/event_groups.o
LOAD ./common/Thirdparty/FreeRTOS/list.o
LOAD ./common/Thirdparty/FreeRTOS/queue.o
LOAD ./common/Thirdparty/FreeRTOS/stream_buffer.o
LOAD ./common/Thirdparty/FreeRTOS/tasks.o
LOAD ./common/Thirdparty/FreeRTOS/timers.o
LOAD ./common/Thirdparty/FreeRTOS/portable/GCC/ARM_CM4F/port.o
LOAD ./common/Thirdparty/FreeRTOS/portable/MemMang/heap_4.o
LOAD ./common/Thirdparty/SEGGER/Config/SEGGER_SYSVIEW_Config_FreeRTOS.o
LOAD ./common/Thirdparty/SEGGER/Os/SEGGER_SYSVIEW_FreeRTOS.o
LOAD ./common/Thirdparty/SEGGER/REC/segger_uart.o
LOAD ./common/Thirdparty/SEGGER/Segger/SEGGER_RTT.o
LOAD ./common/Thirdparty/SEGGER/Segger/SEGGER_RTT_ASM_ARMv7M.o
LOAD ./common/Thirdparty/SEGGER/Segger/SEGGER_RTT_printf.o
LOAD ./common/Thirdparty/SEGGER/Segger/SEGGER_SYSVIEW.o
LOAD ./common/Thirdparty/SEGGER/Segger/Syscalls/SEGGER_RTT_Syscalls_GCC.o
START GROUP
LOAD E:/ST/STM32CubeIDE_1.12.1/STM32CubeIDE/plugins/com.st.stm32cube.ide.mcu.externaltools.gnu-tools-for-stm32.12.3.rel1.win32_1.0.200.202406191623/tools/bin/../lib/gcc/arm-none-eabi/12.3.1/../../../../arm-none-eabi/lib/thumb/v7e-m+fp/hard\libc_nano.a
LOAD E:/ST/STM32CubeIDE_1.12.1/STM32CubeIDE/plugins/com.st.stm32cube.ide.mcu.externaltools.gnu-tools-for-stm32.12.3.rel1.win32_1.0.200.202406191623/tools/bin/../lib/gcc/arm-none-eabi/12.3.1/../../../../arm-none-eabi/lib/thumb/v7e-m+fp/hard\libm.a
END GROUP
START GROUP
LOAD E:/ST/STM32CubeIDE_1.12.1/STM32CubeIDE/plugins/com.st.stm32cube.ide.mcu.externaltools.gnu-tools-for-stm32.12.3.rel1.win32_1.0.200.202406191623/tools/bin/../lib/gcc/arm-none-eabi/12.3.1/thumb/v7e-m+fp/hard\libgcc.a
LOAD E:/ST/STM32CubeIDE_1.12.1/STM32CubeIDE/plugins/com.st.stm32cube.ide.mcu.externaltools.gnu-tools-for-stm32.12.3.rel1.win32_1.0.200.202406191623/tools/bin/../lib/gcc/arm-none-eabi/12.3.1/../../../../arm-none-eabi/lib/thumb/v7e-m+fp/hard\libc_nano.a
END GROUP
START GROUP
LOAD E:/ST/STM32CubeIDE_1.12.1/STM32CubeIDE/plugins/com.st.stm32cube.ide.mcu.externaltools.gnu-tools-for-stm32.12.3.rel1.win32_1.0.200.202406191623/tools/bin/../lib/gcc/arm-none-eabi/12.3.1/thumb/v7e-m+fp/hard\libgcc.a
LOAD E:/ST/STM32CubeIDE_1.12.1/STM32CubeIDE/plugins/com.st.stm32cube.ide.mcu.externaltools.gnu-tools-for-stm32.12.3.rel1.win32_1.0.200.202406191623/tools/bin/../lib/gcc/arm-none-eabi/12.3.1/../../../../arm-none-eabi/lib/thumb/v7e-m+fp/hard\libc_nano.a
LOAD E:/ST/STM32CubeIDE_1.12.1/STM32CubeIDE/plugins/com.st.stm32cube.ide.mcu.externaltools.gnu-tools-for-stm32.12.3.rel1.win32_1.0.200.202406191623/tools/bin/../lib/gcc/arm-none-eabi/12.3.1/../../../../arm-none-eabi/lib/thumb/v7e-m+fp/hard\libnosys.a
END GROUP
START GROUP
LOAD E:/ST/STM32CubeIDE_1.12.1/STM32CubeIDE/plugins/com.st.stm32cube.ide.mcu.externaltools.gnu-tools-for-stm32.12.3.rel1.win32_1.0.200.202406191623/tools/bin/../lib/gcc/arm-none-eabi/12.3.1/thumb/v7e-m+fp/hard\libgcc.a
LOAD E:/ST/STM32CubeIDE_1.12.1/STM32CubeIDE/plugins/com.st.stm32cube.ide.mcu.externaltools.gnu-tools-for-stm32.12.3.rel1.win32_1.0.200.202406191623/tools/bin/../lib/gcc/arm-none-eabi/12.3.1/../../../../arm-none-eabi/lib/thumb/v7e-m+fp/hard\libc_nano.a
LOAD E:/ST/STM32CubeIDE_1.12.1/STM32CubeIDE/plugins/com.st.stm32cube.ide.mcu.externaltools.gnu-tools-for-stm32.12.3.rel1.win32_1.0.200.202406191623/tools/bin/../lib/gcc/arm-none-eabi/12.3.1/../../../../arm-none-eabi/lib/thumb/v7e-m+fp/hard\libnosys.a
END GROUP
LOAD E:/ST/STM32CubeIDE_1.12.1/STM32CubeIDE/plugins/com.st.stm32cube.ide.mcu.externaltools.gnu-tools-for-stm32.12.3.rel1.win32_1.0.200.202406191623/tools/bin/../lib/gcc/arm-none-eabi/12.3.1/thumb/v7e-m+fp/hard/crtend.o
LOAD E:/ST/STM32CubeIDE_1.12.1/STM32CubeIDE/plugins/com.st.stm32cube.ide.mcu.externaltools.gnu-tools-for-stm32.12.3.rel1.win32_1.0.200.202406191623/tools/bin/../lib/gcc/arm-none-eabi/12.3.1/thumb/v7e-m+fp/hard/crtn.o
                0x20020000                        _estack = (ORIGIN (RAM) + LENGTH (RAM))
                0x00000200                        _Min_Heap_Size = 0x200
                0x00000400                        _Min_Stack_Size = 0x400

.isr_vector     0x08000000      0x188
                0x08000000                        . = ALIGN (0x4)
 *(.isr_vector)
 .isr_vector    0x08000000      0x188 ./Core/Startup/startup_stm32f407vgtx.o
                0x08000000                g_pfnVectors
                0x08000188                        . = ALIGN (0x4)

.text           0x08000190     0x69b4
                0x08000190                        . = ALIGN (0x4)
 *(.text)
 .text          0x08000190       0x40 E:/ST/STM32CubeIDE_1.12.1/STM32CubeIDE/plugins/com.st.stm32cube.ide.mcu.externaltools.gnu-tools-for-stm32.12.3.rel1.win32_1.0.200.202406191623/tools/bin/../lib/gcc/arm-none-eabi/12.3.1/thumb/v7e-m+fp/hard/crtbegin.o
 .text          0x080001d0       0x94 ./common/Thirdparty/SEGGER/Segger/SEGGER_RTT_ASM_ARMv7M.o
                0x080001d0                SEGGER_RTT_ASM_WriteSkipNoLock
 .text          0x08000264       0x30 E:/ST/STM32CubeIDE_1.12.1/STM32CubeIDE/plugins/com.st.stm32cube.ide.mcu.externaltools.gnu-tools-for-stm32.12.3.rel1.win32_1.0.200.202406191623/tools/bin/../lib/gcc/arm-none-eabi/12.3.1/thumb/v7e-m+fp/hard\libgcc.a(_aeabi_uldivmod.o)
                0x08000264                __aeabi_uldivmod
 .text          0x08000294      0x2bc E:/ST/STM32CubeIDE_1.12.1/STM32CubeIDE/plugins/com.st.stm32cube.ide.mcu.externaltools.gnu-tools-for-stm32.12.3.rel1.win32_1.0.200.202406191623/tools/bin/../lib/gcc/arm-none-eabi/12.3.1/thumb/v7e-m+fp/hard\libgcc.a(_udivmoddi4.o)
                0x08000294                __udivmoddi4
 .text          0x08000550        0x4 E:/ST/STM32CubeIDE_1.12.1/STM32CubeIDE/plugins/com.st.stm32cube.ide.mcu.externaltools.gnu-tools-for-stm32.12.3.rel1.win32_1.0.200.202406191623/tools/bin/../lib/gcc/arm-none-eabi/12.3.1/thumb/v7e-m+fp/hard\libgcc.a(_dvmd_tls.o)
                0x08000550                __aeabi_idiv0
                0x08000550                __aeabi_ldiv0
 *(.text*)
 .text.main     0x08000554      0x144 ./Core/Src/main.o
                0x08000554                main
 .text.SystemClock_Config
                0x08000698       0xd4 ./Core/Src/main.o
                0x08000698                SystemClock_Config
 .text.MX_GPIO_Init
                0x0800076c      0x2bc ./Core/Src/main.o
 .text.led_green_handler
                0x08000a28       0x74 ./Core/Src/main.o
 .text.led_red_handler
                0x08000a9c       0x6c ./Core/Src/main.o
 .text.led_blue_handler
                0x08000b08       0x74 ./Core/Src/main.o
 .text.button_handler
                0x08000b7c       0x78 ./Core/Src/main.o
 .text.HAL_TIM_PeriodElapsedCallback
                0x08000bf4       0x24 ./Core/Src/main.o
                0x08000bf4                HAL_TIM_PeriodElapsedCallback
 .text.Error_Handler
                0x08000c18        0xc ./Core/Src/main.o
                0x08000c18                Error_Handler
 .text.HAL_MspInit
                0x08000c24       0x50 ./Core/Src/stm32f4xx_hal_msp.o
                0x08000c24                HAL_MspInit
 .text.HAL_InitTick
                0x08000c74       0xf8 ./Core/Src/stm32f4xx_hal_timebase_tim.o
                0x08000c74                HAL_InitTick
 .text.NMI_Handler
                0x08000d6c        0x8 ./Core/Src/stm32f4xx_it.o
                0x08000d6c                NMI_Handler
 .text.HardFault_Handler
                0x08000d74        0x8 ./Core/Src/stm32f4xx_it.o
                0x08000d74                HardFault_Handler
 .text.MemManage_Handler
                0x08000d7c        0x8 ./Core/Src/stm32f4xx_it.o
                0x08000d7c                MemManage_Handler
 .text.BusFault_Handler
                0x08000d84        0x8 ./Core/Src/stm32f4xx_it.o
                0x08000d84                BusFault_Handler
 .text.UsageFault_Handler
                0x08000d8c        0x8 ./Core/Src/stm32f4xx_it.o
                0x08000d8c                UsageFault_Handler
 .text.DebugMon_Handler
                0x08000d94        0xe ./Core/Src/stm32f4xx_it.o
                0x08000d94                DebugMon_Handler
 *fill*         0x08000da2        0x2 
 .text.TIM6_DAC_IRQHandler
                0x08000da4       0x14 ./Core/Src/stm32f4xx_it.o
                0x08000da4                TIM6_DAC_IRQHandler
 .text.SystemInit
                0x08000db8       0x24 ./Core/Src/system_stm32f4xx.o
                0x08000db8                SystemInit
 .text.Reset_Handler
                0x08000ddc       0x50 ./Core/Startup/startup_stm32f407vgtx.o
                0x08000ddc                Reset_Handler
 .text.Default_Handler
                0x08000e2c        0x2 ./Core/Startup/startup_stm32f407vgtx.o
                0x08000e2c                RTC_Alarm_IRQHandler
                0x08000e2c                HASH_RNG_IRQHandler
                0x08000e2c                EXTI2_IRQHandler
                0x08000e2c                TIM8_CC_IRQHandler
                0x08000e2c                TIM1_CC_IRQHandler
                0x08000e2c                DMA2_Stream5_IRQHandler
                0x08000e2c                DMA1_Stream5_IRQHandler
                0x08000e2c                PVD_IRQHandler
                0x08000e2c                SDIO_IRQHandler
                0x08000e2c                TAMP_STAMP_IRQHandler
                0x08000e2c                CAN2_RX1_IRQHandler
                0x08000e2c                EXTI3_IRQHandler
                0x08000e2c                TIM8_TRG_COM_TIM14_IRQHandler
                0x08000e2c                TIM1_UP_TIM10_IRQHandler
                0x08000e2c                TIM8_UP_TIM13_IRQHandler
                0x08000e2c                I2C3_ER_IRQHandler
                0x08000e2c                EXTI0_IRQHandler
                0x08000e2c                I2C2_EV_IRQHandler
                0x08000e2c                DMA1_Stream2_IRQHandler
                0x08000e2c                CAN1_RX0_IRQHandler
                0x08000e2c                FPU_IRQHandler
                0x08000e2c                OTG_HS_WKUP_IRQHandler
                0x08000e2c                CAN2_SCE_IRQHandler
                0x08000e2c                DMA2_Stream2_IRQHandler
                0x08000e2c                SPI1_IRQHandler
                0x08000e2c                TIM1_BRK_TIM9_IRQHandler
                0x08000e2c                DCMI_IRQHandler
                0x08000e2c                CAN2_RX0_IRQHandler
                0x08000e2c                DMA2_Stream3_IRQHandler
                0x08000e2c                USART6_IRQHandler
                0x08000e2c                USART3_IRQHandler
                0x08000e2c                CAN1_RX1_IRQHandler
                0x08000e2c                UART5_IRQHandler
                0x08000e2c                DMA2_Stream0_IRQHandler
                0x08000e2c                TIM4_IRQHandler
                0x08000e2c                I2C1_EV_IRQHandler
                0x08000e2c                DMA1_Stream6_IRQHandler
                0x08000e2c                DMA1_Stream1_IRQHandler
                0x08000e2c                UART4_IRQHandler
                0x08000e2c                TIM3_IRQHandler
                0x08000e2c                RCC_IRQHandler
                0x08000e2c                TIM8_BRK_TIM12_IRQHandler
                0x08000e2c                Default_Handler
                0x08000e2c                EXTI15_10_IRQHandler
                0x08000e2c                ADC_IRQHandler
                0x08000e2c                DMA1_Stream7_IRQHandler
                0x08000e2c                TIM7_IRQHandler
                0x08000e2c                CAN2_TX_IRQHandler
                0x08000e2c                TIM5_IRQHandler
                0x08000e2c                DMA2_Stream7_IRQHandler
                0x08000e2c                I2C3_EV_IRQHandler
                0x08000e2c                EXTI9_5_IRQHandler
                0x08000e2c                RTC_WKUP_IRQHandler
                0x08000e2c                ETH_WKUP_IRQHandler
                0x08000e2c                SPI2_IRQHandler
                0x08000e2c                OTG_HS_EP1_IN_IRQHandler
                0x08000e2c                DMA1_Stream0_IRQHandler
                0x08000e2c                CAN1_TX_IRQHandler
                0x08000e2c                EXTI4_IRQHandler
                0x08000e2c                FSMC_IRQHandler
                0x08000e2c                ETH_IRQHandler
                0x08000e2c                OTG_HS_EP1_OUT_IRQHandler
                0x08000e2c                WWDG_IRQHandler
                0x08000e2c                TIM2_IRQHandler
                0x08000e2c                OTG_FS_WKUP_IRQHandler
                0x08000e2c                TIM1_TRG_COM_TIM11_IRQHandler
                0x08000e2c                OTG_HS_IRQHandler
                0x08000e2c                EXTI1_IRQHandler
                0x08000e2c                I2C2_ER_IRQHandler
                0x08000e2c                DMA2_Stream1_IRQHandler
                0x08000e2c                CAN1_SCE_IRQHandler
                0x08000e2c                FLASH_IRQHandler
                0x08000e2c                DMA2_Stream4_IRQHandler
                0x08000e2c                USART1_IRQHandler
                0x08000e2c                OTG_FS_IRQHandler
                0x08000e2c                SPI3_IRQHandler
                0x08000e2c                DMA1_Stream4_IRQHandler
                0x08000e2c                I2C1_ER_IRQHandler
                0x08000e2c                DMA2_Stream6_IRQHandler
                0x08000e2c                DMA1_Stream3_IRQHandler
 *fill*         0x08000e2e        0x2 
 .text.HAL_Init
                0x08000e30       0x44 ./Drivers/STM32F4xx_HAL_Driver/Src/stm32f4xx_hal.o
                0x08000e30                HAL_Init
 .text.HAL_IncTick
                0x08000e74       0x28 ./Drivers/STM32F4xx_HAL_Driver/Src/stm32f4xx_hal.o
                0x08000e74                HAL_IncTick
 .text.HAL_GetTick
                0x08000e9c       0x18 ./Drivers/STM32F4xx_HAL_Driver/Src/stm32f4xx_hal.o
                0x08000e9c                HAL_GetTick
 .text.__NVIC_SetPriorityGrouping
                0x08000eb4       0x48 ./Drivers/STM32F4xx_HAL_Driver/Src/stm32f4xx_hal_cortex.o
 .text.__NVIC_GetPriorityGrouping
                0x08000efc       0x1c ./Drivers/STM32F4xx_HAL_Driver/Src/stm32f4xx_hal_cortex.o
 .text.__NVIC_EnableIRQ
                0x08000f18       0x3c ./Drivers/STM32F4xx_HAL_Driver/Src/stm32f4xx_hal_cortex.o
 .text.__NVIC_SetPriority
                0x08000f54       0x54 ./Drivers/STM32F4xx_HAL_Driver/Src/stm32f4xx_hal_cortex.o
 .text.NVIC_EncodePriority
                0x08000fa8       0x66 ./Drivers/STM32F4xx_HAL_Driver/Src/stm32f4xx_hal_cortex.o
 .text.HAL_NVIC_SetPriorityGrouping
                0x0800100e       0x16 ./Drivers/STM32F4xx_HAL_Driver/Src/stm32f4xx_hal_cortex.o
                0x0800100e                HAL_NVIC_SetPriorityGrouping
 .text.HAL_NVIC_SetPriority
                0x08001024       0x38 ./Drivers/STM32F4xx_HAL_Driver/Src/stm32f4xx_hal_cortex.o
                0x08001024                HAL_NVIC_SetPriority
 .text.HAL_NVIC_EnableIRQ
                0x0800105c       0x1c ./Drivers/STM32F4xx_HAL_Driver/Src/stm32f4xx_hal_cortex.o
                0x0800105c                HAL_NVIC_EnableIRQ
 .text.HAL_GPIO_Init
                0x08001078      0x338 ./Drivers/STM32F4xx_HAL_Driver/Src/stm32f4xx_hal_gpio.o
                0x08001078                HAL_GPIO_Init
 .text.HAL_GPIO_ReadPin
                0x080013b0       0x30 ./Drivers/STM32F4xx_HAL_Driver/Src/stm32f4xx_hal_gpio.o
                0x080013b0                HAL_GPIO_ReadPin
 .text.HAL_GPIO_WritePin
                0x080013e0       0x32 ./Drivers/STM32F4xx_HAL_Driver/Src/stm32f4xx_hal_gpio.o
                0x080013e0                HAL_GPIO_WritePin
 .text.HAL_GPIO_TogglePin
                0x08001412       0x34 ./Drivers/STM32F4xx_HAL_Driver/Src/stm32f4xx_hal_gpio.o
                0x08001412                HAL_GPIO_TogglePin
 *fill*         0x08001446        0x2 
 .text.HAL_RCC_OscConfig
                0x08001448      0x4f0 ./Drivers/STM32F4xx_HAL_Driver/Src/stm32f4xx_hal_rcc.o
                0x08001448                HAL_RCC_OscConfig
 .text.HAL_RCC_ClockConfig
                0x08001938      0x1cc ./Drivers/STM32F4xx_HAL_Driver/Src/stm32f4xx_hal_rcc.o
                0x08001938                HAL_RCC_ClockConfig
 .text.HAL_RCC_GetSysClockFreq
                0x08001b04      0x20c ./Drivers/STM32F4xx_HAL_Driver/Src/stm32f4xx_hal_rcc.o
                0x08001b04                HAL_RCC_GetSysClockFreq
 .text.HAL_RCC_GetHCLKFreq
                0x08001d10       0x18 ./Drivers/STM32F4xx_HAL_Driver/Src/stm32f4xx_hal_rcc.o
                0x08001d10                HAL_RCC_GetHCLKFreq
 .text.HAL_RCC_GetPCLK1Freq
                0x08001d28       0x28 ./Drivers/STM32F4xx_HAL_Driver/Src/stm32f4xx_hal_rcc.o
                0x08001d28                HAL_RCC_GetPCLK1Freq
 .text.HAL_RCC_GetClockConfig
                0x08001d50       0x64 ./Drivers/STM32F4xx_HAL_Driver/Src/stm32f4xx_hal_rcc.o
                0x08001d50                HAL_RCC_GetClockConfig
 .text.HAL_TIM_Base_Init
                0x08001db4       0x9e ./Drivers/STM32F4xx_HAL_Driver/Src/stm32f4xx_hal_tim.o
                0x08001db4                HAL_TIM_Base_Init
 .text.HAL_TIM_Base_MspInit
                0x08001e52       0x14 ./Drivers/STM32F4xx_HAL_Driver/Src/stm32f4xx_hal_tim.o
                0x08001e52                HAL_TIM_Base_MspInit
 *fill*         0x08001e66        0x2 
 .text.HAL_TIM_Base_Start_IT
                0x08001e68       0xe0 ./Drivers/STM32F4xx_HAL_Driver/Src/stm32f4xx_hal_tim.o
                0x08001e68                HAL_TIM_Base_Start_IT
 .text.HAL_TIM_IRQHandler
                0x08001f48      0x1e0 ./Drivers/STM32F4xx_HAL_Driver/Src/stm32f4xx_hal_tim.o
                0x08001f48                HAL_TIM_IRQHandler
 .text.HAL_TIM_OC_DelayElapsedCallback
                0x08002128       0x14 ./Drivers/STM32F4xx_HAL_Driver/Src/stm32f4xx_hal_tim.o
                0x08002128                HAL_TIM_OC_DelayElapsedCallback
 .text.HAL_TIM_IC_CaptureCallback
                0x0800213c       0x14 ./Drivers/STM32F4xx_HAL_Driver/Src/stm32f4xx_hal_tim.o
                0x0800213c                HAL_TIM_IC_CaptureCallback
 .text.HAL_TIM_PWM_PulseFinishedCallback
                0x08002150       0x14 ./Drivers/STM32F4xx_HAL_Driver/Src/stm32f4xx_hal_tim.o
                0x08002150                HAL_TIM_PWM_PulseFinishedCallback
 .text.HAL_TIM_TriggerCallback
                0x08002164       0x14 ./Drivers/STM32F4xx_HAL_Driver/Src/stm32f4xx_hal_tim.o
                0x08002164                HAL_TIM_TriggerCallback
 .text.TIM_Base_SetConfig
                0x08002178      0x158 ./Drivers/STM32F4xx_HAL_Driver/Src/stm32f4xx_hal_tim.o
                0x08002178                TIM_Base_SetConfig
 .text.HAL_TIMEx_CommutCallback
                0x080022d0       0x14 ./Drivers/STM32F4xx_HAL_Driver/Src/stm32f4xx_hal_tim_ex.o
                0x080022d0                HAL_TIMEx_CommutCallback
 .text.HAL_TIMEx_BreakCallback
                0x080022e4       0x14 ./Drivers/STM32F4xx_HAL_Driver/Src/stm32f4xx_hal_tim_ex.o
                0x080022e4                HAL_TIMEx_BreakCallback
 .text.vListInitialise
                0x080022f8       0x44 ./common/Thirdparty/FreeRTOS/list.o
                0x080022f8                vListInitialise
 .text.vListInitialiseItem
                0x0800233c       0x1e ./common/Thirdparty/FreeRTOS/list.o
                0x0800233c                vListInitialiseItem
 .text.vListInsertEnd
                0x0800235a       0x4c ./common/Thirdparty/FreeRTOS/list.o
                0x0800235a                vListInsertEnd
 .text.vListInsert
                0x080023a6       0x76 ./common/Thirdparty/FreeRTOS/list.o
                0x080023a6                vListInsert
 .text.uxListRemove
                0x0800241c       0x5e ./common/Thirdparty/FreeRTOS/list.o
                0x0800241c                uxListRemove
 .text.prvCreateTask
                0x0800247a       0x78 ./common/Thirdparty/FreeRTOS/tasks.o
 .text.xTaskCreate
                0x080024f2       0x50 ./common/Thirdparty/FreeRTOS/tasks.o
                0x080024f2                xTaskCreate
 .text.prvInitialiseNewTask
                0x08002542      0x120 ./common/Thirdparty/FreeRTOS/tasks.o
 *fill*         0x08002662        0x2 
 .text.prvAddNewTaskToReadyList
                0x08002664      0x16c ./common/Thirdparty/FreeRTOS/tasks.o
 .text.vTaskDelay
                0x080027d0       0x70 ./common/Thirdparty/FreeRTOS/tasks.o
                0x080027d0                vTaskDelay
 .text.vTaskSuspend
                0x08002840      0x168 ./common/Thirdparty/FreeRTOS/tasks.o
                0x08002840                vTaskSuspend
 .text.prvCreateIdleTasks
                0x080029a8       0xac ./common/Thirdparty/FreeRTOS/tasks.o
 .text.vTaskStartScheduler
                0x08002a54       0xa8 ./common/Thirdparty/FreeRTOS/tasks.o
                0x08002a54                vTaskStartScheduler
 .text.vTaskSuspendAll
                0x08002afc       0x1c ./common/Thirdparty/FreeRTOS/tasks.o
                0x08002afc                vTaskSuspendAll
 .text.xTaskResumeAll
                0x08002b18      0x224 ./common/Thirdparty/FreeRTOS/tasks.o
                0x08002b18                xTaskResumeAll
 .text.xTaskGetTickCountFromISR
                0x08002d3c       0x2c ./common/Thirdparty/FreeRTOS/tasks.o
                0x08002d3c                xTaskGetTickCountFromISR
 .text.xTaskIncrementTick
                0x08002d68      0x244 ./common/Thirdparty/FreeRTOS/tasks.o
                0x08002d68                xTaskIncrementTick
 .text.vTaskSwitchContext
                0x08002fac       0xd8 ./common/Thirdparty/FreeRTOS/tasks.o
                0x08002fac                vTaskSwitchContext
 .text.prvIdleTask
                0x08003084       0x30 ./common/Thirdparty/FreeRTOS/tasks.o
 .text.prvInitialiseTaskLists
                0x080030b4       0x80 ./common/Thirdparty/FreeRTOS/tasks.o
 .text.prvCheckTasksWaitingTermination
                0x08003134       0x5c ./common/Thirdparty/FreeRTOS/tasks.o
 .text.prvDeleteTCB
                0x08003190       0x20 ./common/Thirdparty/FreeRTOS/tasks.o
 .text.prvResetNextTaskUnblockTime
                0x080031b0       0x38 ./common/Thirdparty/FreeRTOS/tasks.o
 .text.xTaskGenericNotifyWait
                0x080031e8      0x144 ./common/Thirdparty/FreeRTOS/tasks.o
                0x080031e8                xTaskGenericNotifyWait
 .text.xTaskGenericNotify
                0x0800332c      0x268 ./common/Thirdparty/FreeRTOS/tasks.o
                0x0800332c                xTaskGenericNotify
 .text.prvAddCurrentTaskToDelayedList
                0x08003594      0x11c ./common/Thirdparty/FreeRTOS/tasks.o
 .text.pxPortInitialiseStack
                0x080036b0       0x68 ./common/Thirdparty/FreeRTOS/portable/GCC/ARM_CM4F/port.o
                0x080036b0                pxPortInitialiseStack
 .text.prvTaskExitError
                0x08003718       0x5c ./common/Thirdparty/FreeRTOS/portable/GCC/ARM_CM4F/port.o
 *fill*         0x08003774        0xc 
 .text.SVC_Handler
                0x08003780       0x28 ./common/Thirdparty/FreeRTOS/portable/GCC/ARM_CM4F/port.o
                0x08003780                SVC_Handler
 .text.prvPortStartFirstTask
                0x080037a8       0x2c ./common/Thirdparty/FreeRTOS/portable/GCC/ARM_CM4F/port.o
 .text.xPortStartScheduler
                0x080037d4      0x1e0 ./common/Thirdparty/FreeRTOS/portable/GCC/ARM_CM4F/port.o
                0x080037d4                xPortStartScheduler
 .text.vInitPrioGroupValue
                0x080039b4      0x100 ./common/Thirdparty/FreeRTOS/portable/GCC/ARM_CM4F/port.o
                0x080039b4                vInitPrioGroupValue
 .text.vPortEnterCritical
                0x08003ab4       0x64 ./common/Thirdparty/FreeRTOS/portable/GCC/ARM_CM4F/port.o
                0x08003ab4                vPortEnterCritical
 .text.vPortExitCritical
                0x08003b18       0x54 ./common/Thirdparty/FreeRTOS/portable/GCC/ARM_CM4F/port.o
                0x08003b18                vPortExitCritical
 *fill*         0x08003b6c        0x4 
 .text.PendSV_Handler
                0x08003b70       0x68 ./common/Thirdparty/FreeRTOS/portable/GCC/ARM_CM4F/port.o
                0x08003b70                PendSV_Handler
 .text.SysTick_Handler
                0x08003bd8       0x54 ./common/Thirdparty/FreeRTOS/portable/GCC/ARM_CM4F/port.o
                0x08003bd8                SysTick_Handler
 .text.vPortSetupTimerInterrupt
                0x08003c2c       0x48 ./common/Thirdparty/FreeRTOS/portable/GCC/ARM_CM4F/port.o
                0x08003c2c                vPortSetupTimerInterrupt
 .text.vPortEnableVFP
                0x08003c74       0x18 ./common/Thirdparty/FreeRTOS/portable/GCC/ARM_CM4F/port.o
 .text.vPortValidateInterruptPriority
                0x08003c8c       0x84 ./common/Thirdparty/FreeRTOS/portable/GCC/ARM_CM4F/port.o
                0x08003c8c                vPortValidateInterruptPriority
 .text.pvPortMalloc
                0x08003d10      0x270 ./common/Thirdparty/FreeRTOS/portable/MemMang/heap_4.o
                0x08003d10                pvPortMalloc
 .text.vPortFree
                0x08003f80       0xf4 ./common/Thirdparty/FreeRTOS/portable/MemMang/heap_4.o
                0x08003f80                vPortFree
 .text.prvHeapInit
                0x08004074       0xb4 ./common/Thirdparty/FreeRTOS/portable/MemMang/heap_4.o
 .text.prvInsertBlockIntoFreeList
                0x08004128       0xf4 ./common/Thirdparty/FreeRTOS/portable/MemMang/heap_4.o
 .text._cbSendSystemDesc
                0x0800421c       0x1c ./common/Thirdparty/SEGGER/Config/SEGGER_SYSVIEW_Config_FreeRTOS.o
 .text.SEGGER_SYSVIEW_Conf
                0x08004238       0x2c ./common/Thirdparty/SEGGER/Config/SEGGER_SYSVIEW_Config_FreeRTOS.o
                0x08004238                SEGGER_SYSVIEW_Conf
 .text._cbSendTaskList
                0x08004264       0x90 ./common/Thirdparty/SEGGER/Os/SEGGER_SYSVIEW_FreeRTOS.o
 .text._cbGetTime
                0x080042f4       0x86 ./common/Thirdparty/SEGGER/Os/SEGGER_SYSVIEW_FreeRTOS.o
 *fill*         0x0800437a        0x2 
 .text.SYSVIEW_AddTask
                0x0800437c       0xd0 ./common/Thirdparty/SEGGER/Os/SEGGER_SYSVIEW_FreeRTOS.o
                0x0800437c                SYSVIEW_AddTask
 .text.SYSVIEW_SendTaskInfo
                0x0800444c       0x42 ./common/Thirdparty/SEGGER/Os/SEGGER_SYSVIEW_FreeRTOS.o
                0x0800444c                SYSVIEW_SendTaskInfo
 *fill*         0x0800448e        0x2 
 .text.__NVIC_EnableIRQ
                0x08004490       0x3c ./common/Thirdparty/SEGGER/REC/segger_uart.o
 .text.__NVIC_SetPriority
                0x080044cc       0x54 ./common/Thirdparty/SEGGER/REC/segger_uart.o
 .text._StartSysView
                0x08004520       0x1e ./common/Thirdparty/SEGGER/REC/segger_uart.o
 *fill*         0x0800453e        0x2 
 .text._cbOnUARTRx
                0x08004540       0x40 ./common/Thirdparty/SEGGER/REC/segger_uart.o
 .text._cbOnUARTTx
                0x08004580       0x64 ./common/Thirdparty/SEGGER/REC/segger_uart.o
 .text.SEGGER_UART_init
                0x080045e4       0x24 ./common/Thirdparty/SEGGER/REC/segger_uart.o
                0x080045e4                SEGGER_UART_init
 .text.USART2_IRQHandler
                0x08004608       0x94 ./common/Thirdparty/SEGGER/REC/segger_uart.o
                0x08004608                USART2_IRQHandler
 .text.HIF_UART_EnableTXEInterrupt
                0x0800469c       0x20 ./common/Thirdparty/SEGGER/REC/segger_uart.o
                0x0800469c                HIF_UART_EnableTXEInterrupt
 .text.HIF_UART_Init
                0x080046bc       0xf4 ./common/Thirdparty/SEGGER/REC/segger_uart.o
                0x080046bc                HIF_UART_Init
 .text._DoInit  0x080047b0       0xb4 ./common/Thirdparty/SEGGER/Segger/SEGGER_RTT.o
 .text._WriteBlocking
                0x08004864       0xba ./common/Thirdparty/SEGGER/Segger/SEGGER_RTT.o
 .text._WriteNoCheck
                0x0800491e       0x90 ./common/Thirdparty/SEGGER/Segger/SEGGER_RTT.o
 .text._GetAvailWriteSpace
                0x080049ae       0x46 ./common/Thirdparty/SEGGER/Segger/SEGGER_RTT.o
 .text.SEGGER_RTT_ReadUpBufferNoLock
                0x080049f4      0x10c ./common/Thirdparty/SEGGER/Segger/SEGGER_RTT.o
                0x080049f4                SEGGER_RTT_ReadUpBufferNoLock
 .text.SEGGER_RTT_ReadNoLock
                0x08004b00      0x10c ./common/Thirdparty/SEGGER/Segger/SEGGER_RTT.o
                0x08004b00                SEGGER_RTT_ReadNoLock
 .text.SEGGER_RTT_WriteDownBufferNoLock
                0x08004c0c       0xa0 ./common/Thirdparty/SEGGER/Segger/SEGGER_RTT.o
                0x08004c0c                SEGGER_RTT_WriteDownBufferNoLock
 .text.SEGGER_RTT_WriteDownBuffer
                0x08004cac       0x4c ./common/Thirdparty/SEGGER/Segger/SEGGER_RTT.o
                0x08004cac                SEGGER_RTT_WriteDownBuffer
 .text.SEGGER_RTT_AllocUpBuffer
                0x08004cf8      0x108 ./common/Thirdparty/SEGGER/Segger/SEGGER_RTT.o
                0x08004cf8                SEGGER_RTT_AllocUpBuffer
 .text.SEGGER_RTT_ConfigDownBuffer
                0x08004e00       0x98 ./common/Thirdparty/SEGGER/Segger/SEGGER_RTT.o
                0x08004e00                SEGGER_RTT_ConfigDownBuffer
 .text._EncodeStr
                0x08004e98       0x72 ./common/Thirdparty/SEGGER/Segger/SEGGER_SYSVIEW.o
 .text._PreparePacket
                0x08004f0a       0x18 ./common/Thirdparty/SEGGER/Segger/SEGGER_SYSVIEW.o
 *fill*         0x08004f22        0x2 
 .text._HandleIncomingPacket
                0x08004f24       0xdc ./common/Thirdparty/SEGGER/Segger/SEGGER_SYSVIEW.o
 .text._TrySendOverflowPacket
                0x08005000       0xe8 ./common/Thirdparty/SEGGER/Segger/SEGGER_SYSVIEW.o
 .text._SendPacket
                0x080050e8      0x2e0 ./common/Thirdparty/SEGGER/Segger/SEGGER_SYSVIEW.o
 .text._StoreChar
                0x080053c8       0xf6 ./common/Thirdparty/SEGGER/Segger/SEGGER_SYSVIEW.o
 *fill*         0x080054be        0x2 
 .text._PrintUnsigned
                0x080054c0      0x12c ./common/Thirdparty/SEGGER/Segger/SEGGER_SYSVIEW.o
 .text._PrintInt
                0x080055ec      0x11e ./common/Thirdparty/SEGGER/Segger/SEGGER_SYSVIEW.o
 *fill*         0x0800570a        0x2 
 .text._VPrintTarget
                0x0800570c      0x440 ./common/Thirdparty/SEGGER/Segger/SEGGER_SYSVIEW.o
 .text.SEGGER_SYSVIEW_Init
                0x08005b4c       0x88 ./common/Thirdparty/SEGGER/Segger/SEGGER_SYSVIEW.o
                0x08005b4c                SEGGER_SYSVIEW_Init
 .text.SEGGER_SYSVIEW_SetRAMBase
                0x08005bd4       0x20 ./common/Thirdparty/SEGGER/Segger/SEGGER_SYSVIEW.o
                0x08005bd4                SEGGER_SYSVIEW_SetRAMBase
 .text.SEGGER_SYSVIEW_RecordVoid
                0x08005bf4       0x3c ./common/Thirdparty/SEGGER/Segger/SEGGER_SYSVIEW.o
                0x08005bf4                SEGGER_SYSVIEW_RecordVoid
 .text.SEGGER_SYSVIEW_RecordU32
                0x08005c30       0x78 ./common/Thirdparty/SEGGER/Segger/SEGGER_SYSVIEW.o
                0x08005c30                SEGGER_SYSVIEW_RecordU32
 .text.SEGGER_SYSVIEW_RecordU32x2
                0x08005ca8       0xb4 ./common/Thirdparty/SEGGER/Segger/SEGGER_SYSVIEW.o
                0x08005ca8                SEGGER_SYSVIEW_RecordU32x2
 .text.SEGGER_SYSVIEW_Start
                0x08005d5c      0x178 ./common/Thirdparty/SEGGER/Segger/SEGGER_SYSVIEW.o
                0x08005d5c                SEGGER_SYSVIEW_Start
 .text.SEGGER_SYSVIEW_Stop
                0x08005ed4       0x4c ./common/Thirdparty/SEGGER/Segger/SEGGER_SYSVIEW.o
                0x08005ed4                SEGGER_SYSVIEW_Stop
 .text.SEGGER_SYSVIEW_GetSysDesc
                0x08005f20      0x134 ./common/Thirdparty/SEGGER/Segger/SEGGER_SYSVIEW.o
                0x08005f20                SEGGER_SYSVIEW_GetSysDesc
 .text.SEGGER_SYSVIEW_SendTaskInfo
                0x08006054      0x1c8 ./common/Thirdparty/SEGGER/Segger/SEGGER_SYSVIEW.o
                0x08006054                SEGGER_SYSVIEW_SendTaskInfo
 .text.SEGGER_SYSVIEW_SendTaskList
                0x0800621c       0x28 ./common/Thirdparty/SEGGER/Segger/SEGGER_SYSVIEW.o
                0x0800621c                SEGGER_SYSVIEW_SendTaskList
 .text.SEGGER_SYSVIEW_SendSysDesc
                0x08006244       0x48 ./common/Thirdparty/SEGGER/Segger/SEGGER_SYSVIEW.o
                0x08006244                SEGGER_SYSVIEW_SendSysDesc
 .text.SEGGER_SYSVIEW_RecordSystime
                0x0800628c       0x64 ./common/Thirdparty/SEGGER/Segger/SEGGER_SYSVIEW.o
                0x0800628c                SEGGER_SYSVIEW_RecordSystime
 .text.SEGGER_SYSVIEW_RecordEnterISR
                0x080062f0       0x84 ./common/Thirdparty/SEGGER/Segger/SEGGER_SYSVIEW.o
                0x080062f0                SEGGER_SYSVIEW_RecordEnterISR
 .text.SEGGER_SYSVIEW_RecordExitISR
                0x08006374       0x38 ./common/Thirdparty/SEGGER/Segger/SEGGER_SYSVIEW.o
                0x08006374                SEGGER_SYSVIEW_RecordExitISR
 .text.SEGGER_SYSVIEW_RecordExitISRToScheduler
                0x080063ac       0x38 ./common/Thirdparty/SEGGER/Segger/SEGGER_SYSVIEW.o
                0x080063ac                SEGGER_SYSVIEW_RecordExitISRToScheduler
 .text.SEGGER_SYSVIEW_RecordEndCall
                0x080063e4       0x78 ./common/Thirdparty/SEGGER/Segger/SEGGER_SYSVIEW.o
                0x080063e4                SEGGER_SYSVIEW_RecordEndCall
 .text.SEGGER_SYSVIEW_RecordEndCallU32
                0x0800645c       0xb0 ./common/Thirdparty/SEGGER/Segger/SEGGER_SYSVIEW.o
                0x0800645c                SEGGER_SYSVIEW_RecordEndCallU32
 .text.SEGGER_SYSVIEW_OnIdle
                0x0800650c       0x38 ./common/Thirdparty/SEGGER/Segger/SEGGER_SYSVIEW.o
                0x0800650c                SEGGER_SYSVIEW_OnIdle
 .text.SEGGER_SYSVIEW_OnTaskCreate
                0x08006544       0x84 ./common/Thirdparty/SEGGER/Segger/SEGGER_SYSVIEW.o
                0x08006544                SEGGER_SYSVIEW_OnTaskCreate
 .text.SEGGER_SYSVIEW_OnTaskStartExec
                0x080065c8       0x84 ./common/Thirdparty/SEGGER/Segger/SEGGER_SYSVIEW.o
                0x080065c8                SEGGER_SYSVIEW_OnTaskStartExec
 .text.SEGGER_SYSVIEW_OnTaskStartReady
                0x0800664c       0x84 ./common/Thirdparty/SEGGER/Segger/SEGGER_SYSVIEW.o
                0x0800664c                SEGGER_SYSVIEW_OnTaskStartReady
 .text.SEGGER_SYSVIEW_OnTaskStopReady
                0x080066d0       0xc0 ./common/Thirdparty/SEGGER/Segger/SEGGER_SYSVIEW.o
                0x080066d0                SEGGER_SYSVIEW_OnTaskStopReady
 .text.SEGGER_SYSVIEW_SendModule
                0x08006790      0x114 ./common/Thirdparty/SEGGER/Segger/SEGGER_SYSVIEW.o
                0x08006790                SEGGER_SYSVIEW_SendModule
 .text.SEGGER_SYSVIEW_SendModuleDescription
                0x080068a4       0x3c ./common/Thirdparty/SEGGER/Segger/SEGGER_SYSVIEW.o
                0x080068a4                SEGGER_SYSVIEW_SendModuleDescription
 .text.SEGGER_SYSVIEW_SendNumModules
                0x080068e0       0x7c ./common/Thirdparty/SEGGER/Segger/SEGGER_SYSVIEW.o
                0x080068e0                SEGGER_SYSVIEW_SendNumModules
 .text.SEGGER_SYSVIEW_PrintfTarget
                0x0800695c       0x28 ./common/Thirdparty/SEGGER/Segger/SEGGER_SYSVIEW.o
                0x0800695c                SEGGER_SYSVIEW_PrintfTarget
 .text.SEGGER_SYSVIEW_Warn
                0x08006984       0xb8 ./common/Thirdparty/SEGGER/Segger/SEGGER_SYSVIEW.o
                0x08006984                SEGGER_SYSVIEW_Warn
 .text.SEGGER_SYSVIEW_IsStarted
                0x08006a3c       0x5c ./common/Thirdparty/SEGGER/Segger/SEGGER_SYSVIEW.o
                0x08006a3c                SEGGER_SYSVIEW_IsStarted
 .text.memcmp   0x08006a98       0x20 E:/ST/STM32CubeIDE_1.12.1/STM32CubeIDE/plugins/com.st.stm32cube.ide.mcu.externaltools.gnu-tools-for-stm32.12.3.rel1.win32_1.0.200.202406191623/tools/bin/../lib/gcc/arm-none-eabi/12.3.1/../../../../arm-none-eabi/lib/thumb/v7e-m+fp/hard\libc_nano.a(libc_a-memcmp.o)
                0x08006a98                memcmp
 .text.memset   0x08006ab8       0x10 E:/ST/STM32CubeIDE_1.12.1/STM32CubeIDE/plugins/com.st.stm32cube.ide.mcu.externaltools.gnu-tools-for-stm32.12.3.rel1.win32_1.0.200.202406191623/tools/bin/../lib/gcc/arm-none-eabi/12.3.1/../../../../arm-none-eabi/lib/thumb/v7e-m+fp/hard\libc_nano.a(libc_a-memset.o)
                0x08006ab8                memset
 .text.__libc_init_array
                0x08006ac8       0x48 E:/ST/STM32CubeIDE_1.12.1/STM32CubeIDE/plugins/com.st.stm32cube.ide.mcu.externaltools.gnu-tools-for-stm32.12.3.rel1.win32_1.0.200.202406191623/tools/bin/../lib/gcc/arm-none-eabi/12.3.1/../../../../arm-none-eabi/lib/thumb/v7e-m+fp/hard\libc_nano.a(libc_a-init.o)
                0x08006ac8                __libc_init_array
 .text.memcpy   0x08006b10       0x1c E:/ST/STM32CubeIDE_1.12.1/STM32CubeIDE/plugins/com.st.stm32cube.ide.mcu.externaltools.gnu-tools-for-stm32.12.3.rel1.win32_1.0.200.202406191623/tools/bin/../lib/gcc/arm-none-eabi/12.3.1/../../../../arm-none-eabi/lib/thumb/v7e-m+fp/hard\libc_nano.a(libc_a-memcpy-stub.o)
                0x08006b10                memcpy
 *(.glue_7)
 .glue_7        0x08006b2c        0x0 linker stubs
 *(.glue_7t)
 .glue_7t       0x08006b2c        0x0 linker stubs
 *(.eh_frame)
 .eh_frame      0x08006b2c        0x0 E:/ST/STM32CubeIDE_1.12.1/STM32CubeIDE/plugins/com.st.stm32cube.ide.mcu.externaltools.gnu-tools-for-stm32.12.3.rel1.win32_1.0.200.202406191623/tools/bin/../lib/gcc/arm-none-eabi/12.3.1/thumb/v7e-m+fp/hard/crtbegin.o
 *(.init)
 .init          0x08006b2c        0x4 E:/ST/STM32CubeIDE_1.12.1/STM32CubeIDE/plugins/com.st.stm32cube.ide.mcu.externaltools.gnu-tools-for-stm32.12.3.rel1.win32_1.0.200.202406191623/tools/bin/../lib/gcc/arm-none-eabi/12.3.1/thumb/v7e-m+fp/hard/crti.o
                0x08006b2c                _init
 .init          0x08006b30        0x8 E:/ST/STM32CubeIDE_1.12.1/STM32CubeIDE/plugins/com.st.stm32cube.ide.mcu.externaltools.gnu-tools-for-stm32.12.3.rel1.win32_1.0.200.202406191623/tools/bin/../lib/gcc/arm-none-eabi/12.3.1/thumb/v7e-m+fp/hard/crtn.o
 *(.fini)
 .fini          0x08006b38        0x4 E:/ST/STM32CubeIDE_1.12.1/STM32CubeIDE/plugins/com.st.stm32cube.ide.mcu.externaltools.gnu-tools-for-stm32.12.3.rel1.win32_1.0.200.202406191623/tools/bin/../lib/gcc/arm-none-eabi/12.3.1/thumb/v7e-m+fp/hard/crti.o
                0x08006b38                _fini
 .fini          0x08006b3c        0x8 E:/ST/STM32CubeIDE_1.12.1/STM32CubeIDE/plugins/com.st.stm32cube.ide.mcu.externaltools.gnu-tools-for-stm32.12.3.rel1.win32_1.0.200.202406191623/tools/bin/../lib/gcc/arm-none-eabi/12.3.1/thumb/v7e-m+fp/hard/crtn.o
                0x08006b44                        . = ALIGN (0x4)
                0x08006b44                        _etext = .

.vfp11_veneer   0x08006b44        0x0
 .vfp11_veneer  0x08006b44        0x0 linker stubs

.v4_bx          0x08006b44        0x0
 .v4_bx         0x08006b44        0x0 linker stubs

.iplt           0x08006b44        0x0
 .iplt          0x08006b44        0x0 E:/ST/STM32CubeIDE_1.12.1/STM32CubeIDE/plugins/com.st.stm32cube.ide.mcu.externaltools.gnu-tools-for-stm32.12.3.rel1.win32_1.0.200.202406191623/tools/bin/../lib/gcc/arm-none-eabi/12.3.1/thumb/v7e-m+fp/hard/crtbegin.o

.rodata         0x08006b44      0x1a8
                0x08006b44                        . = ALIGN (0x4)
 *(.rodata)
 .rodata        0x08006b44       0x92 ./Core/Src/main.o
 *fill*         0x08006bd6        0x2 
 .rodata        0x08006bd8        0x5 ./common/Thirdparty/FreeRTOS/tasks.o
 *fill*         0x08006bdd        0x3 
 .rodata        0x08006be0       0x41 ./common/Thirdparty/SEGGER/Config/SEGGER_SYSVIEW_Config_FreeRTOS.o
 *fill*         0x08006c21        0x3 
 .rodata        0x08006c24       0x58 ./common/Thirdparty/SEGGER/Os/SEGGER_SYSVIEW_FreeRTOS.o
 .rodata        0x08006c7c        0x9 ./common/Thirdparty/SEGGER/Segger/SEGGER_RTT.o
 *fill*         0x08006c85        0x3 
 .rodata        0x08006c88       0x10 ./common/Thirdparty/SEGGER/Segger/SEGGER_SYSVIEW.o
 *(.rodata*)
 .rodata.AHBPrescTable
                0x08006c98       0x10 ./Core/Src/system_stm32f4xx.o
                0x08006c98                AHBPrescTable
 .rodata.APBPrescTable
                0x08006ca8        0x8 ./Core/Src/system_stm32f4xx.o
                0x08006ca8                APBPrescTable
 .rodata.SYSVIEW_X_OS_TraceAPI
                0x08006cb0        0x8 ./common/Thirdparty/SEGGER/Os/SEGGER_SYSVIEW_FreeRTOS.o
                0x08006cb0                SYSVIEW_X_OS_TraceAPI
 .rodata._abHelloMsg
                0x08006cb8        0x4 ./common/Thirdparty/SEGGER/REC/segger_uart.o
 .rodata._aInitStr.0
                0x08006cbc       0x11 ./common/Thirdparty/SEGGER/Segger/SEGGER_RTT.o
 *fill*         0x08006ccd        0x3 
 .rodata._abSync
                0x08006cd0        0xa ./common/Thirdparty/SEGGER/Segger/SEGGER_SYSVIEW.o
 *fill*         0x08006cda        0x2 
 .rodata._aV2C.0
                0x08006cdc       0x10 ./common/Thirdparty/SEGGER/Segger/SEGGER_SYSVIEW.o
                0x08006cec                        . = ALIGN (0x4)

.ARM.extab      0x08006cec        0x0
                0x08006cec                        . = ALIGN (0x4)
 *(.ARM.extab* .gnu.linkonce.armextab.*)
                0x08006cec                        . = ALIGN (0x4)

.ARM            0x08006cec        0x8
                0x08006cec                        . = ALIGN (0x4)
                0x08006cec                        __exidx_start = .
 *(.ARM.exidx*)
 .ARM.exidx     0x08006cec        0x8 E:/ST/STM32CubeIDE_1.12.1/STM32CubeIDE/plugins/com.st.stm32cube.ide.mcu.externaltools.gnu-tools-for-stm32.12.3.rel1.win32_1.0.200.202406191623/tools/bin/../lib/gcc/arm-none-eabi/12.3.1/thumb/v7e-m+fp/hard\libgcc.a(_udivmoddi4.o)
                0x08006cf4                        __exidx_end = .
                0x08006cf4                        . = ALIGN (0x4)

.preinit_array  0x08006cf4        0x0
                0x08006cf4                        . = ALIGN (0x4)
                0x08006cf4                        PROVIDE (__preinit_array_start = .)
 *(.preinit_array*)
                0x08006cf4                        PROVIDE (__preinit_array_end = .)
                0x08006cf4                        . = ALIGN (0x4)

.init_array     0x08006cf4        0x4
                0x08006cf4                        . = ALIGN (0x4)
                0x08006cf4                        PROVIDE (__init_array_start = .)
 *(SORT_BY_NAME(.init_array.*))
 *(.init_array*)
 .init_array    0x08006cf4        0x4 E:/ST/STM32CubeIDE_1.12.1/STM32CubeIDE/plugins/com.st.stm32cube.ide.mcu.externaltools.gnu-tools-for-stm32.12.3.rel1.win32_1.0.200.202406191623/tools/bin/../lib/gcc/arm-none-eabi/12.3.1/thumb/v7e-m+fp/hard/crtbegin.o
                0x08006cf8                        PROVIDE (__init_array_end = .)
                0x08006cf8                        . = ALIGN (0x4)

.fini_array     0x08006cf8        0x4
                0x08006cf8                        . = ALIGN (0x4)
                [!provide]                        PROVIDE (__fini_array_start = .)
 *(SORT_BY_NAME(.fini_array.*))
 *(.fini_array*)
 .fini_array    0x08006cf8        0x4 E:/ST/STM32CubeIDE_1.12.1/STM32CubeIDE/plugins/com.st.stm32cube.ide.mcu.externaltools.gnu-tools-for-stm32.12.3.rel1.win32_1.0.200.202406191623/tools/bin/../lib/gcc/arm-none-eabi/12.3.1/thumb/v7e-m+fp/hard/crtbegin.o
                [!provide]                        PROVIDE (__fini_array_end = .)
                0x08006cfc                        . = ALIGN (0x4)
                0x08006cfc                        _sidata = LOADADDR (.data)

.rel.dyn        0x08006cfc        0x0
 .rel.iplt      0x08006cfc        0x0 E:/ST/STM32CubeIDE_1.12.1/STM32CubeIDE/plugins/com.st.stm32cube.ide.mcu.externaltools.gnu-tools-for-stm32.12.3.rel1.win32_1.0.200.202406191623/tools/bin/../lib/gcc/arm-none-eabi/12.3.1/thumb/v7e-m+fp/hard/crtbegin.o

.data           0x20000000       0x1c load address 0x08006cfc
                0x20000000                        . = ALIGN (0x4)
                0x20000000                        _sdata = .
 *(.data)
 *(.data*)
 .data.SystemCoreClock
                0x20000000        0x4 ./Core/Src/system_stm32f4xx.o
                0x20000000                SystemCoreClock
 .data.uwTickPrio
                0x20000004        0x4 ./Drivers/STM32F4xx_HAL_Driver/Src/stm32f4xx_hal.o
                0x20000004                uwTickPrio
 .data.uwTickFreq
                0x20000008        0x1 ./Drivers/STM32F4xx_HAL_Driver/Src/stm32f4xx_hal.o
                0x20000008                uwTickFreq
 *fill*         0x20000009        0x3 
 .data.uxTopUsedPriority
                0x2000000c        0x4 ./common/Thirdparty/FreeRTOS/tasks.o
 .data.uxCriticalNesting
                0x20000010        0x4 ./common/Thirdparty/FreeRTOS/portable/GCC/ARM_CM4F/port.o
 .data._SVInfo  0x20000014        0x8 ./common/Thirdparty/SEGGER/REC/segger_uart.o
 *(.RamFunc)
 *(.RamFunc*)
                0x2000001c                        . = ALIGN (0x4)
                0x2000001c                        _edata = .
                0x08006d18                        _siccmram = LOADADDR (.ccmram)

.igot.plt       0x2000001c        0x0 load address 0x08006d18
 .igot.plt      0x2000001c        0x0 E:/ST/STM32CubeIDE_1.12.1/STM32CubeIDE/plugins/com.st.stm32cube.ide.mcu.externaltools.gnu-tools-for-stm32.12.3.rel1.win32_1.0.200.202406191623/tools/bin/../lib/gcc/arm-none-eabi/12.3.1/thumb/v7e-m+fp/hard/crtbegin.o

.ccmram         0x10000000        0x0 load address 0x08006d18
                0x10000000                        . = ALIGN (0x4)
                0x10000000                        _sccmram = .
 *(.ccmram)
 *(.ccmram*)
                0x10000000                        . = ALIGN (0x4)
                0x10000000                        _eccmram = .
                0x10000000                        . = ALIGN (0x4)

.bss            0x2000001c    0x13c28
                0x2000001c                        _sbss = .
                0x2000001c                        __bss_start__ = _sbss
 *(.bss)
 .bss           0x2000001c       0x1c E:/ST/STM32CubeIDE_1.12.1/STM32CubeIDE/plugins/com.st.stm32cube.ide.mcu.externaltools.gnu-tools-for-stm32.12.3.rel1.win32_1.0.200.202406191623/tools/bin/../lib/gcc/arm-none-eabi/12.3.1/thumb/v7e-m+fp/hard/crtbegin.o
 *(.bss*)
 .bss.task_green_handle
                0x20000038        0x4 ./Core/Src/main.o
                0x20000038                task_green_handle
 .bss.task_red_handle
                0x2000003c        0x4 ./Core/Src/main.o
                0x2000003c                task_red_handle
 .bss.task_blue_handle
                0x20000040        0x4 ./Core/Src/main.o
                0x20000040                task_blue_handle
 .bss.task_button_handle
                0x20000044        0x4 ./Core/Src/main.o
                0x20000044                task_button_handle
 .bss.next_task_handle
                0x20000048        0x4 ./Core/Src/main.o
                0x20000048                next_task_handle
 .bss.all_tasks_suspended
                0x2000004c        0x1 ./Core/Src/main.o
                0x2000004c                all_tasks_suspended
 *fill*         0x2000004d        0x3 
 .bss.htim6     0x20000050       0x48 ./Core/Src/stm32f4xx_hal_timebase_tim.o
                0x20000050                htim6
 .bss.uwTick    0x20000098        0x4 ./Drivers/STM32F4xx_HAL_Driver/Src/stm32f4xx_hal.o
                0x20000098                uwTick
 .bss.pxCurrentTCB
                0x2000009c        0x4 ./common/Thirdparty/FreeRTOS/tasks.o
                0x2000009c                pxCurrentTCB
 .bss.pxReadyTasksLists
                0x200000a0       0x64 ./common/Thirdparty/FreeRTOS/tasks.o
 .bss.xDelayedTaskList1
                0x20000104       0x14 ./common/Thirdparty/FreeRTOS/tasks.o
 .bss.xDelayedTaskList2
                0x20000118       0x14 ./common/Thirdparty/FreeRTOS/tasks.o
 .bss.pxDelayedTaskList
                0x2000012c        0x4 ./common/Thirdparty/FreeRTOS/tasks.o
 .bss.pxOverflowDelayedTaskList
                0x20000130        0x4 ./common/Thirdparty/FreeRTOS/tasks.o
 .bss.xPendingReadyList
                0x20000134       0x14 ./common/Thirdparty/FreeRTOS/tasks.o
 .bss.xTasksWaitingTermination
                0x20000148       0x14 ./common/Thirdparty/FreeRTOS/tasks.o
 .bss.uxDeletedTasksWaitingCleanUp
                0x2000015c        0x4 ./common/Thirdparty/FreeRTOS/tasks.o
 .bss.xSuspendedTaskList
                0x20000160       0x14 ./common/Thirdparty/FreeRTOS/tasks.o
 .bss.uxCurrentNumberOfTasks
                0x20000174        0x4 ./common/Thirdparty/FreeRTOS/tasks.o
 .bss.xTickCount
                0x20000178        0x4 ./common/Thirdparty/FreeRTOS/tasks.o
 .bss.uxTopReadyPriority
                0x2000017c        0x4 ./common/Thirdparty/FreeRTOS/tasks.o
 .bss.xSchedulerRunning
                0x20000180        0x4 ./common/Thirdparty/FreeRTOS/tasks.o
 .bss.xPendedTicks
                0x20000184        0x4 ./common/Thirdparty/FreeRTOS/tasks.o
 .bss.xYieldPendings
                0x20000188        0x4 ./common/Thirdparty/FreeRTOS/tasks.o
 .bss.xNumOfOverflows
                0x2000018c        0x4 ./common/Thirdparty/FreeRTOS/tasks.o
 .bss.uxTaskNumber
                0x20000190        0x4 ./common/Thirdparty/FreeRTOS/tasks.o
 .bss.xNextTaskUnblockTime
                0x20000194        0x4 ./common/Thirdparty/FreeRTOS/tasks.o
 .bss.xIdleTaskHandles
                0x20000198        0x4 ./common/Thirdparty/FreeRTOS/tasks.o
 .bss.uxSchedulerSuspended
                0x2000019c        0x4 ./common/Thirdparty/FreeRTOS/tasks.o
 .bss.ucMaxSysCallPriority
                0x200001a0        0x1 ./common/Thirdparty/FreeRTOS/portable/GCC/ARM_CM4F/port.o
 *fill*         0x200001a1        0x3 
 .bss.ulMaxPRIGROUPValue
                0x200001a4        0x4 ./common/Thirdparty/FreeRTOS/portable/GCC/ARM_CM4F/port.o
 .bss.ucHeap    0x200001a8    0x12c00 ./common/Thirdparty/FreeRTOS/portable/MemMang/heap_4.o
 .bss.xStart    0x20012da8        0x8 ./common/Thirdparty/FreeRTOS/portable/MemMang/heap_4.o
 .bss.pxEnd     0x20012db0        0x4 ./common/Thirdparty/FreeRTOS/portable/MemMang/heap_4.o
 .bss.xFreeBytesRemaining
                0x20012db4        0x4 ./common/Thirdparty/FreeRTOS/portable/MemMang/heap_4.o
 .bss.xMinimumEverFreeBytesRemaining
                0x20012db8        0x4 ./common/Thirdparty/FreeRTOS/portable/MemMang/heap_4.o
 .bss.xNumberOfSuccessfulAllocations
                0x20012dbc        0x4 ./common/Thirdparty/FreeRTOS/portable/MemMang/heap_4.o
 .bss.xNumberOfSuccessfulFrees
                0x20012dc0        0x4 ./common/Thirdparty/FreeRTOS/portable/MemMang/heap_4.o
 .bss._aTasks   0x20012dc4       0xa0 ./common/Thirdparty/SEGGER/Os/SEGGER_SYSVIEW_FreeRTOS.o
 .bss._NumTasks
                0x20012e64        0x4 ./common/Thirdparty/SEGGER/Os/SEGGER_SYSVIEW_FreeRTOS.o
 .bss._cbOnRx   0x20012e68        0x4 ./common/Thirdparty/SEGGER/REC/segger_uart.o
 .bss._cbOnTx   0x20012e6c        0x4 ./common/Thirdparty/SEGGER/REC/segger_uart.o
 .bss._SEGGER_RTT
                0x20012e70       0xa8 ./common/Thirdparty/SEGGER/Segger/SEGGER_RTT.o
                0x20012e70                _SEGGER_RTT
 .bss._acUpBuffer
                0x20012f18      0x400 ./common/Thirdparty/SEGGER/Segger/SEGGER_RTT.o
 .bss._acDownBuffer
                0x20013318       0x10 ./common/Thirdparty/SEGGER/Segger/SEGGER_RTT.o
 .bss._UpBuffer
                0x20013328      0x800 ./common/Thirdparty/SEGGER/Segger/SEGGER_SYSVIEW.o
 .bss._DownBuffer
                0x20013b28        0x8 ./common/Thirdparty/SEGGER/Segger/SEGGER_SYSVIEW.o
 .bss._SYSVIEW_Globals
                0x20013b30       0x28 ./common/Thirdparty/SEGGER/Segger/SEGGER_SYSVIEW.o
 .bss._pFirstModule
                0x20013b58        0x4 ./common/Thirdparty/SEGGER/Segger/SEGGER_SYSVIEW.o
 .bss._NumModules
                0x20013b5c        0x1 ./common/Thirdparty/SEGGER/Segger/SEGGER_SYSVIEW.o
 *fill*         0x20013b5d        0x3 
 .bss._aPacket  0x20013b60       0xe3 ./common/Thirdparty/SEGGER/Segger/SEGGER_SYSVIEW.o
 *(COMMON)
                0x20013c44                        . = ALIGN (0x4)
 *fill*         0x20013c43        0x1 
                0x20013c44                        _ebss = .
                0x20013c44                        __bss_end__ = _ebss

._user_heap_stack
                0x20013c44      0x604
                0x20013c48                        . = ALIGN (0x8)
 *fill*         0x20013c44        0x4 
                [!provide]                        PROVIDE (end = .)
                0x20013c48                        PROVIDE (_end = .)
                0x20013e48                        . = (. + _Min_Heap_Size)
 *fill*         0x20013c48      0x200 
                0x20014248                        . = (. + _Min_Stack_Size)
 *fill*         0x20013e48      0x400 
                0x20014248                        . = ALIGN (0x8)

/DISCARD/
 libc.a(*)
 libm.a(*)
 libgcc.a(*)

.ARM.attributes
                0x00000000       0x30
 *(.ARM.attributes)
 .ARM.attributes
                0x00000000       0x22 E:/ST/STM32CubeIDE_1.12.1/STM32CubeIDE/plugins/com.st.stm32cube.ide.mcu.externaltools.gnu-tools-for-stm32.12.3.rel1.win32_1.0.200.202406191623/tools/bin/../lib/gcc/arm-none-eabi/12.3.1/thumb/v7e-m+fp/hard/crti.o
 .ARM.attributes
                0x00000022       0x34 E:/ST/STM32CubeIDE_1.12.1/STM32CubeIDE/plugins/com.st.stm32cube.ide.mcu.externaltools.gnu-tools-for-stm32.12.3.rel1.win32_1.0.200.202406191623/tools/bin/../lib/gcc/arm-none-eabi/12.3.1/thumb/v7e-m+fp/hard/crtbegin.o
 .ARM.attributes
                0x00000056       0x34 ./Core/Src/main.o
 .ARM.attributes
                0x0000008a       0x34 ./Core/Src/stm32f4xx_hal_msp.o
 .ARM.attributes
                0x000000be       0x34 ./Core/Src/stm32f4xx_hal_timebase_tim.o
 .ARM.attributes
                0x000000f2       0x34 ./Core/Src/stm32f4xx_it.o
 .ARM.attributes
                0x00000126       0x34 ./Core/Src/system_stm32f4xx.o
 .ARM.attributes
                0x0000015a       0x21 ./Core/Startup/startup_stm32f407vgtx.o
 .ARM.attributes
                0x0000017b       0x34 ./Drivers/STM32F4xx_HAL_Driver/Src/stm32f4xx_hal.o
 .ARM.attributes
                0x000001af       0x34 ./Drivers/STM32F4xx_HAL_Driver/Src/stm32f4xx_hal_cortex.o
 .ARM.attributes
                0x000001e3       0x34 ./Drivers/STM32F4xx_HAL_Driver/Src/stm32f4xx_hal_gpio.o
 .ARM.attributes
                0x00000217       0x34 ./Drivers/STM32F4xx_HAL_Driver/Src/stm32f4xx_hal_rcc.o
 .ARM.attributes
                0x0000024b       0x34 ./Drivers/STM32F4xx_HAL_Driver/Src/stm32f4xx_hal_tim.o
 .ARM.attributes
                0x0000027f       0x34 ./Drivers/STM32F4xx_HAL_Driver/Src/stm32f4xx_hal_tim_ex.o
 .ARM.attributes
                0x000002b3       0x34 ./common/Thirdparty/FreeRTOS/list.o
 .ARM.attributes
                0x000002e7       0x34 ./common/Thirdparty/FreeRTOS/tasks.o
 .ARM.attributes
                0x0000031b       0x34 ./common/Thirdparty/FreeRTOS/portable/GCC/ARM_CM4F/port.o
 .ARM.attributes
                0x0000034f       0x34 ./common/Thirdparty/FreeRTOS/portable/MemMang/heap_4.o
 .ARM.attributes
                0x00000383       0x34 ./common/Thirdparty/SEGGER/Config/SEGGER_SYSVIEW_Config_FreeRTOS.o
 .ARM.attributes
                0x000003b7       0x34 ./common/Thirdparty/SEGGER/Os/SEGGER_SYSVIEW_FreeRTOS.o
 .ARM.attributes
                0x000003eb       0x34 ./common/Thirdparty/SEGGER/REC/segger_uart.o
 .ARM.attributes
                0x0000041f       0x34 ./common/Thirdparty/SEGGER/Segger/SEGGER_RTT.o
 .ARM.attributes
                0x00000453       0x20 ./common/Thirdparty/SEGGER/Segger/SEGGER_RTT_ASM_ARMv7M.o
 .ARM.attributes
                0x00000473       0x34 ./common/Thirdparty/SEGGER/Segger/SEGGER_SYSVIEW.o
 .ARM.attributes
                0x000004a7       0x34 E:/ST/STM32CubeIDE_1.12.1/STM32CubeIDE/plugins/com.st.stm32cube.ide.mcu.externaltools.gnu-tools-for-stm32.12.3.rel1.win32_1.0.200.202406191623/tools/bin/../lib/gcc/arm-none-eabi/12.3.1/../../../../arm-none-eabi/lib/thumb/v7e-m+fp/hard\libc_nano.a(libc_a-memcmp.o)
 .ARM.attributes
                0x000004db       0x34 E:/ST/STM32CubeIDE_1.12.1/STM32CubeIDE/plugins/com.st.stm32cube.ide.mcu.externaltools.gnu-tools-for-stm32.12.3.rel1.win32_1.0.200.202406191623/tools/bin/../lib/gcc/arm-none-eabi/12.3.1/../../../../arm-none-eabi/lib/thumb/v7e-m+fp/hard\libc_nano.a(libc_a-memset.o)
 .ARM.attributes
                0x0000050f       0x34 E:/ST/STM32CubeIDE_1.12.1/STM32CubeIDE/plugins/com.st.stm32cube.ide.mcu.externaltools.gnu-tools-for-stm32.12.3.rel1.win32_1.0.200.202406191623/tools/bin/../lib/gcc/arm-none-eabi/12.3.1/../../../../arm-none-eabi/lib/thumb/v7e-m+fp/hard\libc_nano.a(libc_a-init.o)
 .ARM.attributes
                0x00000543       0x34 E:/ST/STM32CubeIDE_1.12.1/STM32CubeIDE/plugins/com.st.stm32cube.ide.mcu.externaltools.gnu-tools-for-stm32.12.3.rel1.win32_1.0.200.202406191623/tools/bin/../lib/gcc/arm-none-eabi/12.3.1/../../../../arm-none-eabi/lib/thumb/v7e-m+fp/hard\libc_nano.a(libc_a-memcpy-stub.o)
 .ARM.attributes
                0x00000577       0x22 E:/ST/STM32CubeIDE_1.12.1/STM32CubeIDE/plugins/com.st.stm32cube.ide.mcu.externaltools.gnu-tools-for-stm32.12.3.rel1.win32_1.0.200.202406191623/tools/bin/../lib/gcc/arm-none-eabi/12.3.1/thumb/v7e-m+fp/hard\libgcc.a(_aeabi_uldivmod.o)
 .ARM.attributes
                0x00000599       0x34 E:/ST/STM32CubeIDE_1.12.1/STM32CubeIDE/plugins/com.st.stm32cube.ide.mcu.externaltools.gnu-tools-for-stm32.12.3.rel1.win32_1.0.200.202406191623/tools/bin/../lib/gcc/arm-none-eabi/12.3.1/thumb/v7e-m+fp/hard\libgcc.a(_udivmoddi4.o)
 .ARM.attributes
                0x000005cd       0x22 E:/ST/STM32CubeIDE_1.12.1/STM32CubeIDE/plugins/com.st.stm32cube.ide.mcu.externaltools.gnu-tools-for-stm32.12.3.rel1.win32_1.0.200.202406191623/tools/bin/../lib/gcc/arm-none-eabi/12.3.1/thumb/v7e-m+fp/hard\libgcc.a(_dvmd_tls.o)
 .ARM.attributes
                0x000005ef       0x22 E:/ST/STM32CubeIDE_1.12.1/STM32CubeIDE/plugins/com.st.stm32cube.ide.mcu.externaltools.gnu-tools-for-stm32.12.3.rel1.win32_1.0.200.202406191623/tools/bin/../lib/gcc/arm-none-eabi/12.3.1/thumb/v7e-m+fp/hard/crtn.o
OUTPUT(Del_and_suspend_task_with_segger.elf elf32-littlearm)
LOAD linker stubs
LOAD E:/ST/STM32CubeIDE_1.12.1/STM32CubeIDE/plugins/com.st.stm32cube.ide.mcu.externaltools.gnu-tools-for-stm32.12.3.rel1.win32_1.0.200.202406191623/tools/bin/../lib/gcc/arm-none-eabi/12.3.1/../../../../arm-none-eabi/lib/thumb/v7e-m+fp/hard\libc.a
LOAD E:/ST/STM32CubeIDE_1.12.1/STM32CubeIDE/plugins/com.st.stm32cube.ide.mcu.externaltools.gnu-tools-for-stm32.12.3.rel1.win32_1.0.200.202406191623/tools/bin/../lib/gcc/arm-none-eabi/12.3.1/../../../../arm-none-eabi/lib/thumb/v7e-m+fp/hard\libm.a
LOAD E:/ST/STM32CubeIDE_1.12.1/STM32CubeIDE/plugins/com.st.stm32cube.ide.mcu.externaltools.gnu-tools-for-stm32.12.3.rel1.win32_1.0.200.202406191623/tools/bin/../lib/gcc/arm-none-eabi/12.3.1/thumb/v7e-m+fp/hard\libgcc.a

.debug_info     0x00000000    0x12f81
 .debug_info    0x00000000     0x10d8 ./Core/Src/main.o
 .debug_info    0x000010d8      0x280 ./Core/Src/stm32f4xx_hal_msp.o
 .debug_info    0x00001358      0xbee ./Core/Src/stm32f4xx_hal_timebase_tim.o
 .debug_info    0x00001f46      0x6ab ./Core/Src/stm32f4xx_it.o
 .debug_info    0x000025f1      0x512 ./Core/Src/system_stm32f4xx.o
 .debug_info    0x00002b03       0x30 ./Core/Startup/startup_stm32f407vgtx.o
 .debug_info    0x00002b33      0x944 ./Drivers/STM32F4xx_HAL_Driver/Src/stm32f4xx_hal.o
 .debug_info    0x00003477      0xd8c ./Drivers/STM32F4xx_HAL_Driver/Src/stm32f4xx_hal_cortex.o
 .debug_info    0x00004203      0x6c3 ./Drivers/STM32F4xx_HAL_Driver/Src/stm32f4xx_hal_gpio.o
 .debug_info    0x000048c6      0x8af ./Drivers/STM32F4xx_HAL_Driver/Src/stm32f4xx_hal_rcc.o
 .debug_info    0x00005175     0x299d ./Drivers/STM32F4xx_HAL_Driver/Src/stm32f4xx_hal_tim.o
 .debug_info    0x00007b12     0x14db ./Drivers/STM32F4xx_HAL_Driver/Src/stm32f4xx_hal_tim_ex.o
 .debug_info    0x00008fed      0x2d8 ./common/Thirdparty/FreeRTOS/list.o
 .debug_info    0x000092c5     0x29d9 ./common/Thirdparty/FreeRTOS/tasks.o
 .debug_info    0x0000bc9e      0x644 ./common/Thirdparty/FreeRTOS/portable/GCC/ARM_CM4F/port.o
 .debug_info    0x0000c2e2      0x5ff ./common/Thirdparty/FreeRTOS/portable/MemMang/heap_4.o
 .debug_info    0x0000c8e1      0x181 ./common/Thirdparty/SEGGER/Config/SEGGER_SYSVIEW_Config_FreeRTOS.o
 .debug_info    0x0000ca62      0x426 ./common/Thirdparty/SEGGER/Os/SEGGER_SYSVIEW_FreeRTOS.o
 .debug_info    0x0000ce88      0x8ad ./common/Thirdparty/SEGGER/REC/segger_uart.o
 .debug_info    0x0000d735     0x14d5 ./common/Thirdparty/SEGGER/Segger/SEGGER_RTT.o
 .debug_info    0x0000ec0a       0x25 ./common/Thirdparty/SEGGER/Segger/SEGGER_RTT_ASM_ARMv7M.o
 .debug_info    0x0000ec2f     0x4352 ./common/Thirdparty/SEGGER/Segger/SEGGER_SYSVIEW.o

.debug_abbrev   0x00000000     0x2bdb
 .debug_abbrev  0x00000000      0x364 ./Core/Src/main.o
 .debug_abbrev  0x00000364       0xeb ./Core/Src/stm32f4xx_hal_msp.o
 .debug_abbrev  0x0000044f      0x1f4 ./Core/Src/stm32f4xx_hal_timebase_tim.o
 .debug_abbrev  0x00000643      0x17d ./Core/Src/stm32f4xx_it.o
 .debug_abbrev  0x000007c0      0x11a ./Core/Src/system_stm32f4xx.o
 .debug_abbrev  0x000008da       0x24 ./Core/Startup/startup_stm32f407vgtx.o
 .debug_abbrev  0x000008fe      0x214 ./Drivers/STM32F4xx_HAL_Driver/Src/stm32f4xx_hal.o
 .debug_abbrev  0x00000b12      0x31d ./Drivers/STM32F4xx_HAL_Driver/Src/stm32f4xx_hal_cortex.o
 .debug_abbrev  0x00000e2f      0x1d4 ./Drivers/STM32F4xx_HAL_Driver/Src/stm32f4xx_hal_gpio.o
 .debug_abbrev  0x00001003      0x2b7 ./Drivers/STM32F4xx_HAL_Driver/Src/stm32f4xx_hal_rcc.o
 .debug_abbrev  0x000012ba      0x278 ./Drivers/STM32F4xx_HAL_Driver/Src/stm32f4xx_hal_tim.o
 .debug_abbrev  0x00001532      0x283 ./Drivers/STM32F4xx_HAL_Driver/Src/stm32f4xx_hal_tim_ex.o
 .debug_abbrev  0x000017b5      0x10c ./common/Thirdparty/FreeRTOS/list.o
 .debug_abbrev  0x000018c1      0x3a7 ./common/Thirdparty/FreeRTOS/tasks.o
 .debug_abbrev  0x00001c68      0x248 ./common/Thirdparty/FreeRTOS/portable/GCC/ARM_CM4F/port.o
 .debug_abbrev  0x00001eb0      0x25a ./common/Thirdparty/FreeRTOS/portable/MemMang/heap_4.o
 .debug_abbrev  0x0000210a       0xee ./common/Thirdparty/SEGGER/Config/SEGGER_SYSVIEW_Config_FreeRTOS.o
 .debug_abbrev  0x000021f8      0x1c0 ./common/Thirdparty/SEGGER/Os/SEGGER_SYSVIEW_FreeRTOS.o
 .debug_abbrev  0x000023b8      0x28c ./common/Thirdparty/SEGGER/REC/segger_uart.o
 .debug_abbrev  0x00002644      0x230 ./common/Thirdparty/SEGGER/Segger/SEGGER_RTT.o
 .debug_abbrev  0x00002874       0x14 ./common/Thirdparty/SEGGER/Segger/SEGGER_RTT_ASM_ARMv7M.o
 .debug_abbrev  0x00002888      0x353 ./common/Thirdparty/SEGGER/Segger/SEGGER_SYSVIEW.o

.debug_aranges  0x00000000     0x1218
 .debug_aranges
                0x00000000       0x60 ./Core/Src/main.o
 .debug_aranges
                0x00000060       0x20 ./Core/Src/stm32f4xx_hal_msp.o
 .debug_aranges
                0x00000080       0x30 ./Core/Src/stm32f4xx_hal_timebase_tim.o
 .debug_aranges
                0x000000b0       0x50 ./Core/Src/stm32f4xx_it.o
 .debug_aranges
                0x00000100       0x28 ./Core/Src/system_stm32f4xx.o
 .debug_aranges
                0x00000128       0x28 ./Core/Startup/startup_stm32f407vgtx.o
 .debug_aranges
                0x00000150       0xf0 ./Drivers/STM32F4xx_HAL_Driver/Src/stm32f4xx_hal.o
 .debug_aranges
                0x00000240      0x130 ./Drivers/STM32F4xx_HAL_Driver/Src/stm32f4xx_hal_cortex.o
 .debug_aranges
                0x00000370       0x58 ./Drivers/STM32F4xx_HAL_Driver/Src/stm32f4xx_hal_gpio.o
 .debug_aranges
                0x000003c8       0x88 ./Drivers/STM32F4xx_HAL_Driver/Src/stm32f4xx_hal_rcc.o
 .debug_aranges
                0x00000450      0x3d0 ./Drivers/STM32F4xx_HAL_Driver/Src/stm32f4xx_hal_tim.o
 .debug_aranges
                0x00000820      0x168 ./Drivers/STM32F4xx_HAL_Driver/Src/stm32f4xx_hal_tim_ex.o
 .debug_aranges
                0x00000988       0x40 ./common/Thirdparty/FreeRTOS/list.o
 .debug_aranges
                0x000009c8      0x228 ./common/Thirdparty/FreeRTOS/tasks.o
 .debug_aranges
                0x00000bf0       0x88 ./common/Thirdparty/FreeRTOS/portable/GCC/ARM_CM4F/port.o
 .debug_aranges
                0x00000c78       0x70 ./common/Thirdparty/FreeRTOS/portable/MemMang/heap_4.o
 .debug_aranges
                0x00000ce8       0x28 ./common/Thirdparty/SEGGER/Config/SEGGER_SYSVIEW_Config_FreeRTOS.o
 .debug_aranges
                0x00000d10       0x48 ./common/Thirdparty/SEGGER/Os/SEGGER_SYSVIEW_FreeRTOS.o
 .debug_aranges
                0x00000d58       0x68 ./common/Thirdparty/SEGGER/REC/segger_uart.o
 .debug_aranges
                0x00000dc0      0x138 ./common/Thirdparty/SEGGER/Segger/SEGGER_RTT.o
 .debug_aranges
                0x00000ef8       0x20 ./common/Thirdparty/SEGGER/Segger/SEGGER_RTT_ASM_ARMv7M.o
 .debug_aranges
                0x00000f18      0x300 ./common/Thirdparty/SEGGER/Segger/SEGGER_SYSVIEW.o

.debug_rnglists
                0x00000000      0xdec
 .debug_rnglists
                0x00000000       0x46 ./Core/Src/main.o
 .debug_rnglists
                0x00000046       0x13 ./Core/Src/stm32f4xx_hal_msp.o
 .debug_rnglists
                0x00000059       0x20 ./Core/Src/stm32f4xx_hal_timebase_tim.o
 .debug_rnglists
                0x00000079       0x37 ./Core/Src/stm32f4xx_it.o
 .debug_rnglists
                0x000000b0       0x1a ./Core/Src/system_stm32f4xx.o
 .debug_rnglists
                0x000000ca       0x19 ./Core/Startup/startup_stm32f407vgtx.o
 .debug_rnglists
                0x000000e3       0xaf ./Drivers/STM32F4xx_HAL_Driver/Src/stm32f4xx_hal.o
 .debug_rnglists
                0x00000192       0xe0 ./Drivers/STM32F4xx_HAL_Driver/Src/stm32f4xx_hal_cortex.o
 .debug_rnglists
                0x00000272       0x3f ./Drivers/STM32F4xx_HAL_Driver/Src/stm32f4xx_hal_gpio.o
 .debug_rnglists
                0x000002b1       0x66 ./Drivers/STM32F4xx_HAL_Driver/Src/stm32f4xx_hal_rcc.o
 .debug_rnglists
                0x00000317      0x31a ./Drivers/STM32F4xx_HAL_Driver/Src/stm32f4xx_hal_tim.o
 .debug_rnglists
                0x00000631      0x125 ./Drivers/STM32F4xx_HAL_Driver/Src/stm32f4xx_hal_tim_ex.o
 .debug_rnglists
                0x00000756       0x2b ./common/Thirdparty/FreeRTOS/list.o
 .debug_rnglists
                0x00000781      0x1bc ./common/Thirdparty/FreeRTOS/tasks.o
 .debug_rnglists
                0x0000093d       0x64 ./common/Thirdparty/FreeRTOS/portable/GCC/ARM_CM4F/port.o
 .debug_rnglists
                0x000009a1       0x54 ./common/Thirdparty/FreeRTOS/portable/MemMang/heap_4.o
 .debug_rnglists
                0x000009f5       0x19 ./common/Thirdparty/SEGGER/Config/SEGGER_SYSVIEW_Config_FreeRTOS.o
 .debug_rnglists
                0x00000a0e       0x36 ./common/Thirdparty/SEGGER/Os/SEGGER_SYSVIEW_FreeRTOS.o
 .debug_rnglists
                0x00000a44       0x4b ./common/Thirdparty/SEGGER/REC/segger_uart.o
 .debug_rnglists
                0x00000a8f       0xf5 ./common/Thirdparty/SEGGER/Segger/SEGGER_RTT.o
 .debug_rnglists
                0x00000b84      0x268 ./common/Thirdparty/SEGGER/Segger/SEGGER_SYSVIEW.o

.debug_macro    0x00000000    0x24052
 .debug_macro   0x00000000      0x2b1 ./Core/Src/main.o
 .debug_macro   0x000002b1      0xab4 ./Core/Src/main.o
 .debug_macro   0x00000d65      0x295 ./Core/Src/main.o
 .debug_macro   0x00000ffa       0x2e ./Core/Src/main.o
 .debug_macro   0x00001028       0x2f ./Core/Src/main.o
 .debug_macro   0x00001057       0x22 ./Core/Src/main.o
 .debug_macro   0x00001079       0x8e ./Core/Src/main.o
 .debug_macro   0x00001107       0x51 ./Core/Src/main.o
 .debug_macro   0x00001158      0x103 ./Core/Src/main.o
 .debug_macro   0x0000125b       0x6a ./Core/Src/main.o
 .debug_macro   0x000012c5      0x1df ./Core/Src/main.o
 .debug_macro   0x000014a4       0x1c ./Core/Src/main.o
 .debug_macro   0x000014c0       0x22 ./Core/Src/main.o
 .debug_macro   0x000014e2       0xfb ./Core/Src/main.o
 .debug_macro   0x000015dd     0x1011 ./Core/Src/main.o
 .debug_macro   0x000025ee      0x11f ./Core/Src/main.o
 .debug_macro   0x0000270d    0x15e97 ./Core/Src/main.o
 .debug_macro   0x000185a4       0x6d ./Core/Src/main.o
 .debug_macro   0x00018611     0x369a ./Core/Src/main.o
 .debug_macro   0x0001bcab      0x189 ./Core/Src/main.o
 .debug_macro   0x0001be34       0x5c ./Core/Src/main.o
 .debug_macro   0x0001be90      0x980 ./Core/Src/main.o
 .debug_macro   0x0001c810      0x9e9 ./Core/Src/main.o
 .debug_macro   0x0001d1f9      0x115 ./Core/Src/main.o
 .debug_macro   0x0001d30e      0x13e ./Core/Src/main.o
 .debug_macro   0x0001d44c       0xa5 ./Core/Src/main.o
 .debug_macro   0x0001d4f1      0x174 ./Core/Src/main.o
 .debug_macro   0x0001d665      0x287 ./Core/Src/main.o
 .debug_macro   0x0001d8ec       0x5f ./Core/Src/main.o
 .debug_macro   0x0001d94b      0x236 ./Core/Src/main.o
 .debug_macro   0x0001db81      0x12c ./Core/Src/main.o
 .debug_macro   0x0001dcad      0x21e ./Core/Src/main.o
 .debug_macro   0x0001decb       0x2e ./Core/Src/main.o
 .debug_macro   0x0001def9      0x127 ./Core/Src/main.o
 .debug_macro   0x0001e020       0x7e ./Core/Src/main.o
 .debug_macro   0x0001e09e       0x89 ./Core/Src/main.o
 .debug_macro   0x0001e127      0x8ed ./Core/Src/main.o
 .debug_macro   0x0001ea14       0x4d ./Core/Src/main.o
 .debug_macro   0x0001ea61      0x12d ./Core/Src/main.o
 .debug_macro   0x0001eb8e      0x1a5 ./Core/Src/main.o
 .debug_macro   0x0001ed33       0x16 ./Core/Src/main.o
 .debug_macro   0x0001ed49      0x112 ./Core/Src/main.o
 .debug_macro   0x0001ee5b       0x58 ./Core/Src/main.o
 .debug_macro   0x0001eeb3       0x46 ./Core/Src/main.o
 .debug_macro   0x0001eef9       0x64 ./Core/Src/main.o
 .debug_macro   0x0001ef5d       0x16 ./Core/Src/main.o
 .debug_macro   0x0001ef73       0x49 ./Core/Src/main.o
 .debug_macro   0x0001efbc       0xca ./Core/Src/main.o
 .debug_macro   0x0001f086      0x234 ./Core/Src/main.o
 .debug_macro   0x0001f2ba      0xf65 ./Core/Src/main.o
 .debug_macro   0x0002021f       0x22 ./Core/Src/main.o
 .debug_macro   0x00020241      0x182 ./Core/Src/main.o
 .debug_macro   0x000203c3       0xee ./Core/Src/main.o
 .debug_macro   0x000204b1       0x2e ./Core/Src/main.o
 .debug_macro   0x000204df       0x1f ./Core/Src/main.o
 .debug_macro   0x000204fe       0x12 ./Core/Src/main.o
 .debug_macro   0x00020510      0xbcb ./Core/Src/main.o
 .debug_macro   0x000210db       0xc3 ./Core/Src/main.o
 .debug_macro   0x0002119e      0x14f ./Core/Src/main.o
 .debug_macro   0x000212ed      0x293 ./Core/Src/stm32f4xx_hal_msp.o
 .debug_macro   0x00021580      0x1c4 ./Core/Src/stm32f4xx_hal_timebase_tim.o
 .debug_macro   0x00021744      0x1dd ./Core/Src/stm32f4xx_it.o
 .debug_macro   0x00021921      0x1c4 ./Core/Src/system_stm32f4xx.o
 .debug_macro   0x00021ae5      0x224 ./Drivers/STM32F4xx_HAL_Driver/Src/stm32f4xx_hal.o
 .debug_macro   0x00021d09      0x1c4 ./Drivers/STM32F4xx_HAL_Driver/Src/stm32f4xx_hal_cortex.o
 .debug_macro   0x00021ecd      0x1ca ./Drivers/STM32F4xx_HAL_Driver/Src/stm32f4xx_hal_gpio.o
 .debug_macro   0x00022097      0x1e8 ./Drivers/STM32F4xx_HAL_Driver/Src/stm32f4xx_hal_rcc.o
 .debug_macro   0x0002227f      0x1c5 ./Drivers/STM32F4xx_HAL_Driver/Src/stm32f4xx_hal_tim.o
 .debug_macro   0x00022444      0x1c4 ./Drivers/STM32F4xx_HAL_Driver/Src/stm32f4xx_hal_tim_ex.o
 .debug_macro   0x00022608      0x203 ./common/Thirdparty/FreeRTOS/list.o
 .debug_macro   0x0002280b      0x327 ./common/Thirdparty/FreeRTOS/tasks.o
 .debug_macro   0x00022b32       0x17 ./common/Thirdparty/FreeRTOS/tasks.o
 .debug_macro   0x00022b49      0x230 ./common/Thirdparty/FreeRTOS/portable/GCC/ARM_CM4F/port.o
 .debug_macro   0x00022d79      0x298 ./common/Thirdparty/FreeRTOS/portable/MemMang/heap_4.o
 .debug_macro   0x00023011      0x146 ./common/Thirdparty/SEGGER/Config/SEGGER_SYSVIEW_Config_FreeRTOS.o
 .debug_macro   0x00023157      0x212 ./common/Thirdparty/SEGGER/Os/SEGGER_SYSVIEW_FreeRTOS.o
 .debug_macro   0x00023369       0x61 ./common/Thirdparty/SEGGER/Os/SEGGER_SYSVIEW_FreeRTOS.o
 .debug_macro   0x000233ca      0x41d ./common/Thirdparty/SEGGER/REC/segger_uart.o
 .debug_macro   0x000237e7       0x3b ./common/Thirdparty/SEGGER/REC/segger_uart.o
 .debug_macro   0x00023822      0x138 ./common/Thirdparty/SEGGER/REC/segger_uart.o
 .debug_macro   0x0002395a       0x56 ./common/Thirdparty/SEGGER/REC/segger_uart.o
 .debug_macro   0x000239b0      0x1e8 ./common/Thirdparty/SEGGER/Segger/SEGGER_RTT.o
 .debug_macro   0x00023b98       0x35 ./common/Thirdparty/SEGGER/Segger/SEGGER_RTT.o
 .debug_macro   0x00023bcd      0x251 ./common/Thirdparty/SEGGER/Segger/SEGGER_SYSVIEW.o
 .debug_macro   0x00023e1e      0x234 ./common/Thirdparty/SEGGER/Segger/SEGGER_SYSVIEW.o

.debug_line     0x00000000    0x148d8
 .debug_line    0x00000000      0xc76 ./Core/Src/main.o
 .debug_line    0x00000c76      0x9a2 ./Core/Src/stm32f4xx_hal_msp.o
 .debug_line    0x00001618      0x7b2 ./Core/Src/stm32f4xx_hal_timebase_tim.o
 .debug_line    0x00001dca      0x7d3 ./Core/Src/stm32f4xx_it.o
 .debug_line    0x0000259d      0x7bb ./Core/Src/system_stm32f4xx.o
 .debug_line    0x00002d58       0x7a ./Core/Startup/startup_stm32f407vgtx.o
 .debug_line    0x00002dd2      0xa24 ./Drivers/STM32F4xx_HAL_Driver/Src/stm32f4xx_hal.o
 .debug_line    0x000037f6      0xd16 ./Drivers/STM32F4xx_HAL_Driver/Src/stm32f4xx_hal_cortex.o
 .debug_line    0x0000450c      0xbb0 ./Drivers/STM32F4xx_HAL_Driver/Src/stm32f4xx_hal_gpio.o
 .debug_line    0x000050bc      0xdaf ./Drivers/STM32F4xx_HAL_Driver/Src/stm32f4xx_hal_rcc.o
 .debug_line    0x00005e6b     0x37c8 ./Drivers/STM32F4xx_HAL_Driver/Src/stm32f4xx_hal_tim.o
 .debug_line    0x00009633     0x1a1a ./Drivers/STM32F4xx_HAL_Driver/Src/stm32f4xx_hal_tim_ex.o
 .debug_line    0x0000b04d      0x940 ./common/Thirdparty/FreeRTOS/list.o
 .debug_line    0x0000b98d     0x23d0 ./common/Thirdparty/FreeRTOS/tasks.o
 .debug_line    0x0000dd5d      0xab3 ./common/Thirdparty/FreeRTOS/portable/GCC/ARM_CM4F/port.o
 .debug_line    0x0000e810      0xcf7 ./common/Thirdparty/FreeRTOS/portable/MemMang/heap_4.o
 .debug_line    0x0000f507      0x6bc ./common/Thirdparty/SEGGER/Config/SEGGER_SYSVIEW_Config_FreeRTOS.o
 .debug_line    0x0000fbc3      0x9a1 ./common/Thirdparty/SEGGER/Os/SEGGER_SYSVIEW_FreeRTOS.o
 .debug_line    0x00010564      0xbfc ./common/Thirdparty/SEGGER/REC/segger_uart.o
 .debug_line    0x00011160      0xf8a ./common/Thirdparty/SEGGER/Segger/SEGGER_RTT.o
 .debug_line    0x000120ea       0x86 ./common/Thirdparty/SEGGER/Segger/SEGGER_RTT_ASM_ARMv7M.o
 .debug_line    0x00012170     0x2768 ./common/Thirdparty/SEGGER/Segger/SEGGER_SYSVIEW.o

.debug_str      0x00000000    0xe80c6
 .debug_str     0x00000000    0xdc578 ./Core/Src/main.o
                              0xdc93b (size before relaxing)
 .debug_str     0x000dc578       0x40 ./Core/Src/stm32f4xx_hal_msp.o
                              0xd9ec8 (size before relaxing)
 .debug_str     0x000dc5b8      0x5fe ./Core/Src/stm32f4xx_hal_timebase_tim.o
                              0xc2c17 (size before relaxing)
 .debug_str     0x000dcbb6       0xb9 ./Core/Src/stm32f4xx_it.o
                              0xc2bd1 (size before relaxing)
 .debug_str     0x000dcc6f       0xdb ./Core/Src/system_stm32f4xx.o
                              0xc2120 (size before relaxing)
 .debug_str     0x000dcd4a       0x44 ./Core/Startup/startup_stm32f407vgtx.o
                                 0x7e (size before relaxing)
 .debug_str     0x000dcd8e      0x5d3 ./Drivers/STM32F4xx_HAL_Driver/Src/stm32f4xx_hal.o
                              0xc2ca4 (size before relaxing)
 .debug_str     0x000dd361      0x37a ./Drivers/STM32F4xx_HAL_Driver/Src/stm32f4xx_hal_cortex.o
                              0xc2a20 (size before relaxing)
 .debug_str     0x000dd6db      0x10d ./Drivers/STM32F4xx_HAL_Driver/Src/stm32f4xx_hal_gpio.o
                              0xc229b (size before relaxing)
 .debug_str     0x000dd7e8      0x1f2 ./Drivers/STM32F4xx_HAL_Driver/Src/stm32f4xx_hal_rcc.o
                              0xc2554 (size before relaxing)
 .debug_str     0x000dd9da      0xe79 ./Drivers/STM32F4xx_HAL_Driver/Src/stm32f4xx_hal_tim.o
                              0xc34aa (size before relaxing)
 .debug_str     0x000de853      0x503 ./Drivers/STM32F4xx_HAL_Driver/Src/stm32f4xx_hal_tim_ex.o
                              0xc2cb6 (size before relaxing)
 .debug_str     0x000ded56     0x3390 ./common/Thirdparty/FreeRTOS/list.o
                              0x1f752 (size before relaxing)
 .debug_str     0x000e20e6     0x239a ./common/Thirdparty/FreeRTOS/tasks.o
                              0x230e0 (size before relaxing)
 .debug_str     0x000e4480      0x968 ./common/Thirdparty/FreeRTOS/portable/GCC/ARM_CM4F/port.o
                              0x1e2e0 (size before relaxing)
 .debug_str     0x000e4de8      0x769 ./common/Thirdparty/FreeRTOS/portable/MemMang/heap_4.o
                              0x212a6 (size before relaxing)
 .debug_str     0x000e5551      0x1de ./common/Thirdparty/SEGGER/Config/SEGGER_SYSVIEW_Config_FreeRTOS.o
                              0x1b9e6 (size before relaxing)
 .debug_str     0x000e572f      0x124 ./common/Thirdparty/SEGGER/Os/SEGGER_SYSVIEW_FreeRTOS.o
                              0x20b76 (size before relaxing)
 .debug_str     0x000e5853     0x1054 ./common/Thirdparty/SEGGER/REC/segger_uart.o
                              0xc82c3 (size before relaxing)
 .debug_str     0x000e68a7      0x772 ./common/Thirdparty/SEGGER/Segger/SEGGER_RTT.o
                               0x8796 (size before relaxing)
 .debug_str     0x000e7019       0x57 ./common/Thirdparty/SEGGER/Segger/SEGGER_RTT_ASM_ARMv7M.o
                                 0x9f (size before relaxing)
 .debug_str     0x000e7070     0x1056 ./common/Thirdparty/SEGGER/Segger/SEGGER_SYSVIEW.o
                               0xac37 (size before relaxing)

.comment        0x00000000       0x43
 .comment       0x00000000       0x43 ./Core/Src/main.o
                                 0x44 (size before relaxing)
 .comment       0x00000043       0x44 ./Core/Src/stm32f4xx_hal_msp.o
 .comment       0x00000043       0x44 ./Core/Src/stm32f4xx_hal_timebase_tim.o
 .comment       0x00000043       0x44 ./Core/Src/stm32f4xx_it.o
 .comment       0x00000043       0x44 ./Core/Src/system_stm32f4xx.o
 .comment       0x00000043       0x44 ./Drivers/STM32F4xx_HAL_Driver/Src/stm32f4xx_hal.o
 .comment       0x00000043       0x44 ./Drivers/STM32F4xx_HAL_Driver/Src/stm32f4xx_hal_cortex.o
 .comment       0x00000043       0x44 ./Drivers/STM32F4xx_HAL_Driver/Src/stm32f4xx_hal_gpio.o
 .comment       0x00000043       0x44 ./Drivers/STM32F4xx_HAL_Driver/Src/stm32f4xx_hal_rcc.o
 .comment       0x00000043       0x44 ./Drivers/STM32F4xx_HAL_Driver/Src/stm32f4xx_hal_tim.o
 .comment       0x00000043       0x44 ./Drivers/STM32F4xx_HAL_Driver/Src/stm32f4xx_hal_tim_ex.o
 .comment       0x00000043       0x44 ./common/Thirdparty/FreeRTOS/list.o
 .comment       0x00000043       0x44 ./common/Thirdparty/FreeRTOS/tasks.o
 .comment       0x00000043       0x44 ./common/Thirdparty/FreeRTOS/portable/GCC/ARM_CM4F/port.o
 .comment       0x00000043       0x44 ./common/Thirdparty/FreeRTOS/portable/MemMang/heap_4.o
 .comment       0x00000043       0x44 ./common/Thirdparty/SEGGER/Config/SEGGER_SYSVIEW_Config_FreeRTOS.o
 .comment       0x00000043       0x44 ./common/Thirdparty/SEGGER/Os/SEGGER_SYSVIEW_FreeRTOS.o
 .comment       0x00000043       0x44 ./common/Thirdparty/SEGGER/REC/segger_uart.o
 .comment       0x00000043       0x44 ./common/Thirdparty/SEGGER/Segger/SEGGER_RTT.o
 .comment       0x00000043       0x44 ./common/Thirdparty/SEGGER/Segger/SEGGER_SYSVIEW.o

.debug_frame    0x00000000     0x4b40
 .debug_frame   0x00000000      0x138 ./Core/Src/main.o
 .debug_frame   0x00000138       0x34 ./Core/Src/stm32f4xx_hal_msp.o
 .debug_frame   0x0000016c       0x74 ./Core/Src/stm32f4xx_hal_timebase_tim.o
 .debug_frame   0x000001e0       0xc4 ./Core/Src/stm32f4xx_it.o
 .debug_frame   0x000002a4       0x58 ./Core/Src/system_stm32f4xx.o
 .debug_frame   0x000002fc      0x374 ./Drivers/STM32F4xx_HAL_Driver/Src/stm32f4xx_hal.o
 .debug_frame   0x00000670      0x508 ./Drivers/STM32F4xx_HAL_Driver/Src/stm32f4xx_hal_cortex.o
 .debug_frame   0x00000b78      0x14c ./Drivers/STM32F4xx_HAL_Driver/Src/stm32f4xx_hal_gpio.o
 .debug_frame   0x00000cc4      0x1f4 ./Drivers/STM32F4xx_HAL_Driver/Src/stm32f4xx_hal_rcc.o
 .debug_frame   0x00000eb8     0x11c0 ./Drivers/STM32F4xx_HAL_Driver/Src/stm32f4xx_hal_tim.o
 .debug_frame   0x00002078      0x638 ./Drivers/STM32F4xx_HAL_Driver/Src/stm32f4xx_hal_tim_ex.o
 .debug_frame   0x000026b0       0xc4 ./common/Thirdparty/FreeRTOS/list.o
 .debug_frame   0x00002774      0x96c ./common/Thirdparty/FreeRTOS/tasks.o
 .debug_frame   0x000030e0      0x1d0 ./common/Thirdparty/FreeRTOS/portable/GCC/ARM_CM4F/port.o
 .debug_frame   0x000032b0      0x194 ./common/Thirdparty/FreeRTOS/portable/MemMang/heap_4.o
 .debug_frame   0x00003444       0x48 ./common/Thirdparty/SEGGER/Config/SEGGER_SYSVIEW_Config_FreeRTOS.o
 .debug_frame   0x0000348c      0x104 ./common/Thirdparty/SEGGER/Os/SEGGER_SYSVIEW_FreeRTOS.o
 .debug_frame   0x00003590      0x178 ./common/Thirdparty/SEGGER/REC/segger_uart.o
 .debug_frame   0x00003708      0x52c ./common/Thirdparty/SEGGER/Segger/SEGGER_RTT.o
 .debug_frame   0x00003c34      0xe10 ./common/Thirdparty/SEGGER/Segger/SEGGER_SYSVIEW.o
 .debug_frame   0x00004a44       0x28 E:/ST/STM32CubeIDE_1.12.1/STM32CubeIDE/plugins/com.st.stm32cube.ide.mcu.externaltools.gnu-tools-for-stm32.12.3.rel1.win32_1.0.200.202406191623/tools/bin/../lib/gcc/arm-none-eabi/12.3.1/../../../../arm-none-eabi/lib/thumb/v7e-m+fp/hard\libc_nano.a(libc_a-memcmp.o)
 .debug_frame   0x00004a6c       0x20 E:/ST/STM32CubeIDE_1.12.1/STM32CubeIDE/plugins/com.st.stm32cube.ide.mcu.externaltools.gnu-tools-for-stm32.12.3.rel1.win32_1.0.200.202406191623/tools/bin/../lib/gcc/arm-none-eabi/12.3.1/../../../../arm-none-eabi/lib/thumb/v7e-m+fp/hard\libc_nano.a(libc_a-memset.o)
 .debug_frame   0x00004a8c       0x2c E:/ST/STM32CubeIDE_1.12.1/STM32CubeIDE/plugins/com.st.stm32cube.ide.mcu.externaltools.gnu-tools-for-stm32.12.3.rel1.win32_1.0.200.202406191623/tools/bin/../lib/gcc/arm-none-eabi/12.3.1/../../../../arm-none-eabi/lib/thumb/v7e-m+fp/hard\libc_nano.a(libc_a-init.o)
 .debug_frame   0x00004ab8       0x28 E:/ST/STM32CubeIDE_1.12.1/STM32CubeIDE/plugins/com.st.stm32cube.ide.mcu.externaltools.gnu-tools-for-stm32.12.3.rel1.win32_1.0.200.202406191623/tools/bin/../lib/gcc/arm-none-eabi/12.3.1/../../../../arm-none-eabi/lib/thumb/v7e-m+fp/hard\libc_nano.a(libc_a-memcpy-stub.o)
 .debug_frame   0x00004ae0       0x2c E:/ST/STM32CubeIDE_1.12.1/STM32CubeIDE/plugins/com.st.stm32cube.ide.mcu.externaltools.gnu-tools-for-stm32.12.3.rel1.win32_1.0.200.202406191623/tools/bin/../lib/gcc/arm-none-eabi/12.3.1/thumb/v7e-m+fp/hard\libgcc.a(_aeabi_uldivmod.o)
 .debug_frame   0x00004b0c       0x34 E:/ST/STM32CubeIDE_1.12.1/STM32CubeIDE/plugins/com.st.stm32cube.ide.mcu.externaltools.gnu-tools-for-stm32.12.3.rel1.win32_1.0.200.202406191623/tools/bin/../lib/gcc/arm-none-eabi/12.3.1/thumb/v7e-m+fp/hard\libgcc.a(_udivmoddi4.o)

.debug_line_str
                0x00000000       0xb9
 .debug_line_str
                0x00000000       0x62 ./Core/Startup/startup_stm32f407vgtx.o
 .debug_line_str
                0x00000062       0x57 ./common/Thirdparty/SEGGER/Segger/SEGGER_RTT_ASM_ARMv7M.o
                                 0x91 (size before relaxing)
