Archive member included to satisfy reference by file (symbol)

E:/ST/STM32CubeIDE_1.12.1/STM32CubeIDE/plugins/com.st.stm32cube.ide.mcu.externaltools.gnu-tools-for-stm32.12.3.rel1.win32_1.0.200.202406191623/tools/bin/../lib/gcc/arm-none-eabi/12.3.1/../../../../arm-none-eabi/lib/thumb/v7e-m+fp/hard\libc_nano.a(libc_a-exit.o)
                              E:/ST/STM32CubeIDE_1.12.1/STM32CubeIDE/plugins/com.st.stm32cube.ide.mcu.externaltools.gnu-tools-for-stm32.12.3.rel1.win32_1.0.200.202406191623/tools/bin/../lib/gcc/arm-none-eabi/12.3.1/../../../../arm-none-eabi/lib/thumb/v7e-m+fp/hard/crt0.o (exit)
E:/ST/STM32CubeIDE_1.12.1/STM32CubeIDE/plugins/com.st.stm32cube.ide.mcu.externaltools.gnu-tools-for-stm32.12.3.rel1.win32_1.0.200.202406191623/tools/bin/../lib/gcc/arm-none-eabi/12.3.1/../../../../arm-none-eabi/lib/thumb/v7e-m+fp/hard\libc_nano.a(libc_a-findfp.o)
                              E:/ST/STM32CubeIDE_1.12.1/STM32CubeIDE/plugins/com.st.stm32cube.ide.mcu.externaltools.gnu-tools-for-stm32.12.3.rel1.win32_1.0.200.202406191623/tools/bin/../lib/gcc/arm-none-eabi/12.3.1/../../../../arm-none-eabi/lib/thumb/v7e-m+fp/hard\libc_nano.a(libc_a-exit.o) (__stdio_exit_handler)
E:/ST/STM32CubeIDE_1.12.1/STM32CubeIDE/plugins/com.st.stm32cube.ide.mcu.externaltools.gnu-tools-for-stm32.12.3.rel1.win32_1.0.200.202406191623/tools/bin/../lib/gcc/arm-none-eabi/12.3.1/../../../../arm-none-eabi/lib/thumb/v7e-m+fp/hard\libc_nano.a(libc_a-fwalk.o)
                              E:/ST/STM32CubeIDE_1.12.1/STM32CubeIDE/plugins/com.st.stm32cube.ide.mcu.externaltools.gnu-tools-for-stm32.12.3.rel1.win32_1.0.200.202406191623/tools/bin/../lib/gcc/arm-none-eabi/12.3.1/../../../../arm-none-eabi/lib/thumb/v7e-m+fp/hard\libc_nano.a(libc_a-findfp.o) (_fwalk_sglue)
E:/ST/STM32CubeIDE_1.12.1/STM32CubeIDE/plugins/com.st.stm32cube.ide.mcu.externaltools.gnu-tools-for-stm32.12.3.rel1.win32_1.0.200.202406191623/tools/bin/../lib/gcc/arm-none-eabi/12.3.1/../../../../arm-none-eabi/lib/thumb/v7e-m+fp/hard\libc_nano.a(libc_a-stdio.o)
                              E:/ST/STM32CubeIDE_1.12.1/STM32CubeIDE/plugins/com.st.stm32cube.ide.mcu.externaltools.gnu-tools-for-stm32.12.3.rel1.win32_1.0.200.202406191623/tools/bin/../lib/gcc/arm-none-eabi/12.3.1/../../../../arm-none-eabi/lib/thumb/v7e-m+fp/hard\libc_nano.a(libc_a-findfp.o) (__sread)
E:/ST/STM32CubeIDE_1.12.1/STM32CubeIDE/plugins/com.st.stm32cube.ide.mcu.externaltools.gnu-tools-for-stm32.12.3.rel1.win32_1.0.200.202406191623/tools/bin/../lib/gcc/arm-none-eabi/12.3.1/../../../../arm-none-eabi/lib/thumb/v7e-m+fp/hard\libc_nano.a(libc_a-memcmp.o)
                              ./common/Thirdparty/SEGGER/Os/SEGGER_SYSVIEW_FreeRTOS.o (memcmp)
E:/ST/STM32CubeIDE_1.12.1/STM32CubeIDE/plugins/com.st.stm32cube.ide.mcu.externaltools.gnu-tools-for-stm32.12.3.rel1.win32_1.0.200.202406191623/tools/bin/../lib/gcc/arm-none-eabi/12.3.1/../../../../arm-none-eabi/lib/thumb/v7e-m+fp/hard\libc_nano.a(libc_a-memset.o)
                              E:/ST/STM32CubeIDE_1.12.1/STM32CubeIDE/plugins/com.st.stm32cube.ide.mcu.externaltools.gnu-tools-for-stm32.12.3.rel1.win32_1.0.200.202406191623/tools/bin/../lib/gcc/arm-none-eabi/12.3.1/../../../../arm-none-eabi/lib/thumb/v7e-m+fp/hard/crt0.o (memset)
E:/ST/STM32CubeIDE_1.12.1/STM32CubeIDE/plugins/com.st.stm32cube.ide.mcu.externaltools.gnu-tools-for-stm32.12.3.rel1.win32_1.0.200.202406191623/tools/bin/../lib/gcc/arm-none-eabi/12.3.1/../../../../arm-none-eabi/lib/thumb/v7e-m+fp/hard\libc_nano.a(libc_a-closer.o)
                              E:/ST/STM32CubeIDE_1.12.1/STM32CubeIDE/plugins/com.st.stm32cube.ide.mcu.externaltools.gnu-tools-for-stm32.12.3.rel1.win32_1.0.200.202406191623/tools/bin/../lib/gcc/arm-none-eabi/12.3.1/../../../../arm-none-eabi/lib/thumb/v7e-m+fp/hard\libc_nano.a(libc_a-stdio.o) (_close_r)
E:/ST/STM32CubeIDE_1.12.1/STM32CubeIDE/plugins/com.st.stm32cube.ide.mcu.externaltools.gnu-tools-for-stm32.12.3.rel1.win32_1.0.200.202406191623/tools/bin/../lib/gcc/arm-none-eabi/12.3.1/../../../../arm-none-eabi/lib/thumb/v7e-m+fp/hard\libc_nano.a(libc_a-reent.o)
                              E:/ST/STM32CubeIDE_1.12.1/STM32CubeIDE/plugins/com.st.stm32cube.ide.mcu.externaltools.gnu-tools-for-stm32.12.3.rel1.win32_1.0.200.202406191623/tools/bin/../lib/gcc/arm-none-eabi/12.3.1/../../../../arm-none-eabi/lib/thumb/v7e-m+fp/hard\libc_nano.a(libc_a-closer.o) (errno)
E:/ST/STM32CubeIDE_1.12.1/STM32CubeIDE/plugins/com.st.stm32cube.ide.mcu.externaltools.gnu-tools-for-stm32.12.3.rel1.win32_1.0.200.202406191623/tools/bin/../lib/gcc/arm-none-eabi/12.3.1/../../../../arm-none-eabi/lib/thumb/v7e-m+fp/hard\libc_nano.a(libc_a-impure.o)
                              E:/ST/STM32CubeIDE_1.12.1/STM32CubeIDE/plugins/com.st.stm32cube.ide.mcu.externaltools.gnu-tools-for-stm32.12.3.rel1.win32_1.0.200.202406191623/tools/bin/../lib/gcc/arm-none-eabi/12.3.1/../../../../arm-none-eabi/lib/thumb/v7e-m+fp/hard\libc_nano.a(libc_a-reent.o) (_impure_ptr)
[...]
Memory Configuration

Name             Origin             Length             Attributes
CCMRAM           0x10000000         0x00010000         xrw
RAM              0x20000000         0x00020000         xrw
FLASH            0x08000000         0x00100000         xr
*default*        0x00000000         0xffffffff

Linker script and memory map

LOAD E:/ST/STM32CubeIDE_1.12.1/STM32CubeIDE/plugins/com.st.stm32cube.ide.mcu.externaltools.gnu-tools-for-stm32.12.3.rel1.win32_1.0.200.202406191623/tools/bin/../lib/gcc/arm-none-eabi/12.3.1/thumb/v7e-m+fp/hard/crti.o
LOAD E:/ST/STM32CubeIDE_1.12.1/STM32CubeIDE/plugins/com.st.stm32cube.ide.mcu.externaltools.gnu-tools-for-stm32.12.3.rel1.win32_1.0.200.202406191623/tools/bin/../lib/gcc/arm-none-eabi/12.3.1/thumb/v7e-m+fp/hard/crtbegin.o
LOAD E:/ST/STM32CubeIDE_1.12.1/STM32CubeIDE/plugins/com.st.stm32cube.ide.mcu.externaltools.gnu-tools-for-stm32.12.3.rel1.win32_1.0.200.202406191623/tools/bin/../lib/gcc/arm-none-eabi/12.3.1/../../../../arm-none-eabi/lib/thumb/v7e-m+fp/hard/crt0.o
LOAD ./Core/Src/main.o
LOAD ./Core/Src/stm32f4xx_hal_msp.o
LOAD ./Core/Src/stm32f4xx_hal_timebase_tim.o
LOAD ./Core/Src/stm32f4xx_it.o
LOAD ./Core/Src/syscalls.o
LOAD ./Core/Src/sysmem.o
LOAD ./Core/Src/system_stm32f4xx.o
LOAD ./Core/Startup/startup_stm32f407vgtx.o
LOAD ./Drivers/STM32F4xx_HAL_Driver/Src/stm32f4xx_hal.o
LOAD ./Drivers/STM32F4xx_HAL_Driver/Src/stm32f4xx_hal_cortex.o
LOAD ./Drivers/STM32F4xx_HAL_Driver/Src/stm32f4xx_hal_dma.o
LOAD ./Drivers/STM32F4xx_HAL_Driver/Src/stm32f4xx_hal_dma_ex.o
LOAD ./Drivers/STM32F4xx_HAL_Driver/Src/stm32f4xx_hal_exti.o
LOAD ./Drivers/STM32F4xx_HAL_Driver/Src/stm32f4xx_hal_flash.o
LOAD ./Drivers/STM32F4xx_HAL_Driver/Src/stm32f4xx_hal_flash_ex.o
LOAD ./Drivers/STM32F4xx_HAL_Driver/Src/stm32f4xx_hal_flash_ramfunc.o
LOAD ./Drivers/STM32F4xx_HAL_Driver/Src/stm32f4xx_hal_gpio.o
LOAD ./Drivers/STM32F4xx_HAL_Driver/Src/stm32f4xx_hal_pwr.o
LOAD ./Drivers/STM32F4xx_HAL_Driver/Src/stm32f4xx_hal_pwr_ex.o
LOAD ./Drivers/STM32F4xx_HAL_Driver/Src/stm32f4xx_hal_rcc.o
LOAD ./Drivers/STM32F4xx_HAL_Driver/Src/stm32f4xx_hal_rcc_ex.o
LOAD ./Drivers/STM32F4xx_HAL_Driver/Src/stm32f4xx_hal_tim.o
LOAD ./Drivers/STM32F4xx_HAL_Driver/Src/stm32f4xx_hal_tim_ex.o
LOAD ./common/Thirdparty/FreeRTOS/croutine.o
LOAD ./common/Thirdparty/FreeRTOS/event_groups.o
LOAD ./common/Thirdparty/FreeRTOS/list.o
LOAD ./common/Thirdparty/FreeRTOS/queue.o
LOAD ./common/Thirdparty/FreeRTOS/stream_buffer.o
LOAD ./common/Thirdparty/FreeRTOS/tasks.o
LOAD ./common/Thirdparty/FreeRTOS/timers.o
LOAD ./common/Thirdparty/FreeRTOS/portable/GCC/ARM_CM4F/port.o
LOAD ./common/Thirdparty/FreeRTOS/portable/MemMang/heap_4.o
LOAD ./common/Thirdparty/SEGGER/Config/SEGGER_SYSVIEW_Config_FreeRTOS.o
LOAD ./common/Thirdparty/SEGGER/Os/SEGGER_SYSVIEW_FreeRTOS.o
LOAD ./common/Thirdparty/SEGGER/REC/segger_uart.o
LOAD ./common/Thirdparty/SEGGER/Segger/SEGGER_RTT.o
LOAD ./common/Thirdparty/SEGGER/Segger/SEGGER_RTT_ASM_ARMv7M.o
LOAD ./common/Thirdparty/SEGGER/Segger/SEGGER_RTT_printf.o
LOAD ./common/Thirdparty/SEGGER/Segger/SEGGER_SYSVIEW.o
LOAD ./common/Thirdparty/SEGGER/Segger/Syscalls/SEGGER_RTT_Syscalls_GCC.o
START GROUP
LOAD E:/ST/STM32CubeIDE_1.12.1/STM32CubeIDE/plugins/com.st.stm32cube.ide.mcu.externaltools.gnu-tools-for-stm32.12.3.rel1.win32_1.0.200.202406191623/tools/bin/../lib/gcc/arm-none-eabi/12.3.1/../../../../arm-none-eabi/lib/thumb/v7e-m+fp/hard\libc_nano.a
LOAD E:/ST/STM32CubeIDE_1.12.1/STM32CubeIDE/plugins/com.st.stm32cube.ide.mcu.externaltools.gnu-tools-for-stm32.12.3.rel1.win32_1.0.200.202406191623/tools/bin/../lib/gcc/arm-none-eabi/12.3.1/../../../../arm-none-eabi/lib/thumb/v7e-m+fp/hard\libm.a
END GROUP
START GROUP
LOAD E:/ST/STM32CubeIDE_1.12.1/STM32CubeIDE/plugins/com.st.stm32cube.ide.mcu.externaltools.gnu-tools-for-stm32.12.3.rel1.win32_1.0.200.202406191623/tools/bin/../lib/gcc/arm-none-eabi/12.3.1/thumb/v7e-m+fp/hard\libgcc.a
LOAD E:/ST/STM32CubeIDE_1.12.1/STM32CubeIDE/plugins/com.st.stm32cube.ide.mcu.externaltools.gnu-tools-for-stm32.12.3.rel1.win32_1.0.200.202406191623/tools/bin/../lib/gcc/arm-none-eabi/12.3.1/../../../../arm-none-eabi/lib/thumb/v7e-m+fp/hard\libc_nano.a
END GROUP
START GROUP
LOAD E:/ST/STM32CubeIDE_1.12.1/STM32CubeIDE/plugins/com.st.stm32cube.ide.mcu.externaltools.gnu-tools-for-stm32.12.3.rel1.win32_1.0.200.202406191623/tools/bin/../lib/gcc/arm-none-eabi/12.3.1/thumb/v7e-m+fp/hard\libgcc.a
LOAD E:/ST/STM32CubeIDE_1.12.1/STM32CubeIDE/plugins/com.st.stm32cube.ide.mcu.externaltools.gnu-tools-for-stm32.12.3.rel1.win32_1.0.200.202406191623/tools/bin/../lib/gcc/arm-none-eabi/12.3.1/../../../../arm-none-eabi/lib/thumb/v7e-m+fp/hard\libc_nano.a
LOAD E:/ST/STM32CubeIDE_1.12.1/STM32CubeIDE/plugins/com.st.stm32cube.ide.mcu.externaltools.gnu-tools-for-stm32.12.3.rel1.win32_1.0.200.202406191623/tools/bin/../lib/gcc/arm-none-eabi/12.3.1/../../../../arm-none-eabi/lib/thumb/v7e-m+fp/hard\libnosys.a
END GROUP
START GROUP
LOAD E:/ST/STM32CubeIDE_1.12.1/STM32CubeIDE/plugins/com.st.stm32cube.ide.mcu.externaltools.gnu-tools-for-stm32.12.3.rel1.win32_1.0.200.202406191623/tools/bin/../lib/gcc/arm-none-eabi/12.3.1/thumb/v7e-m+fp/hard\libgcc.a
LOAD E:/ST/STM32CubeIDE_1.12.1/STM32CubeIDE/plugins/com.st.stm32cube.ide.mcu.externaltools.gnu-tools-for-stm32.12.3.rel1.win32_1.0.200.202406191623/tools/bin/../lib/gcc/arm-none-eabi/12.3.1/../../../../arm-none-eabi/lib/thumb/v7e-m+fp/hard\libc_nano.a
LOAD E:/ST/STM32CubeIDE_1.12.1/STM32CubeIDE/plugins/com.st.stm32cube.ide.mcu.externaltools.gnu-tools-for-stm32.12.3.rel1.win32_1.0.200.202406191623/tools/bin/../lib/gcc/arm-none-eabi/12.3.1/../../../../arm-none-eabi/lib/thumb/v7e-m+fp/hard\libnosys.a
END GROUP
LOAD E:/ST/STM32CubeIDE_1.12.1/STM32CubeIDE/plugins/com.st.stm32cube.ide.mcu.externaltools.gnu-tools-for-stm32.12.3.rel1.win32_1.0.200.202406191623/tools/bin/../lib/gcc/arm-none-eabi/12.3.1/thumb/v7e-m+fp/hard/crtend.o
LOAD E:/ST/STM32CubeIDE_1.12.1/STM32CubeIDE/plugins/com.st.stm32cube.ide.mcu.externaltools.gnu-tools-for-stm32.12.3.rel1.win32_1.0.200.202406191623/tools/bin/../lib/gcc/arm-none-eabi/12.3.1/thumb/v7e-m+fp/hard/crtn.o
                0x20020000                        _estack = (ORIGIN (RAM) + LENGTH (RAM))
                0x00000200                        _Min_Heap_Size = 0x200
                0x00000400                        _Min_Stack_Size = 0x400

.isr_vector     0x08000000      0x188
                0x08000000                        . = ALIGN (0x4)
 *(.isr_vector)
 .isr_vector    0x08000000      0x188 ./Core/Startup/startup_stm32f407vgtx.o
                0x08000000                g_pfnVectors
                0x08000188                        . = ALIGN (0x4)

.text           0x08000190     0x6284
                0x08000190                        . = ALIGN (0x4)
 *(.text)
 .text          0x08000190       0x40 E:/ST/STM32CubeIDE_1.12.1/STM32CubeIDE/plugins/com.st.stm32cube.ide.mcu.externaltools.gnu-tools-for-stm32.12.3.rel1.win32_1.0.200.202406191623/tools/bin/../lib/gcc/arm-none-eabi/12.3.1/thumb/v7e-m+fp/hard/crtbegin.o
 .text          0x080001d0       0x94 ./common/Thirdparty/SEGGER/Segger/SEGGER_RTT_ASM_ARMv7M.o
                0x080001d0                SEGGER_RTT_ASM_WriteSkipNoLock
 .text          0x08000264       0x30 E:/ST/STM32CubeIDE_1.12.1/STM32CubeIDE/plugins/com.st.stm32cube.ide.mcu.externaltools.gnu-tools-for-stm32.12.3.rel1.win32_1.0.200.202406191623/tools/bin/../lib/gcc/arm-none-eabi/12.3.1/thumb/v7e-m+fp/hard\libgcc.a(_aeabi_uldivmod.o)
                0x08000264                __aeabi_uldivmod
 .text          0x08000294      0x2bc E:/ST/STM32CubeIDE_1.12.1/STM32CubeIDE/plugins/com.st.stm32cube.ide.mcu.externaltools.gnu-tools-for-stm32.12.3.rel1.win32_1.0.200.202406191623/tools/bin/../lib/gcc/arm-none-eabi/12.3.1/thumb/v7e-m+fp/hard\libgcc.a(_udivmoddi4.o)
                0x08000294                __udivmoddi4
 .text          0x08000550        0x4 E:/ST/STM32CubeIDE_1.12.1/STM32CubeIDE/plugins/com.st.stm32cube.ide.mcu.externaltools.gnu-tools-for-stm32.12.3.rel1.win32_1.0.200.202406191623/tools/bin/../lib/gcc/arm-none-eabi/12.3.1/thumb/v7e-m+fp/hard\libgcc.a(_dvmd_tls.o)
                0x08000550                __aeabi_idiv0
                0x08000550                __aeabi_ldiv0
 *(.text*)
 .text.main     0x08000554       0xf0 ./Core/Src/main.o
                0x08000554                main
 .text.SystemClock_Config
                0x08000644       0xd4 ./Core/Src/main.o
                0x08000644                SystemClock_Config
 .text.MX_GPIO_Init
                0x08000718      0x2bc ./Core/Src/main.o
 .text.led_green_handler
                0x080009d4       0x2c ./Core/Src/main.o
 .text.led_red_handler
                0x08000a00       0x2c ./Core/Src/main.o
 .text.led_blue_handler
                0x08000a2c       0x2c ./Core/Src/main.o
 .text.HAL_TIM_PeriodElapsedCallback
                0x08000a58       0x24 ./Core/Src/main.o
                0x08000a58                HAL_TIM_PeriodElapsedCallback
 .text.Error_Handler
                0x08000a7c        0xc ./Core/Src/main.o
                0x08000a7c                Error_Handler
 .text.HAL_MspInit
                0x08000a88       0x50 ./Core/Src/stm32f4xx_hal_msp.o
                0x08000a88                HAL_MspInit
 .text.HAL_InitTick
                0x08000ad8       0xf8 ./Core/Src/stm32f4xx_hal_timebase_tim.o
                0x08000ad8                HAL_InitTick
 .text.NMI_Handler
                0x08000bd0        0x8 ./Core/Src/stm32f4xx_it.o
                0x08000bd0                NMI_Handler
 .text.HardFault_Handler
                0x08000bd8        0x8 ./Core/Src/stm32f4xx_it.o
                0x08000bd8                HardFault_Handler
 .text.MemManage_Handler
                0x08000be0        0x8 ./Core/Src/stm32f4xx_it.o
                0x08000be0                MemManage_Handler
 .text.BusFault_Handler
                0x08000be8        0x8 ./Core/Src/stm32f4xx_it.o
                0x08000be8                BusFault_Handler
 .text.UsageFault_Handler
                0x08000bf0        0x8 ./Core/Src/stm32f4xx_it.o
                0x08000bf0                UsageFault_Handler
 .text.DebugMon_Handler
                0x08000bf8        0xe ./Core/Src/stm32f4xx_it.o
                0x08000bf8                DebugMon_Handler
 *fill*         0x08000c06        0x2 
 .text.TIM6_DAC_IRQHandler
                0x08000c08       0x14 ./Core/Src/stm32f4xx_it.o
                0x08000c08                TIM6_DAC_IRQHandler
 .text.SystemInit
                0x08000c1c       0x24 ./Core/Src/system_stm32f4xx.o
                0x08000c1c                SystemInit
 .text.Reset_Handler
                0x08000c40       0x50 ./Core/Startup/startup_stm32f407vgtx.o
                0x08000c40                Reset_Handler
 .text.Default_Handler
                0x08000c90        0x2 ./Core/Startup/startup_stm32f407vgtx.o
                0x08000c90                RTC_Alarm_IRQHandler
                0x08000c90                HASH_RNG_IRQHandler
                0x08000c90                EXTI2_IRQHandler
                0x08000c90                TIM8_CC_IRQHandler
                0x08000c90                TIM1_CC_IRQHandler
                0x08000c90                DMA2_Stream5_IRQHandler
                0x08000c90                DMA1_Stream5_IRQHandler
                0x08000c90                PVD_IRQHandler
                0x08000c90                SDIO_IRQHandler
                0x08000c90                TAMP_STAMP_IRQHandler
                0x08000c90                CAN2_RX1_IRQHandler
                0x08000c90                EXTI3_IRQHandler
                0x08000c90                TIM8_TRG_COM_TIM14_IRQHandler
                0x08000c90                TIM1_UP_TIM10_IRQHandler
                0x08000c90                TIM8_UP_TIM13_IRQHandler
                0x08000c90                I2C3_ER_IRQHandler
                0x08000c90                EXTI0_IRQHandler
                0x08000c90                I2C2_EV_IRQHandler
                0x08000c90                DMA1_Stream2_IRQHandler
                0x08000c90                CAN1_RX0_IRQHandler
                0x08000c90                FPU_IRQHandler
                0x08000c90                OTG_HS_WKUP_IRQHandler
                0x08000c90                CAN2_SCE_IRQHandler
                0x08000c90                DMA2_Stream2_IRQHandler
                0x08000c90                SPI1_IRQHandler
                0x08000c90                TIM1_BRK_TIM9_IRQHandler
                0x08000c90                DCMI_IRQHandler
                0x08000c90                CAN2_RX0_IRQHandler
                0x08000c90                DMA2_Stream3_IRQHandler
                0x08000c90                USART6_IRQHandler
                0x08000c90                USART3_IRQHandler
                0x08000c90                CAN1_RX1_IRQHandler
                0x08000c90                UART5_IRQHandler
                0x08000c90                DMA2_Stream0_IRQHandler
                0x08000c90                TIM4_IRQHandler
                0x08000c90                I2C1_EV_IRQHandler
                0x08000c90                DMA1_Stream6_IRQHandler
                0x08000c90                DMA1_Stream1_IRQHandler
                0x08000c90                UART4_IRQHandler
                0x08000c90                TIM3_IRQHandler
                0x08000c90                RCC_IRQHandler
                0x08000c90                TIM8_BRK_TIM12_IRQHandler
                0x08000c90                Default_Handler
                0x08000c90                EXTI15_10_IRQHandler
                0x08000c90                ADC_IRQHandler
                0x08000c90                DMA1_Stream7_IRQHandler
                0x08000c90                TIM7_IRQHandler
                0x08000c90                CAN2_TX_IRQHandler
                0x08000c90                TIM5_IRQHandler
                0x08000c90                DMA2_Stream7_IRQHandler
                0x08000c90                I2C3_EV_IRQHandler
                0x08000c90                EXTI9_5_IRQHandler
                0x08000c90                RTC_WKUP_IRQHandler
                0x08000c90                ETH_WKUP_IRQHandler
                0x08000c90                SPI2_IRQHandler
                0x08000c90                OTG_HS_EP1_IN_IRQHandler
                0x08000c90                DMA1_Stream0_IRQHandler
                0x08000c90                CAN1_TX_IRQHandler
                0x08000c90                EXTI4_IRQHandler
                0x08000c90                FSMC_IRQHandler
                0x08000c90                ETH_IRQHandler
                0x08000c90                OTG_HS_EP1_OUT_IRQHandler
                0x08000c90                WWDG_IRQHandler
                0x08000c90                TIM2_IRQHandler
                0x08000c90                OTG_FS_WKUP_IRQHandler
                0x08000c90                TIM1_TRG_COM_TIM11_IRQHandler
                0x08000c90                OTG_HS_IRQHandler
                0x08000c90                EXTI1_IRQHandler
                0x08000c90                I2C2_ER_IRQHandler
                0x08000c90                DMA2_Stream1_IRQHandler
                0x08000c90                CAN1_SCE_IRQHandler
                0x08000c90                FLASH_IRQHandler
                0x08000c90                DMA2_Stream4_IRQHandler
                0x08000c90                USART1_IRQHandler
                0x08000c90                OTG_FS_IRQHandler
                0x08000c90                SPI3_IRQHandler
                0x08000c90                DMA1_Stream4_IRQHandler
                0x08000c90                I2C1_ER_IRQHandler
                0x08000c90                DMA2_Stream6_IRQHandler
                0x08000c90                DMA1_Stream3_IRQHandler
 *fill*         0x08000c92        0x2 
 .text.HAL_Init
                0x08000c94       0x44 ./Drivers/STM32F4xx_HAL_Driver/Src/stm32f4xx_hal.o
                0x08000c94                HAL_Init
 .text.HAL_IncTick
                0x08000cd8       0x28 ./Drivers/STM32F4xx_HAL_Driver/Src/stm32f4xx_hal.o
                0x08000cd8                HAL_IncTick
 .text.HAL_GetTick
                0x08000d00       0x18 ./Drivers/STM32F4xx_HAL_Driver/Src/stm32f4xx_hal.o
                0x08000d00                HAL_GetTick
 .text.__NVIC_SetPriorityGrouping
                0x08000d18       0x48 ./Drivers/STM32F4xx_HAL_Driver/Src/stm32f4xx_hal_cortex.o
 .text.__NVIC_GetPriorityGrouping
                0x08000d60       0x1c ./Drivers/STM32F4xx_HAL_Driver/Src/stm32f4xx_hal_cortex.o
 .text.__NVIC_EnableIRQ
                0x08000d7c       0x3c ./Drivers/STM32F4xx_HAL_Driver/Src/stm32f4xx_hal_cortex.o
 .text.__NVIC_SetPriority
                0x08000db8       0x54 ./Drivers/STM32F4xx_HAL_Driver/Src/stm32f4xx_hal_cortex.o
 .text.NVIC_EncodePriority
                0x08000e0c       0x66 ./Drivers/STM32F4xx_HAL_Driver/Src/stm32f4xx_hal_cortex.o
 .text.HAL_NVIC_SetPriorityGrouping
                0x08000e72       0x16 ./Drivers/STM32F4xx_HAL_Driver/Src/stm32f4xx_hal_cortex.o
                0x08000e72                HAL_NVIC_SetPriorityGrouping
 .text.HAL_NVIC_SetPriority
                0x08000e88       0x38 ./Drivers/STM32F4xx_HAL_Driver/Src/stm32f4xx_hal_cortex.o
                0x08000e88                HAL_NVIC_SetPriority
 .text.HAL_NVIC_EnableIRQ
                0x08000ec0       0x1c ./Drivers/STM32F4xx_HAL_Driver/Src/stm32f4xx_hal_cortex.o
                0x08000ec0                HAL_NVIC_EnableIRQ
 .text.HAL_GPIO_Init
                0x08000edc      0x338 ./Drivers/STM32F4xx_HAL_Driver/Src/stm32f4xx_hal_gpio.o
                0x08000edc                HAL_GPIO_Init
 .text.HAL_GPIO_WritePin
                0x08001214       0x32 ./Drivers/STM32F4xx_HAL_Driver/Src/stm32f4xx_hal_gpio.o
                0x08001214                HAL_GPIO_WritePin
 .text.HAL_GPIO_TogglePin
                0x08001246       0x34 ./Drivers/STM32F4xx_HAL_Driver/Src/stm32f4xx_hal_gpio.o
                0x08001246                HAL_GPIO_TogglePin
 *fill*         0x0800127a        0x2 
 .text.HAL_RCC_OscConfig
                0x0800127c      0x4f0 ./Drivers/STM32F4xx_HAL_Driver/Src/stm32f4xx_hal_rcc.o
                0x0800127c                HAL_RCC_OscConfig
 .text.HAL_RCC_ClockConfig
                0x0800176c      0x1cc ./Drivers/STM32F4xx_HAL_Driver/Src/stm32f4xx_hal_rcc.o
                0x0800176c                HAL_RCC_ClockConfig
 .text.HAL_RCC_GetSysClockFreq
                0x08001938      0x20c ./Drivers/STM32F4xx_HAL_Driver/Src/stm32f4xx_hal_rcc.o
                0x08001938                HAL_RCC_GetSysClockFreq
 .text.HAL_RCC_GetHCLKFreq
                0x08001b44       0x18 ./Drivers/STM32F4xx_HAL_Driver/Src/stm32f4xx_hal_rcc.o
                0x08001b44                HAL_RCC_GetHCLKFreq
 .text.HAL_RCC_GetPCLK1Freq
                0x08001b5c       0x28 ./Drivers/STM32F4xx_HAL_Driver/Src/stm32f4xx_hal_rcc.o
                0x08001b5c                HAL_RCC_GetPCLK1Freq
 .text.HAL_RCC_GetClockConfig
                0x08001b84       0x64 ./Drivers/STM32F4xx_HAL_Driver/Src/stm32f4xx_hal_rcc.o
                0x08001b84                HAL_RCC_GetClockConfig
 .text.HAL_TIM_Base_Init
                0x08001be8       0x9e ./Drivers/STM32F4xx_HAL_Driver/Src/stm32f4xx_hal_tim.o
                0x08001be8                HAL_TIM_Base_Init
 .text.HAL_TIM_Base_MspInit
                0x08001c86       0x14 ./Drivers/STM32F4xx_HAL_Driver/Src/stm32f4xx_hal_tim.o
                0x08001c86                HAL_TIM_Base_MspInit
 *fill*         0x08001c9a        0x2 
 .text.HAL_TIM_Base_Start_IT
                0x08001c9c       0xe0 ./Drivers/STM32F4xx_HAL_Driver/Src/stm32f4xx_hal_tim.o
                0x08001c9c                HAL_TIM_Base_Start_IT
 .text.HAL_TIM_IRQHandler
                0x08001d7c      0x1e0 ./Drivers/STM32F4xx_HAL_Driver/Src/stm32f4xx_hal_tim.o
                0x08001d7c                HAL_TIM_IRQHandler
 .text.HAL_TIM_OC_DelayElapsedCallback
                0x08001f5c       0x14 ./Drivers/STM32F4xx_HAL_Driver/Src/stm32f4xx_hal_tim.o
                0x08001f5c                HAL_TIM_OC_DelayElapsedCallback
 .text.HAL_TIM_IC_CaptureCallback
                0x08001f70       0x14 ./Drivers/STM32F4xx_HAL_Driver/Src/stm32f4xx_hal_tim.o
                0x08001f70                HAL_TIM_IC_CaptureCallback
 .text.HAL_TIM_PWM_PulseFinishedCallback
                0x08001f84       0x14 ./Drivers/STM32F4xx_HAL_Driver/Src/stm32f4xx_hal_tim.o
                0x08001f84                HAL_TIM_PWM_PulseFinishedCallback
 .text.HAL_TIM_TriggerCallback
                0x08001f98       0x14 ./Drivers/STM32F4xx_HAL_Driver/Src/stm32f4xx_hal_tim.o
                0x08001f98                HAL_TIM_TriggerCallback
 .text.TIM_Base_SetConfig
                0x08001fac      0x158 ./Drivers/STM32F4xx_HAL_Driver/Src/stm32f4xx_hal_tim.o
                0x08001fac                TIM_Base_SetConfig
 .text.HAL_TIMEx_CommutCallback
                0x08002104       0x14 ./Drivers/STM32F4xx_HAL_Driver/Src/stm32f4xx_hal_tim_ex.o
                0x08002104                HAL_TIMEx_CommutCallback
 .text.HAL_TIMEx_BreakCallback
                0x08002118       0x14 ./Drivers/STM32F4xx_HAL_Driver/Src/stm32f4xx_hal_tim_ex.o
                0x08002118                HAL_TIMEx_BreakCallback
 .text.vListInitialise
                0x0800212c       0x44 ./common/Thirdparty/FreeRTOS/list.o
                0x0800212c                vListInitialise
 .text.vListInitialiseItem
                0x08002170       0x1e ./common/Thirdparty/FreeRTOS/list.o
                0x08002170                vListInitialiseItem
 .text.vListInsert
                0x0800218e       0x76 ./common/Thirdparty/FreeRTOS/list.o
                0x0800218e                vListInsert
 .text.uxListRemove
                0x08002204       0x5e ./common/Thirdparty/FreeRTOS/list.o
                0x08002204                uxListRemove
 .text.prvCreateTask
                0x08002262       0x78 ./common/Thirdparty/FreeRTOS/tasks.o
 .text.xTaskCreate
                0x080022da       0x50 ./common/Thirdparty/FreeRTOS/tasks.o
                0x080022da                xTaskCreate
 .text.prvInitialiseNewTask
                0x0800232a      0x120 ./common/Thirdparty/FreeRTOS/tasks.o
 *fill*         0x0800244a        0x2 
 .text.prvAddNewTaskToReadyList
                0x0800244c      0x16c ./common/Thirdparty/FreeRTOS/tasks.o
 .text.vTaskDelay
                0x080025b8       0x70 ./common/Thirdparty/FreeRTOS/tasks.o
                0x080025b8                vTaskDelay
 .text.prvCreateIdleTasks
                0x08002628       0xac ./common/Thirdparty/FreeRTOS/tasks.o
 .text.vTaskStartScheduler
                0x080026d4       0xa8 ./common/Thirdparty/FreeRTOS/tasks.o
                0x080026d4                vTaskStartScheduler
 .text.vTaskSuspendAll
                0x0800277c       0x1c ./common/Thirdparty/FreeRTOS/tasks.o
                0x0800277c                vTaskSuspendAll
 .text.xTaskResumeAll
                0x08002798      0x224 ./common/Thirdparty/FreeRTOS/tasks.o
                0x08002798                xTaskResumeAll
 .text.xTaskGetTickCountFromISR
                0x080029bc       0x2c ./common/Thirdparty/FreeRTOS/tasks.o
                0x080029bc                xTaskGetTickCountFromISR
 .text.xTaskIncrementTick
                0x080029e8      0x244 ./common/Thirdparty/FreeRTOS/tasks.o
                0x080029e8                xTaskIncrementTick
 .text.vTaskSwitchContext
                0x08002c2c       0xd8 ./common/Thirdparty/FreeRTOS/tasks.o
                0x08002c2c                vTaskSwitchContext
 .text.prvIdleTask
                0x08002d04       0x30 ./common/Thirdparty/FreeRTOS/tasks.o
 .text.prvInitialiseTaskLists
                0x08002d34       0x80 ./common/Thirdparty/FreeRTOS/tasks.o
 .text.prvCheckTasksWaitingTermination
                0x08002db4       0x5c ./common/Thirdparty/FreeRTOS/tasks.o
 .text.prvDeleteTCB
                0x08002e10       0x20 ./common/Thirdparty/FreeRTOS/tasks.o
 .text.prvResetNextTaskUnblockTime
                0x08002e30       0x38 ./common/Thirdparty/FreeRTOS/tasks.o
 .text.prvAddCurrentTaskToDelayedList
                0x08002e68      0x11c ./common/Thirdparty/FreeRTOS/tasks.o
 .text.pxPortInitialiseStack
                0x08002f84       0x68 ./common/Thirdparty/FreeRTOS/portable/GCC/ARM_CM4F/port.o
                0x08002f84                pxPortInitialiseStack
 .text.prvTaskExitError
                0x08002fec       0x5c ./common/Thirdparty/FreeRTOS/portable/GCC/ARM_CM4F/port.o
 *fill*         0x08003048        0x8 
 .text.SVC_Handler
                0x08003050       0x28 ./common/Thirdparty/FreeRTOS/portable/GCC/ARM_CM4F/port.o
                0x08003050                SVC_Handler
 .text.prvPortStartFirstTask
                0x08003078       0x2c ./common/Thirdparty/FreeRTOS/portable/GCC/ARM_CM4F/port.o
 .text.xPortStartScheduler
                0x080030a4      0x1e0 ./common/Thirdparty/FreeRTOS/portable/GCC/ARM_CM4F/port.o
                0x080030a4                xPortStartScheduler
 .text.vInitPrioGroupValue
                0x08003284      0x100 ./common/Thirdparty/FreeRTOS/portable/GCC/ARM_CM4F/port.o
                0x08003284                vInitPrioGroupValue
 .text.vPortEnterCritical
                0x08003384       0x64 ./common/Thirdparty/FreeRTOS/portable/GCC/ARM_CM4F/port.o
                0x08003384                vPortEnterCritical
 .text.vPortExitCritical
                0x080033e8       0x54 ./common/Thirdparty/FreeRTOS/portable/GCC/ARM_CM4F/port.o
                0x080033e8                vPortExitCritical
 *fill*         0x0800343c        0x4 
 .text.PendSV_Handler
                0x08003440       0x68 ./common/Thirdparty/FreeRTOS/portable/GCC/ARM_CM4F/port.o
                0x08003440                PendSV_Handler
 .text.SysTick_Handler
                0x080034a8       0x54 ./common/Thirdparty/FreeRTOS/portable/GCC/ARM_CM4F/port.o
                0x080034a8                SysTick_Handler
 .text.vPortSetupTimerInterrupt
                0x080034fc       0x48 ./common/Thirdparty/FreeRTOS/portable/GCC/ARM_CM4F/port.o
                0x080034fc                vPortSetupTimerInterrupt
 .text.vPortEnableVFP
                0x08003544       0x18 ./common/Thirdparty/FreeRTOS/portable/GCC/ARM_CM4F/port.o
 .text.vPortValidateInterruptPriority
                0x0800355c       0x84 ./common/Thirdparty/FreeRTOS/portable/GCC/ARM_CM4F/port.o
                0x0800355c                vPortValidateInterruptPriority
 .text.pvPortMalloc
                0x080035e0      0x270 ./common/Thirdparty/FreeRTOS/portable/MemMang/heap_4.o
                0x080035e0                pvPortMalloc
 .text.vPortFree
                0x08003850       0xf4 ./common/Thirdparty/FreeRTOS/portable/MemMang/heap_4.o
                0x08003850                vPortFree
 .text.prvHeapInit
                0x08003944       0xb4 ./common/Thirdparty/FreeRTOS/portable/MemMang/heap_4.o
 .text.prvInsertBlockIntoFreeList
                0x080039f8       0xf4 ./common/Thirdparty/FreeRTOS/portable/MemMang/heap_4.o
 .text._cbSendSystemDesc
                0x08003aec       0x1c ./common/Thirdparty/SEGGER/Config/SEGGER_SYSVIEW_Config_FreeRTOS.o
 .text.SEGGER_SYSVIEW_Conf
                0x08003b08       0x2c ./common/Thirdparty/SEGGER/Config/SEGGER_SYSVIEW_Config_FreeRTOS.o
                0x08003b08                SEGGER_SYSVIEW_Conf
 .text._cbSendTaskList
                0x08003b34       0x90 ./common/Thirdparty/SEGGER/Os/SEGGER_SYSVIEW_FreeRTOS.o
 .text._cbGetTime
                0x08003bc4       0x86 ./common/Thirdparty/SEGGER/Os/SEGGER_SYSVIEW_FreeRTOS.o
 *fill*         0x08003c4a        0x2 
 .text.SYSVIEW_AddTask
                0x08003c4c       0xd0 ./common/Thirdparty/SEGGER/Os/SEGGER_SYSVIEW_FreeRTOS.o
                0x08003c4c                SYSVIEW_AddTask
 .text.SYSVIEW_SendTaskInfo
                0x08003d1c       0x42 ./common/Thirdparty/SEGGER/Os/SEGGER_SYSVIEW_FreeRTOS.o
                0x08003d1c                SYSVIEW_SendTaskInfo
 *fill*         0x08003d5e        0x2 
 .text.__NVIC_EnableIRQ
                0x08003d60       0x3c ./common/Thirdparty/SEGGER/REC/segger_uart.o
 .text.__NVIC_SetPriority
                0x08003d9c       0x54 ./common/Thirdparty/SEGGER/REC/segger_uart.o
 .text._StartSysView
                0x08003df0       0x1e ./common/Thirdparty/SEGGER/REC/segger_uart.o
 *fill*         0x08003e0e        0x2 
 .text._cbOnUARTRx
                0x08003e10       0x40 ./common/Thirdparty/SEGGER/REC/segger_uart.o
 .text._cbOnUARTTx
                0x08003e50       0x64 ./common/Thirdparty/SEGGER/REC/segger_uart.o
 .text.SEGGER_UART_init
                0x08003eb4       0x24 ./common/Thirdparty/SEGGER/REC/segger_uart.o
                0x08003eb4                SEGGER_UART_init
 .text.USART2_IRQHandler
                0x08003ed8       0x94 ./common/Thirdparty/SEGGER/REC/segger_uart.o
                0x08003ed8                USART2_IRQHandler
 .text.HIF_UART_EnableTXEInterrupt
                0x08003f6c       0x20 ./common/Thirdparty/SEGGER/REC/segger_uart.o
                0x08003f6c                HIF_UART_EnableTXEInterrupt
 .text.HIF_UART_Init
                0x08003f8c       0xf4 ./common/Thirdparty/SEGGER/REC/segger_uart.o
                0x08003f8c                HIF_UART_Init
 .text._DoInit  0x08004080       0xb4 ./common/Thirdparty/SEGGER/Segger/SEGGER_RTT.o
 .text._WriteBlocking
                0x08004134       0xba ./common/Thirdparty/SEGGER/Segger/SEGGER_RTT.o
 .text._WriteNoCheck
                0x080041ee       0x90 ./common/Thirdparty/SEGGER/Segger/SEGGER_RTT.o
 .text._GetAvailWriteSpace
                0x0800427e       0x46 ./common/Thirdparty/SEGGER/Segger/SEGGER_RTT.o
 .text.SEGGER_RTT_ReadUpBufferNoLock
                0x080042c4      0x10c ./common/Thirdparty/SEGGER/Segger/SEGGER_RTT.o
                0x080042c4                SEGGER_RTT_ReadUpBufferNoLock
 .text.SEGGER_RTT_ReadNoLock
                0x080043d0      0x10c ./common/Thirdparty/SEGGER/Segger/SEGGER_RTT.o
                0x080043d0                SEGGER_RTT_ReadNoLock
 .text.SEGGER_RTT_WriteDownBufferNoLock
                0x080044dc       0xa0 ./common/Thirdparty/SEGGER/Segger/SEGGER_RTT.o
                0x080044dc                SEGGER_RTT_WriteDownBufferNoLock
 .text.SEGGER_RTT_WriteDownBuffer
                0x0800457c       0x4c ./common/Thirdparty/SEGGER/Segger/SEGGER_RTT.o
                0x0800457c                SEGGER_RTT_WriteDownBuffer
 .text.SEGGER_RTT_AllocUpBuffer
                0x080045c8      0x108 ./common/Thirdparty/SEGGER/Segger/SEGGER_RTT.o
                0x080045c8                SEGGER_RTT_AllocUpBuffer
 .text.SEGGER_RTT_ConfigDownBuffer
                0x080046d0       0x98 ./common/Thirdparty/SEGGER/Segger/SEGGER_RTT.o
                0x080046d0                SEGGER_RTT_ConfigDownBuffer
 .text._EncodeStr
                0x08004768       0x72 ./common/Thirdparty/SEGGER/Segger/SEGGER_SYSVIEW.o
 .text._PreparePacket
                0x080047da       0x18 ./common/Thirdparty/SEGGER/Segger/SEGGER_SYSVIEW.o
 *fill*         0x080047f2        0x2 
 .text._HandleIncomingPacket
                0x080047f4       0xdc ./common/Thirdparty/SEGGER/Segger/SEGGER_SYSVIEW.o
 .text._TrySendOverflowPacket
                0x080048d0       0xe8 ./common/Thirdparty/SEGGER/Segger/SEGGER_SYSVIEW.o
 .text._SendPacket
                0x080049b8      0x2e0 ./common/Thirdparty/SEGGER/Segger/SEGGER_SYSVIEW.o
 .text._StoreChar
                0x08004c98       0xf6 ./common/Thirdparty/SEGGER/Segger/SEGGER_SYSVIEW.o
 *fill*         0x08004d8e        0x2 
 .text._PrintUnsigned
                0x08004d90      0x12c ./common/Thirdparty/SEGGER/Segger/SEGGER_SYSVIEW.o
 .text._PrintInt
                0x08004ebc      0x11e ./common/Thirdparty/SEGGER/Segger/SEGGER_SYSVIEW.o
 *fill*         0x08004fda        0x2 
 .text._VPrintTarget
                0x08004fdc      0x440 ./common/Thirdparty/SEGGER/Segger/SEGGER_SYSVIEW.o
 .text.SEGGER_SYSVIEW_Init
                0x0800541c       0x88 ./common/Thirdparty/SEGGER/Segger/SEGGER_SYSVIEW.o
                0x0800541c                SEGGER_SYSVIEW_Init
 .text.SEGGER_SYSVIEW_SetRAMBase
                0x080054a4       0x20 ./common/Thirdparty/SEGGER/Segger/SEGGER_SYSVIEW.o
                0x080054a4                SEGGER_SYSVIEW_SetRAMBase
 .text.SEGGER_SYSVIEW_RecordVoid
                0x080054c4       0x3c ./common/Thirdparty/SEGGER/Segger/SEGGER_SYSVIEW.o
                0x080054c4                SEGGER_SYSVIEW_RecordVoid
 .text.SEGGER_SYSVIEW_RecordU32
                0x08005500       0x78 ./common/Thirdparty/SEGGER/Segger/SEGGER_SYSVIEW.o
                0x08005500                SEGGER_SYSVIEW_RecordU32
 .text.SEGGER_SYSVIEW_RecordU32x2
                0x08005578       0xb4 ./common/Thirdparty/SEGGER/Segger/SEGGER_SYSVIEW.o
                0x08005578                SEGGER_SYSVIEW_RecordU32x2
 .text.SEGGER_SYSVIEW_Start
                0x0800562c      0x178 ./common/Thirdparty/SEGGER/Segger/SEGGER_SYSVIEW.o
                0x0800562c                SEGGER_SYSVIEW_Start
 .text.SEGGER_SYSVIEW_Stop
                0x080057a4       0x4c ./common/Thirdparty/SEGGER/Segger/SEGGER_SYSVIEW.o
                0x080057a4                SEGGER_SYSVIEW_Stop
 .text.SEGGER_SYSVIEW_GetSysDesc
                0x080057f0      0x134 ./common/Thirdparty/SEGGER/Segger/SEGGER_SYSVIEW.o
                0x080057f0                SEGGER_SYSVIEW_GetSysDesc
 .text.SEGGER_SYSVIEW_SendTaskInfo
                0x08005924      0x1c8 ./common/Thirdparty/SEGGER/Segger/SEGGER_SYSVIEW.o
                0x08005924                SEGGER_SYSVIEW_SendTaskInfo
 .text.SEGGER_SYSVIEW_SendTaskList
                0x08005aec       0x28 ./common/Thirdparty/SEGGER/Segger/SEGGER_SYSVIEW.o
                0x08005aec                SEGGER_SYSVIEW_SendTaskList
 .text.SEGGER_SYSVIEW_SendSysDesc
                0x08005b14       0x48 ./common/Thirdparty/SEGGER/Segger/SEGGER_SYSVIEW.o
                0x08005b14                SEGGER_SYSVIEW_SendSysDesc
 .text.SEGGER_SYSVIEW_RecordSystime
                0x08005b5c       0x64 ./common/Thirdparty/SEGGER/Segger/SEGGER_SYSVIEW.o
                0x08005b5c                SEGGER_SYSVIEW_RecordSystime
 .text.SEGGER_SYSVIEW_RecordEnterISR
                0x08005bc0       0x84 ./common/Thirdparty/SEGGER/Segger/SEGGER_SYSVIEW.o
                0x08005bc0                SEGGER_SYSVIEW_RecordEnterISR
 .text.SEGGER_SYSVIEW_RecordExitISR
                0x08005c44       0x38 ./common/Thirdparty/SEGGER/Segger/SEGGER_SYSVIEW.o
                0x08005c44                SEGGER_SYSVIEW_RecordExitISR
 .text.SEGGER_SYSVIEW_RecordExitISRToScheduler
                0x08005c7c       0x38 ./common/Thirdparty/SEGGER/Segger/SEGGER_SYSVIEW.o
                0x08005c7c                SEGGER_SYSVIEW_RecordExitISRToScheduler
 .text.SEGGER_SYSVIEW_RecordEndCall
                0x08005cb4       0x78 ./common/Thirdparty/SEGGER/Segger/SEGGER_SYSVIEW.o
                0x08005cb4                SEGGER_SYSVIEW_RecordEndCall
 .text.SEGGER_SYSVIEW_RecordEndCallU32
                0x08005d2c       0xb0 ./common/Thirdparty/SEGGER/Segger/SEGGER_SYSVIEW.o
                0x08005d2c                SEGGER_SYSVIEW_RecordEndCallU32
 .text.SEGGER_SYSVIEW_OnIdle
                0x08005ddc       0x38 ./common/Thirdparty/SEGGER/Segger/SEGGER_SYSVIEW.o
                0x08005ddc                SEGGER_SYSVIEW_OnIdle
 .text.SEGGER_SYSVIEW_OnTaskCreate
                0x08005e14       0x84 ./common/Thirdparty/SEGGER/Segger/SEGGER_SYSVIEW.o
                0x08005e14                SEGGER_SYSVIEW_OnTaskCreate
 .text.SEGGER_SYSVIEW_OnTaskStartExec
                0x08005e98       0x84 ./common/Thirdparty/SEGGER/Segger/SEGGER_SYSVIEW.o
                0x08005e98                SEGGER_SYSVIEW_OnTaskStartExec
 .text.SEGGER_SYSVIEW_OnTaskStartReady
                0x08005f1c       0x84 ./common/Thirdparty/SEGGER/Segger/SEGGER_SYSVIEW.o
                0x08005f1c                SEGGER_SYSVIEW_OnTaskStartReady
 .text.SEGGER_SYSVIEW_OnTaskStopReady
                0x08005fa0       0xc0 ./common/Thirdparty/SEGGER/Segger/SEGGER_SYSVIEW.o
                0x08005fa0                SEGGER_SYSVIEW_OnTaskStopReady
 .text.SEGGER_SYSVIEW_SendModule
                0x08006060      0x114 ./common/Thirdparty/SEGGER/Segger/SEGGER_SYSVIEW.o
                0x08006060                SEGGER_SYSVIEW_SendModule
 .text.SEGGER_SYSVIEW_SendModuleDescription
                0x08006174       0x3c ./common/Thirdparty/SEGGER/Segger/SEGGER_SYSVIEW.o
                0x08006174                SEGGER_SYSVIEW_SendModuleDescription
 .text.SEGGER_SYSVIEW_SendNumModules
                0x080061b0       0x7c ./common/Thirdparty/SEGGER/Segger/SEGGER_SYSVIEW.o
                0x080061b0                SEGGER_SYSVIEW_SendNumModules
 .text.SEGGER_SYSVIEW_PrintfTarget
                0x0800622c       0x28 ./common/Thirdparty/SEGGER/Segger/SEGGER_SYSVIEW.o
                0x0800622c                SEGGER_SYSVIEW_PrintfTarget
 .text.SEGGER_SYSVIEW_Warn
                0x08006254       0xb8 ./common/Thirdparty/SEGGER/Segger/SEGGER_SYSVIEW.o
                0x08006254                SEGGER_SYSVIEW_Warn
 .text.SEGGER_SYSVIEW_IsStarted
                0x0800630c       0x5c ./common/Thirdparty/SEGGER/Segger/SEGGER_SYSVIEW.o
                0x0800630c                SEGGER_SYSVIEW_IsStarted
 .text.memcmp   0x08006368       0x20 E:/ST/STM32CubeIDE_1.12.1/STM32CubeIDE/plugins/com.st.stm32cube.ide.mcu.externaltools.gnu-tools-for-stm32.12.3.rel1.win32_1.0.200.202406191623/tools/bin/../lib/gcc/arm-none-eabi/12.3.1/../../../../arm-none-eabi/lib/thumb/v7e-m+fp/hard\libc_nano.a(libc_a-memcmp.o)
                0x08006368                memcmp
 .text.memset   0x08006388       0x10 E:/ST/STM32CubeIDE_1.12.1/STM32CubeIDE/plugins/com.st.stm32cube.ide.mcu.externaltools.gnu-tools-for-stm32.12.3.rel1.win32_1.0.200.202406191623/tools/bin/../lib/gcc/arm-none-eabi/12.3.1/../../../../arm-none-eabi/lib/thumb/v7e-m+fp/hard\libc_nano.a(libc_a-memset.o)
                0x08006388                memset
 .text.__libc_init_array
                0x08006398       0x48 E:/ST/STM32CubeIDE_1.12.1/STM32CubeIDE/plugins/com.st.stm32cube.ide.mcu.externaltools.gnu-tools-for-stm32.12.3.rel1.win32_1.0.200.202406191623/tools/bin/../lib/gcc/arm-none-eabi/12.3.1/../../../../arm-none-eabi/lib/thumb/v7e-m+fp/hard\libc_nano.a(libc_a-init.o)
                0x08006398                __libc_init_array
 .text.memcpy   0x080063e0       0x1c E:/ST/STM32CubeIDE_1.12.1/STM32CubeIDE/plugins/com.st.stm32cube.ide.mcu.externaltools.gnu-tools-for-stm32.12.3.rel1.win32_1.0.200.202406191623/tools/bin/../lib/gcc/arm-none-eabi/12.3.1/../../../../arm-none-eabi/lib/thumb/v7e-m+fp/hard\libc_nano.a(libc_a-memcpy-stub.o)
                0x080063e0                memcpy
 *(.glue_7)
 .glue_7        0x080063fc        0x0 linker stubs
 *(.glue_7t)
 .glue_7t       0x080063fc        0x0 linker stubs
 *(.eh_frame)
 .eh_frame      0x080063fc        0x0 E:/ST/STM32CubeIDE_1.12.1/STM32CubeIDE/plugins/com.st.stm32cube.ide.mcu.externaltools.gnu-tools-for-stm32.12.3.rel1.win32_1.0.200.202406191623/tools/bin/../lib/gcc/arm-none-eabi/12.3.1/thumb/v7e-m+fp/hard/crtbegin.o
 *(.init)
 .init          0x080063fc        0x4 E:/ST/STM32CubeIDE_1.12.1/STM32CubeIDE/plugins/com.st.stm32cube.ide.mcu.externaltools.gnu-tools-for-stm32.12.3.rel1.win32_1.0.200.202406191623/tools/bin/../lib/gcc/arm-none-eabi/12.3.1/thumb/v7e-m+fp/hard/crti.o
                0x080063fc                _init
 .init          0x08006400        0x8 E:/ST/STM32CubeIDE_1.12.1/STM32CubeIDE/plugins/com.st.stm32cube.ide.mcu.externaltools.gnu-tools-for-stm32.12.3.rel1.win32_1.0.200.202406191623/tools/bin/../lib/gcc/arm-none-eabi/12.3.1/thumb/v7e-m+fp/hard/crtn.o
 *(.fini)
 .fini          0x08006408        0x4 E:/ST/STM32CubeIDE_1.12.1/STM32CubeIDE/plugins/com.st.stm32cube.ide.mcu.externaltools.gnu-tools-for-stm32.12.3.rel1.win32_1.0.200.202406191623/tools/bin/../lib/gcc/arm-none-eabi/12.3.1/thumb/v7e-m+fp/hard/crti.o
                0x08006408                _fini
 .fini          0x0800640c        0x8 E:/ST/STM32CubeIDE_1.12.1/STM32CubeIDE/plugins/com.st.stm32cube.ide.mcu.externaltools.gnu-tools-for-stm32.12.3.rel1.win32_1.0.200.202406191623/tools/bin/../lib/gcc/arm-none-eabi/12.3.1/thumb/v7e-m+fp/hard/crtn.o
                0x08006414                        . = ALIGN (0x4)
                0x08006414                        _etext = .

.vfp11_veneer   0x08006414        0x0
 .vfp11_veneer  0x08006414        0x0 linker stubs

.v4_bx          0x08006414        0x0
 .v4_bx         0x08006414        0x0 linker stubs

.iplt           0x08006414        0x0
 .iplt          0x08006414        0x0 E:/ST/STM32CubeIDE_1.12.1/STM32CubeIDE/plugins/com.st.stm32cube.ide.mcu.externaltools.gnu-tools-for-stm32.12.3.rel1.win32_1.0.200.202406191623/tools/bin/../lib/gcc/arm-none-eabi/12.3.1/thumb/v7e-m+fp/hard/crtbegin.o

.rodata         0x08006414      0x180
                0x08006414                        . = ALIGN (0x4)
 *(.rodata)
 .rodata        0x08006414       0x6a ./Core/Src/main.o
 *fill*         0x0800647e        0x2 
 .rodata        0x08006480        0x5 ./common/Thirdparty/FreeRTOS/tasks.o
 *fill*         0x08006485        0x3 
 .rodata        0x08006488       0x41 ./common/Thirdparty/SEGGER/Config/SEGGER_SYSVIEW_Config_FreeRTOS.o
 *fill*         0x080064c9        0x3 
 .rodata        0x080064cc       0x58 ./common/Thirdparty/SEGGER/Os/SEGGER_SYSVIEW_FreeRTOS.o
 .rodata        0x08006524        0x9 ./common/Thirdparty/SEGGER/Segger/SEGGER_RTT.o
 *fill*         0x0800652d        0x3 
 .rodata        0x08006530       0x10 ./common/Thirdparty/SEGGER/Segger/SEGGER_SYSVIEW.o
 *(.rodata*)
 .rodata.AHBPrescTable
                0x08006540       0x10 ./Core/Src/system_stm32f4xx.o
                0x08006540                AHBPrescTable
 .rodata.APBPrescTable
                0x08006550        0x8 ./Core/Src/system_stm32f4xx.o
                0x08006550                APBPrescTable
 .rodata.SYSVIEW_X_OS_TraceAPI
                0x08006558        0x8 ./common/Thirdparty/SEGGER/Os/SEGGER_SYSVIEW_FreeRTOS.o
                0x08006558                SYSVIEW_X_OS_TraceAPI
 .rodata._abHelloMsg
                0x08006560        0x4 ./common/Thirdparty/SEGGER/REC/segger_uart.o
 .rodata._aInitStr.0
                0x08006564       0x11 ./common/Thirdparty/SEGGER/Segger/SEGGER_RTT.o
 *fill*         0x08006575        0x3 
 .rodata._abSync
                0x08006578        0xa ./common/Thirdparty/SEGGER/Segger/SEGGER_SYSVIEW.o
 *fill*         0x08006582        0x2 
 .rodata._aV2C.0
                0x08006584       0x10 ./common/Thirdparty/SEGGER/Segger/SEGGER_SYSVIEW.o
                0x08006594                        . = ALIGN (0x4)

.ARM.extab      0x08006594        0x0
                0x08006594                        . = ALIGN (0x4)
 *(.ARM.extab* .gnu.linkonce.armextab.*)
                0x08006594                        . = ALIGN (0x4)

.ARM            0x08006594        0x8
                0x08006594                        . = ALIGN (0x4)
                0x08006594                        __exidx_start = .
 *(.ARM.exidx*)
 .ARM.exidx     0x08006594        0x8 E:/ST/STM32CubeIDE_1.12.1/STM32CubeIDE/plugins/com.st.stm32cube.ide.mcu.externaltools.gnu-tools-for-stm32.12.3.rel1.win32_1.0.200.202406191623/tools/bin/../lib/gcc/arm-none-eabi/12.3.1/thumb/v7e-m+fp/hard\libgcc.a(_udivmoddi4.o)
                0x0800659c                        __exidx_end = .
                0x0800659c                        . = ALIGN (0x4)

.preinit_array  0x0800659c        0x0
                0x0800659c                        . = ALIGN (0x4)
                0x0800659c                        PROVIDE (__preinit_array_start = .)
 *(.preinit_array*)
                0x0800659c                        PROVIDE (__preinit_array_end = .)
                0x0800659c                        . = ALIGN (0x4)

.init_array     0x0800659c        0x4
                0x0800659c                        . = ALIGN (0x4)
                0x0800659c                        PROVIDE (__init_array_start = .)
 *(SORT_BY_NAME(.init_array.*))
 *(.init_array*)
 .init_array    0x0800659c        0x4 E:/ST/STM32CubeIDE_1.12.1/STM32CubeIDE/plugins/com.st.stm32cube.ide.mcu.externaltools.gnu-tools-for-stm32.12.3.rel1.win32_1.0.200.202406191623/tools/bin/../lib/gcc/arm-none-eabi/12.3.1/thumb/v7e-m+fp/hard/crtbegin.o
                0x080065a0                        PROVIDE (__init_array_end = .)
                0x080065a0                        . = ALIGN (0x4)

.fini_array     0x080065a0        0x4
                0x080065a0                        . = ALIGN (0x4)
                [!provide]                        PROVIDE (__fini_array_start = .)
 *(SORT_BY_NAME(.fini_array.*))
 *(.fini_array*)
 .fini_array    0x080065a0        0x4 E:/ST/STM32CubeIDE_1.12.1/STM32CubeIDE/plugins/com.st.stm32cube.ide.mcu.externaltools.gnu-tools-for-stm32.12.3.rel1.win32_1.0.200.202406191623/tools/bin/../lib/gcc/arm-none-eabi/12.3.1/thumb/v7e-m+fp/hard/crtbegin.o
                [!provide]                        PROVIDE (__fini_array_end = .)
                0x080065a4                        . = ALIGN (0x4)
                0x080065a4                        _sidata = LOADADDR (.data)

.rel.dyn        0x080065a4        0x0
 .rel.iplt      0x080065a4        0x0 E:/ST/STM32CubeIDE_1.12.1/STM32CubeIDE/plugins/com.st.stm32cube.ide.mcu.externaltools.gnu-tools-for-stm32.12.3.rel1.win32_1.0.200.202406191623/tools/bin/../lib/gcc/arm-none-eabi/12.3.1/thumb/v7e-m+fp/hard/crtbegin.o

.data           0x20000000       0x1c load address 0x080065a4
                0x20000000                        . = ALIGN (0x4)
                0x20000000                        _sdata = .
 *(.data)
 *(.data*)
 .data.SystemCoreClock
                0x20000000        0x4 ./Core/Src/system_stm32f4xx.o
                0x20000000                SystemCoreClock
 .data.uwTickPrio
                0x20000004        0x4 ./Drivers/STM32F4xx_HAL_Driver/Src/stm32f4xx_hal.o
                0x20000004                uwTickPrio
 .data.uwTickFreq
                0x20000008        0x1 ./Drivers/STM32F4xx_HAL_Driver/Src/stm32f4xx_hal.o
                0x20000008                uwTickFreq
 *fill*         0x20000009        0x3 
 .data.uxTopUsedPriority
                0x2000000c        0x4 ./common/Thirdparty/FreeRTOS/tasks.o
 .data.uxCriticalNesting
                0x20000010        0x4 ./common/Thirdparty/FreeRTOS/portable/GCC/ARM_CM4F/port.o
 .data._SVInfo  0x20000014        0x8 ./common/Thirdparty/SEGGER/REC/segger_uart.o
 *(.RamFunc)
 *(.RamFunc*)
                0x2000001c                        . = ALIGN (0x4)
                0x2000001c                        _edata = .
                0x080065c0                        _siccmram = LOADADDR (.ccmram)

.igot.plt       0x2000001c        0x0 load address 0x080065c0
 .igot.plt      0x2000001c        0x0 E:/ST/STM32CubeIDE_1.12.1/STM32CubeIDE/plugins/com.st.stm32cube.ide.mcu.externaltools.gnu-tools-for-stm32.12.3.rel1.win32_1.0.200.202406191623/tools/bin/../lib/gcc/arm-none-eabi/12.3.1/thumb/v7e-m+fp/hard/crtbegin.o

.ccmram         0x10000000        0x0 load address 0x080065c0
                0x10000000                        . = ALIGN (0x4)
                0x10000000                        _sccmram = .
 *(.ccmram)
 *(.ccmram*)
                0x10000000                        . = ALIGN (0x4)
                0x10000000                        _eccmram = .
                0x10000000                        . = ALIGN (0x4)

.bss            0x2000001c    0x13c10
                0x2000001c                        _sbss = .
                0x2000001c                        __bss_start__ = _sbss
 *(.bss)
 .bss           0x2000001c       0x1c E:/ST/STM32CubeIDE_1.12.1/STM32CubeIDE/plugins/com.st.stm32cube.ide.mcu.externaltools.gnu-tools-for-stm32.12.3.rel1.win32_1.0.200.202406191623/tools/bin/../lib/gcc/arm-none-eabi/12.3.1/thumb/v7e-m+fp/hard/crtbegin.o
 *(.bss*)
 .bss.htim6     0x20000038       0x48 ./Core/Src/stm32f4xx_hal_timebase_tim.o
                0x20000038                htim6
 .bss.uwTick    0x20000080        0x4 ./Drivers/STM32F4xx_HAL_Driver/Src/stm32f4xx_hal.o
                0x20000080                uwTick
 .bss.pxCurrentTCB
                0x20000084        0x4 ./common/Thirdparty/FreeRTOS/tasks.o
                0x20000084                pxCurrentTCB
 .bss.pxReadyTasksLists
                0x20000088       0x64 ./common/Thirdparty/FreeRTOS/tasks.o
 .bss.xDelayedTaskList1
                0x200000ec       0x14 ./common/Thirdparty/FreeRTOS/tasks.o
 .bss.xDelayedTaskList2
                0x20000100       0x14 ./common/Thirdparty/FreeRTOS/tasks.o
 .bss.pxDelayedTaskList
                0x20000114        0x4 ./common/Thirdparty/FreeRTOS/tasks.o
 .bss.pxOverflowDelayedTaskList
                0x20000118        0x4 ./common/Thirdparty/FreeRTOS/tasks.o
 .bss.xPendingReadyList
                0x2000011c       0x14 ./common/Thirdparty/FreeRTOS/tasks.o
 .bss.xTasksWaitingTermination
                0x20000130       0x14 ./common/Thirdparty/FreeRTOS/tasks.o
 .bss.uxDeletedTasksWaitingCleanUp
                0x20000144        0x4 ./common/Thirdparty/FreeRTOS/tasks.o
 .bss.xSuspendedTaskList
                0x20000148       0x14 ./common/Thirdparty/FreeRTOS/tasks.o
 .bss.uxCurrentNumberOfTasks
                0x2000015c        0x4 ./common/Thirdparty/FreeRTOS/tasks.o
 .bss.xTickCount
                0x20000160        0x4 ./common/Thirdparty/FreeRTOS/tasks.o
 .bss.uxTopReadyPriority
                0x20000164        0x4 ./common/Thirdparty/FreeRTOS/tasks.o
 .bss.xSchedulerRunning
                0x20000168        0x4 ./common/Thirdparty/FreeRTOS/tasks.o
 .bss.xPendedTicks
                0x2000016c        0x4 ./common/Thirdparty/FreeRTOS/tasks.o
 .bss.xYieldPendings
                0x20000170        0x4 ./common/Thirdparty/FreeRTOS/tasks.o
 .bss.xNumOfOverflows
                0x20000174        0x4 ./common/Thirdparty/FreeRTOS/tasks.o
 .bss.uxTaskNumber
                0x20000178        0x4 ./common/Thirdparty/FreeRTOS/tasks.o
 .bss.xNextTaskUnblockTime
                0x2000017c        0x4 ./common/Thirdparty/FreeRTOS/tasks.o
 .bss.xIdleTaskHandles
                0x20000180        0x4 ./common/Thirdparty/FreeRTOS/tasks.o
 .bss.uxSchedulerSuspended
                0x20000184        0x4 ./common/Thirdparty/FreeRTOS/tasks.o
 .bss.ucMaxSysCallPriority
                0x20000188        0x1 ./common/Thirdparty/FreeRTOS/portable/GCC/ARM_CM4F/port.o
 *fill*         0x20000189        0x3 
 .bss.ulMaxPRIGROUPValue
                0x2000018c        0x4 ./common/Thirdparty/FreeRTOS/portable/GCC/ARM_CM4F/port.o
 .bss.ucHeap    0x20000190    0x12c00 ./common/Thirdparty/FreeRTOS/portable/MemMang/heap_4.o
 .bss.xStart    0x20012d90        0x8 ./common/Thirdparty/FreeRTOS/portable/MemMang/heap_4.o
 .bss.pxEnd     0x20012d98        0x4 ./common/Thirdparty/FreeRTOS/portable/MemMang/heap_4.o
 .bss.xFreeBytesRemaining
                0x20012d9c        0x4 ./common/Thirdparty/FreeRTOS/portable/MemMang/heap_4.o
 .bss.xMinimumEverFreeBytesRemaining
                0x20012da0        0x4 ./common/Thirdparty/FreeRTOS/portable/MemMang/heap_4.o
 .bss.xNumberOfSuccessfulAllocations
                0x20012da4        0x4 ./common/Thirdparty/FreeRTOS/portable/MemMang/heap_4.o
 .bss.xNumberOfSuccessfulFrees
                0x20012da8        0x4 ./common/Thirdparty/FreeRTOS/portable/MemMang/heap_4.o
 .bss._aTasks   0x20012dac       0xa0 ./common/Thirdparty/SEGGER/Os/SEGGER_SYSVIEW_FreeRTOS.o
 .bss._NumTasks
                0x20012e4c        0x4 ./common/Thirdparty/SEGGER/Os/SEGGER_SYSVIEW_FreeRTOS.o
 .bss._cbOnRx   0x20012e50        0x4 ./common/Thirdparty/SEGGER/REC/segger_uart.o
 .bss._cbOnTx   0x20012e54        0x4 ./common/Thirdparty/SEGGER/REC/segger_uart.o
 .bss._SEGGER_RTT
                0x20012e58       0xa8 ./common/Thirdparty/SEGGER/Segger/SEGGER_RTT.o
                0x20012e58                _SEGGER_RTT
 .bss._acUpBuffer
                0x20012f00      0x400 ./common/Thirdparty/SEGGER/Segger/SEGGER_RTT.o
 .bss._acDownBuffer
                0x20013300       0x10 ./common/Thirdparty/SEGGER/Segger/SEGGER_RTT.o
 .bss._UpBuffer
                0x20013310      0x800 ./common/Thirdparty/SEGGER/Segger/SEGGER_SYSVIEW.o
 .bss._DownBuffer
                0x20013b10        0x8 ./common/Thirdparty/SEGGER/Segger/SEGGER_SYSVIEW.o
 .bss._SYSVIEW_Globals
                0x20013b18       0x28 ./common/Thirdparty/SEGGER/Segger/SEGGER_SYSVIEW.o
 .bss._pFirstModule
                0x20013b40        0x4 ./common/Thirdparty/SEGGER/Segger/SEGGER_SYSVIEW.o
 .bss._NumModules
                0x20013b44        0x1 ./common/Thirdparty/SEGGER/Segger/SEGGER_SYSVIEW.o
 *fill*         0x20013b45        0x3 
 .bss._aPacket  0x20013b48       0xe3 ./common/Thirdparty/SEGGER/Segger/SEGGER_SYSVIEW.o
 *(COMMON)
                0x20013c2c                        . = ALIGN (0x4)
 *fill*         0x20013c2b        0x1 
                0x20013c2c                        _ebss = .
                0x20013c2c                        __bss_end__ = _ebss

._user_heap_stack
                0x20013c2c      0x604
                0x20013c30                        . = ALIGN (0x8)
 *fill*         0x20013c2c        0x4 
                [!provide]                        PROVIDE (end = .)
                0x20013c30                        PROVIDE (_end = .)
                0x20013e30                        . = (. + _Min_Heap_Size)
 *fill*         0x20013c30      0x200 
                0x20014230                        . = (. + _Min_Stack_Size)
 *fill*         0x20013e30      0x400 
                0x20014230                        . = ALIGN (0x8)

/DISCARD/
 libc.a(*)
 libm.a(*)
 libgcc.a(*)

.ARM.attributes
                0x00000000       0x30
 *(.ARM.attributes)
 .ARM.attributes
                0x00000000       0x22 E:/ST/STM32CubeIDE_1.12.1/STM32CubeIDE/plugins/com.st.stm32cube.ide.mcu.externaltools.gnu-tools-for-stm32.12.3.rel1.win32_1.0.200.202406191623/tools/bin/../lib/gcc/arm-none-eabi/12.3.1/thumb/v7e-m+fp/hard/crti.o
 .ARM.attributes
                0x00000022       0x34 E:/ST/STM32CubeIDE_1.12.1/STM32CubeIDE/plugins/com.st.stm32cube.ide.mcu.externaltools.gnu-tools-for-stm32.12.3.rel1.win32_1.0.200.202406191623/tools/bin/../lib/gcc/arm-none-eabi/12.3.1/thumb/v7e-m+fp/hard/crtbegin.o
 .ARM.attributes
                0x00000056       0x34 ./Core/Src/main.o
 .ARM.attributes
                0x0000008a       0x34 ./Core/Src/stm32f4xx_hal_msp.o
 .ARM.attributes
                0x000000be       0x34 ./Core/Src/stm32f4xx_hal_timebase_tim.o
 .ARM.attributes
                0x000000f2       0x34 ./Core/Src/stm32f4xx_it.o
 .ARM.attributes
                0x00000126       0x34 ./Core/Src/system_stm32f4xx.o
 .ARM.attributes
                0x0000015a       0x21 ./Core/Startup/startup_stm32f407vgtx.o
 .ARM.attributes
                0x0000017b       0x34 ./Drivers/STM32F4xx_HAL_Driver/Src/stm32f4xx_hal.o
 .ARM.attributes
                0x000001af       0x34 ./Drivers/STM32F4xx_HAL_Driver/Src/stm32f4xx_hal_cortex.o
 .ARM.attributes
                0x000001e3       0x34 ./Drivers/STM32F4xx_HAL_Driver/Src/stm32f4xx_hal_gpio.o
 .ARM.attributes
                0x00000217       0x34 ./Drivers/STM32F4xx_HAL_Driver/Src/stm32f4xx_hal_rcc.o
 .ARM.attributes
                0x0000024b       0x34 ./Drivers/STM32F4xx_HAL_Driver/Src/stm32f4xx_hal_tim.o
 .ARM.attributes
                0x0000027f       0x34 ./Drivers/STM32F4xx_HAL_Driver/Src/stm32f4xx_hal_tim_ex.o
 .ARM.attributes
                0x000002b3       0x34 ./common/Thirdparty/FreeRTOS/list.o
 .ARM.attributes
                0x000002e7       0x34 ./common/Thirdparty/FreeRTOS/tasks.o
 .ARM.attributes
                0x0000031b       0x34 ./common/Thirdparty/FreeRTOS/portable/GCC/ARM_CM4F/port.o
 .ARM.attributes
                0x0000034f       0x34 ./common/Thirdparty/FreeRTOS/portable/MemMang/heap_4.o
 .ARM.attributes
                0x00000383       0x34 ./common/Thirdparty/SEGGER/Config/SEGGER_SYSVIEW_Config_FreeRTOS.o
 .ARM.attributes
                0x000003b7       0x34 ./common/Thirdparty/SEGGER/Os/SEGGER_SYSVIEW_FreeRTOS.o
 .ARM.attributes
                0x000003eb       0x34 ./common/Thirdparty/SEGGER/REC/segger_uart.o
 .ARM.attributes
                0x0000041f       0x34 ./common/Thirdparty/SEGGER/Segger/SEGGER_RTT.o
 .ARM.attributes
                0x00000453       0x20 ./common/Thirdparty/SEGGER/Segger/SEGGER_RTT_ASM_ARMv7M.o
 .ARM.attributes
                0x00000473       0x34 ./common/Thirdparty/SEGGER/Segger/SEGGER_SYSVIEW.o
 .ARM.attributes
                0x000004a7       0x34 E:/ST/STM32CubeIDE_1.12.1/STM32CubeIDE/plugins/com.st.stm32cube.ide.mcu.externaltools.gnu-tools-for-stm32.12.3.rel1.win32_1.0.200.202406191623/tools/bin/../lib/gcc/arm-none-eabi/12.3.1/../../../../arm-none-eabi/lib/thumb/v7e-m+fp/hard\libc_nano.a(libc_a-memcmp.o)
 .ARM.attributes
                0x000004db       0x34 E:/ST/STM32CubeIDE_1.12.1/STM32CubeIDE/plugins/com.st.stm32cube.ide.mcu.externaltools.gnu-tools-for-stm32.12.3.rel1.win32_1.0.200.202406191623/tools/bin/../lib/gcc/arm-none-eabi/12.3.1/../../../../arm-none-eabi/lib/thumb/v7e-m+fp/hard\libc_nano.a(libc_a-memset.o)
 .ARM.attributes
                0x0000050f       0x34 E:/ST/STM32CubeIDE_1.12.1/STM32CubeIDE/plugins/com.st.stm32cube.ide.mcu.externaltools.gnu-tools-for-stm32.12.3.rel1.win32_1.0.200.202406191623/tools/bin/../lib/gcc/arm-none-eabi/12.3.1/../../../../arm-none-eabi/lib/thumb/v7e-m+fp/hard\libc_nano.a(libc_a-init.o)
 .ARM.attributes
                0x00000543       0x34 E:/ST/STM32CubeIDE_1.12.1/STM32CubeIDE/plugins/com.st.stm32cube.ide.mcu.externaltools.gnu-tools-for-stm32.12.3.rel1.win32_1.0.200.202406191623/tools/bin/../lib/gcc/arm-none-eabi/12.3.1/../../../../arm-none-eabi/lib/thumb/v7e-m+fp/hard\libc_nano.a(libc_a-memcpy-stub.o)
 .ARM.attributes
                0x00000577       0x22 E:/ST/STM32CubeIDE_1.12.1/STM32CubeIDE/plugins/com.st.stm32cube.ide.mcu.externaltools.gnu-tools-for-stm32.12.3.rel1.win32_1.0.200.202406191623/tools/bin/../lib/gcc/arm-none-eabi/12.3.1/thumb/v7e-m+fp/hard\libgcc.a(_aeabi_uldivmod.o)
 .ARM.attributes
                0x00000599       0x34 E:/ST/STM32CubeIDE_1.12.1/STM32CubeIDE/plugins/com.st.stm32cube.ide.mcu.externaltools.gnu-tools-for-stm32.12.3.rel1.win32_1.0.200.202406191623/tools/bin/../lib/gcc/arm-none-eabi/12.3.1/thumb/v7e-m+fp/hard\libgcc.a(_udivmoddi4.o)
 .ARM.attributes
                0x000005cd       0x22 E:/ST/STM32CubeIDE_1.12.1/STM32CubeIDE/plugins/com.st.stm32cube.ide.mcu.externaltools.gnu-tools-for-stm32.12.3.rel1.win32_1.0.200.202406191623/tools/bin/../lib/gcc/arm-none-eabi/12.3.1/thumb/v7e-m+fp/hard\libgcc.a(_dvmd_tls.o)
 .ARM.attributes
                0x000005ef       0x22 E:/ST/STM32CubeIDE_1.12.1/STM32CubeIDE/plugins/com.st.stm32cube.ide.mcu.externaltools.gnu-tools-for-stm32.12.3.rel1.win32_1.0.200.202406191623/tools/bin/../lib/gcc/arm-none-eabi/12.3.1/thumb/v7e-m+fp/hard/crtn.o
OUTPUT(RTOS_vTaskDelay.elf elf32-littlearm)
LOAD linker stubs
LOAD E:/ST/STM32CubeIDE_1.12.1/STM32CubeIDE/plugins/com.st.stm32cube.ide.mcu.externaltools.gnu-tools-for-stm32.12.3.rel1.win32_1.0.200.202406191623/tools/bin/../lib/gcc/arm-none-eabi/12.3.1/../../../../arm-none-eabi/lib/thumb/v7e-m+fp/hard\libc.a
LOAD E:/ST/STM32CubeIDE_1.12.1/STM32CubeIDE/plugins/com.st.stm32cube.ide.mcu.externaltools.gnu-tools-for-stm32.12.3.rel1.win32_1.0.200.202406191623/tools/bin/../lib/gcc/arm-none-eabi/12.3.1/../../../../arm-none-eabi/lib/thumb/v7e-m+fp/hard\libm.a
LOAD E:/ST/STM32CubeIDE_1.12.1/STM32CubeIDE/plugins/com.st.stm32cube.ide.mcu.externaltools.gnu-tools-for-stm32.12.3.rel1.win32_1.0.200.202406191623/tools/bin/../lib/gcc/arm-none-eabi/12.3.1/thumb/v7e-m+fp/hard\libgcc.a

.debug_info     0x00000000    0x12ddd
 .debug_info    0x00000000      0xf34 ./Core/Src/main.o
 .debug_info    0x00000f34      0x280 ./Core/Src/stm32f4xx_hal_msp.o
 .debug_info    0x000011b4      0xbee ./Core/Src/stm32f4xx_hal_timebase_tim.o
 .debug_info    0x00001da2      0x6ab ./Core/Src/stm32f4xx_it.o
 .debug_info    0x0000244d      0x512 ./Core/Src/system_stm32f4xx.o
 .debug_info    0x0000295f       0x30 ./Core/Startup/startup_stm32f407vgtx.o
 .debug_info    0x0000298f      0x944 ./Drivers/STM32F4xx_HAL_Driver/Src/stm32f4xx_hal.o
 .debug_info    0x000032d3      0xd8c ./Drivers/STM32F4xx_HAL_Driver/Src/stm32f4xx_hal_cortex.o
 .debug_info    0x0000405f      0x6c3 ./Drivers/STM32F4xx_HAL_Driver/Src/stm32f4xx_hal_gpio.o
 .debug_info    0x00004722      0x8af ./Drivers/STM32F4xx_HAL_Driver/Src/stm32f4xx_hal_rcc.o
 .debug_info    0x00004fd1     0x299d ./Drivers/STM32F4xx_HAL_Driver/Src/stm32f4xx_hal_tim.o
 .debug_info    0x0000796e     0x14db ./Drivers/STM32F4xx_HAL_Driver/Src/stm32f4xx_hal_tim_ex.o
 .debug_info    0x00008e49      0x2d8 ./common/Thirdparty/FreeRTOS/list.o
 .debug_info    0x00009121     0x29d9 ./common/Thirdparty/FreeRTOS/tasks.o
 .debug_info    0x0000bafa      0x644 ./common/Thirdparty/FreeRTOS/portable/GCC/ARM_CM4F/port.o
 .debug_info    0x0000c13e      0x5ff ./common/Thirdparty/FreeRTOS/portable/MemMang/heap_4.o
 .debug_info    0x0000c73d      0x181 ./common/Thirdparty/SEGGER/Config/SEGGER_SYSVIEW_Config_FreeRTOS.o
 .debug_info    0x0000c8be      0x426 ./common/Thirdparty/SEGGER/Os/SEGGER_SYSVIEW_FreeRTOS.o
 .debug_info    0x0000cce4      0x8ad ./common/Thirdparty/SEGGER/REC/segger_uart.o
 .debug_info    0x0000d591     0x14d5 ./common/Thirdparty/SEGGER/Segger/SEGGER_RTT.o
 .debug_info    0x0000ea66       0x25 ./common/Thirdparty/SEGGER/Segger/SEGGER_RTT_ASM_ARMv7M.o
 .debug_info    0x0000ea8b     0x4352 ./common/Thirdparty/SEGGER/Segger/SEGGER_SYSVIEW.o

.debug_abbrev   0x00000000     0x2b89
 .debug_abbrev  0x00000000      0x312 ./Core/Src/main.o
 .debug_abbrev  0x00000312       0xeb ./Core/Src/stm32f4xx_hal_msp.o
 .debug_abbrev  0x000003fd      0x1f4 ./Core/Src/stm32f4xx_hal_timebase_tim.o
 .debug_abbrev  0x000005f1      0x17d ./Core/Src/stm32f4xx_it.o
 .debug_abbrev  0x0000076e      0x11a ./Core/Src/system_stm32f4xx.o
 .debug_abbrev  0x00000888       0x24 ./Core/Startup/startup_stm32f407vgtx.o
 .debug_abbrev  0x000008ac      0x214 ./Drivers/STM32F4xx_HAL_Driver/Src/stm32f4xx_hal.o
 .debug_abbrev  0x00000ac0      0x31d ./Drivers/STM32F4xx_HAL_Driver/Src/stm32f4xx_hal_cortex.o
 .debug_abbrev  0x00000ddd      0x1d4 ./Drivers/STM32F4xx_HAL_Driver/Src/stm32f4xx_hal_gpio.o
 .debug_abbrev  0x00000fb1      0x2b7 ./Drivers/STM32F4xx_HAL_Driver/Src/stm32f4xx_hal_rcc.o
 .debug_abbrev  0x00001268      0x278 ./Drivers/STM32F4xx_HAL_Driver/Src/stm32f4xx_hal_tim.o
 .debug_abbrev  0x000014e0      0x283 ./Drivers/STM32F4xx_HAL_Driver/Src/stm32f4xx_hal_tim_ex.o
 .debug_abbrev  0x00001763      0x10c ./common/Thirdparty/FreeRTOS/list.o
 .debug_abbrev  0x0000186f      0x3a7 ./common/Thirdparty/FreeRTOS/tasks.o
 .debug_abbrev  0x00001c16      0x248 ./common/Thirdparty/FreeRTOS/portable/GCC/ARM_CM4F/port.o
 .debug_abbrev  0x00001e5e      0x25a ./common/Thirdparty/FreeRTOS/portable/MemMang/heap_4.o
 .debug_abbrev  0x000020b8       0xee ./common/Thirdparty/SEGGER/Config/SEGGER_SYSVIEW_Config_FreeRTOS.o
 .debug_abbrev  0x000021a6      0x1c0 ./common/Thirdparty/SEGGER/Os/SEGGER_SYSVIEW_FreeRTOS.o
 .debug_abbrev  0x00002366      0x28c ./common/Thirdparty/SEGGER/REC/segger_uart.o
 .debug_abbrev  0x000025f2      0x230 ./common/Thirdparty/SEGGER/Segger/SEGGER_RTT.o
 .debug_abbrev  0x00002822       0x14 ./common/Thirdparty/SEGGER/Segger/SEGGER_RTT_ASM_ARMv7M.o
 .debug_abbrev  0x00002836      0x353 ./common/Thirdparty/SEGGER/Segger/SEGGER_SYSVIEW.o

.debug_aranges  0x00000000     0x1210
 .debug_aranges
                0x00000000       0x58 ./Core/Src/main.o
 .debug_aranges
                0x00000058       0x20 ./Core/Src/stm32f4xx_hal_msp.o
 .debug_aranges
                0x00000078       0x30 ./Core/Src/stm32f4xx_hal_timebase_tim.o
 .debug_aranges
                0x000000a8       0x50 ./Core/Src/stm32f4xx_it.o
 .debug_aranges
                0x000000f8       0x28 ./Core/Src/system_stm32f4xx.o
 .debug_aranges
                0x00000120       0x28 ./Core/Startup/startup_stm32f407vgtx.o
 .debug_aranges
                0x00000148       0xf0 ./Drivers/STM32F4xx_HAL_Driver/Src/stm32f4xx_hal.o
 .debug_aranges
                0x00000238      0x130 ./Drivers/STM32F4xx_HAL_Driver/Src/stm32f4xx_hal_cortex.o
 .debug_aranges
                0x00000368       0x58 ./Drivers/STM32F4xx_HAL_Driver/Src/stm32f4xx_hal_gpio.o
 .debug_aranges
                0x000003c0       0x88 ./Drivers/STM32F4xx_HAL_Driver/Src/stm32f4xx_hal_rcc.o
 .debug_aranges
                0x00000448      0x3d0 ./Drivers/STM32F4xx_HAL_Driver/Src/stm32f4xx_hal_tim.o
 .debug_aranges
                0x00000818      0x168 ./Drivers/STM32F4xx_HAL_Driver/Src/stm32f4xx_hal_tim_ex.o
 .debug_aranges
                0x00000980       0x40 ./common/Thirdparty/FreeRTOS/list.o
 .debug_aranges
                0x000009c0      0x228 ./common/Thirdparty/FreeRTOS/tasks.o
 .debug_aranges
                0x00000be8       0x88 ./common/Thirdparty/FreeRTOS/portable/GCC/ARM_CM4F/port.o
 .debug_aranges
                0x00000c70       0x70 ./common/Thirdparty/FreeRTOS/portable/MemMang/heap_4.o
 .debug_aranges
                0x00000ce0       0x28 ./common/Thirdparty/SEGGER/Config/SEGGER_SYSVIEW_Config_FreeRTOS.o
 .debug_aranges
                0x00000d08       0x48 ./common/Thirdparty/SEGGER/Os/SEGGER_SYSVIEW_FreeRTOS.o
 .debug_aranges
                0x00000d50       0x68 ./common/Thirdparty/SEGGER/REC/segger_uart.o
 .debug_aranges
                0x00000db8      0x138 ./common/Thirdparty/SEGGER/Segger/SEGGER_RTT.o
 .debug_aranges
                0x00000ef0       0x20 ./common/Thirdparty/SEGGER/Segger/SEGGER_RTT_ASM_ARMv7M.o
 .debug_aranges
                0x00000f10      0x300 ./common/Thirdparty/SEGGER/Segger/SEGGER_SYSVIEW.o

.debug_rnglists
                0x00000000      0xde6
 .debug_rnglists
                0x00000000       0x40 ./Core/Src/main.o
 .debug_rnglists
                0x00000040       0x13 ./Core/Src/stm32f4xx_hal_msp.o
 .debug_rnglists
                0x00000053       0x20 ./Core/Src/stm32f4xx_hal_timebase_tim.o
 .debug_rnglists
                0x00000073       0x37 ./Core/Src/stm32f4xx_it.o
 .debug_rnglists
                0x000000aa       0x1a ./Core/Src/system_stm32f4xx.o
 .debug_rnglists
                0x000000c4       0x19 ./Core/Startup/startup_stm32f407vgtx.o
 .debug_rnglists
                0x000000dd       0xaf ./Drivers/STM32F4xx_HAL_Driver/Src/stm32f4xx_hal.o
 .debug_rnglists
                0x0000018c       0xe0 ./Drivers/STM32F4xx_HAL_Driver/Src/stm32f4xx_hal_cortex.o
 .debug_rnglists
                0x0000026c       0x3f ./Drivers/STM32F4xx_HAL_Driver/Src/stm32f4xx_hal_gpio.o
 .debug_rnglists
                0x000002ab       0x66 ./Drivers/STM32F4xx_HAL_Driver/Src/stm32f4xx_hal_rcc.o
 .debug_rnglists
                0x00000311      0x31a ./Drivers/STM32F4xx_HAL_Driver/Src/stm32f4xx_hal_tim.o
 .debug_rnglists
                0x0000062b      0x125 ./Drivers/STM32F4xx_HAL_Driver/Src/stm32f4xx_hal_tim_ex.o
 .debug_rnglists
                0x00000750       0x2b ./common/Thirdparty/FreeRTOS/list.o
 .debug_rnglists
                0x0000077b      0x1bc ./common/Thirdparty/FreeRTOS/tasks.o
 .debug_rnglists
                0x00000937       0x64 ./common/Thirdparty/FreeRTOS/portable/GCC/ARM_CM4F/port.o
 .debug_rnglists
                0x0000099b       0x54 ./common/Thirdparty/FreeRTOS/portable/MemMang/heap_4.o
 .debug_rnglists
                0x000009ef       0x19 ./common/Thirdparty/SEGGER/Config/SEGGER_SYSVIEW_Config_FreeRTOS.o
 .debug_rnglists
                0x00000a08       0x36 ./common/Thirdparty/SEGGER/Os/SEGGER_SYSVIEW_FreeRTOS.o
 .debug_rnglists
                0x00000a3e       0x4b ./common/Thirdparty/SEGGER/REC/segger_uart.o
 .debug_rnglists
                0x00000a89       0xf5 ./common/Thirdparty/SEGGER/Segger/SEGGER_RTT.o
 .debug_rnglists
                0x00000b7e      0x268 ./common/Thirdparty/SEGGER/Segger/SEGGER_SYSVIEW.o

.debug_macro    0x00000000    0x24052
 .debug_macro   0x00000000      0x2b1 ./Core/Src/main.o
 .debug_macro   0x000002b1      0xab4 ./Core/Src/main.o
 .debug_macro   0x00000d65      0x295 ./Core/Src/main.o
 .debug_macro   0x00000ffa       0x2e ./Core/Src/main.o
 .debug_macro   0x00001028       0x2f ./Core/Src/main.o
 .debug_macro   0x00001057       0x22 ./Core/Src/main.o
 .debug_macro   0x00001079       0x8e ./Core/Src/main.o
 .debug_macro   0x00001107       0x51 ./Core/Src/main.o
 .debug_macro   0x00001158      0x103 ./Core/Src/main.o
 .debug_macro   0x0000125b       0x6a ./Core/Src/main.o
 .debug_macro   0x000012c5      0x1df ./Core/Src/main.o
 .debug_macro   0x000014a4       0x1c ./Core/Src/main.o
 .debug_macro   0x000014c0       0x22 ./Core/Src/main.o
 .debug_macro   0x000014e2       0xfb ./Core/Src/main.o
 .debug_macro   0x000015dd     0x1011 ./Core/Src/main.o
 .debug_macro   0x000025ee      0x11f ./Core/Src/main.o
 .debug_macro   0x0000270d    0x15e97 ./Core/Src/main.o
 .debug_macro   0x000185a4       0x6d ./Core/Src/main.o
 .debug_macro   0x00018611     0x369a ./Core/Src/main.o
 .debug_macro   0x0001bcab      0x189 ./Core/Src/main.o
 .debug_macro   0x0001be34       0x5c ./Core/Src/main.o
 .debug_macro   0x0001be90      0x980 ./Core/Src/main.o
 .debug_macro   0x0001c810      0x9e9 ./Core/Src/main.o
 .debug_macro   0x0001d1f9      0x115 ./Core/Src/main.o
 .debug_macro   0x0001d30e      0x13e ./Core/Src/main.o
 .debug_macro   0x0001d44c       0xa5 ./Core/Src/main.o
 .debug_macro   0x0001d4f1      0x174 ./Core/Src/main.o
 .debug_macro   0x0001d665      0x287 ./Core/Src/main.o
 .debug_macro   0x0001d8ec       0x5f ./Core/Src/main.o
 .debug_macro   0x0001d94b      0x236 ./Core/Src/main.o
 .debug_macro   0x0001db81      0x12c ./Core/Src/main.o
 .debug_macro   0x0001dcad      0x21e ./Core/Src/main.o
 .debug_macro   0x0001decb       0x2e ./Core/Src/main.o
 .debug_macro   0x0001def9      0x127 ./Core/Src/main.o
 .debug_macro   0x0001e020       0x7e ./Core/Src/main.o
 .debug_macro   0x0001e09e       0x89 ./Core/Src/main.o
 .debug_macro   0x0001e127      0x8ed ./Core/Src/main.o
 .debug_macro   0x0001ea14       0x4d ./Core/Src/main.o
 .debug_macro   0x0001ea61      0x12d ./Core/Src/main.o
 .debug_macro   0x0001eb8e      0x1a5 ./Core/Src/main.o
 .debug_macro   0x0001ed33       0x16 ./Core/Src/main.o
 .debug_macro   0x0001ed49      0x112 ./Core/Src/main.o
 .debug_macro   0x0001ee5b       0x58 ./Core/Src/main.o
 .debug_macro   0x0001eeb3       0x46 ./Core/Src/main.o
 .debug_macro   0x0001eef9       0x64 ./Core/Src/main.o
 .debug_macro   0x0001ef5d       0x16 ./Core/Src/main.o
 .debug_macro   0x0001ef73       0x49 ./Core/Src/main.o
 .debug_macro   0x0001efbc       0xca ./Core/Src/main.o
 .debug_macro   0x0001f086      0x234 ./Core/Src/main.o
 .debug_macro   0x0001f2ba      0xf65 ./Core/Src/main.o
 .debug_macro   0x0002021f       0x22 ./Core/Src/main.o
 .debug_macro   0x00020241      0x182 ./Core/Src/main.o
 .debug_macro   0x000203c3       0xee ./Core/Src/main.o
 .debug_macro   0x000204b1       0x2e ./Core/Src/main.o
 .debug_macro   0x000204df       0x1f ./Core/Src/main.o
 .debug_macro   0x000204fe       0x12 ./Core/Src/main.o
 .debug_macro   0x00020510      0xbcb ./Core/Src/main.o
 .debug_macro   0x000210db       0xc3 ./Core/Src/main.o
 .debug_macro   0x0002119e      0x14f ./Core/Src/main.o
 .debug_macro   0x000212ed      0x293 ./Core/Src/stm32f4xx_hal_msp.o
 .debug_macro   0x00021580      0x1c4 ./Core/Src/stm32f4xx_hal_timebase_tim.o
 .debug_macro   0x00021744      0x1dd ./Core/Src/stm32f4xx_it.o
 .debug_macro   0x00021921      0x1c4 ./Core/Src/system_stm32f4xx.o
 .debug_macro   0x00021ae5      0x224 ./Drivers/STM32F4xx_HAL_Driver/Src/stm32f4xx_hal.o
 .debug_macro   0x00021d09      0x1c4 ./Drivers/STM32F4xx_HAL_Driver/Src/stm32f4xx_hal_cortex.o
 .debug_macro   0x00021ecd      0x1ca ./Drivers/STM32F4xx_HAL_Driver/Src/stm32f4xx_hal_gpio.o
 .debug_macro   0x00022097      0x1e8 ./Drivers/STM32F4xx_HAL_Driver/Src/stm32f4xx_hal_rcc.o
 .debug_macro   0x0002227f      0x1c5 ./Drivers/STM32F4xx_HAL_Driver/Src/stm32f4xx_hal_tim.o
 .debug_macro   0x00022444      0x1c4 ./Drivers/STM32F4xx_HAL_Driver/Src/stm32f4xx_hal_tim_ex.o
 .debug_macro   0x00022608      0x203 ./common/Thirdparty/FreeRTOS/list.o
 .debug_macro   0x0002280b      0x327 ./common/Thirdparty/FreeRTOS/tasks.o
 .debug_macro   0x00022b32       0x17 ./common/Thirdparty/FreeRTOS/tasks.o
 .debug_macro   0x00022b49      0x230 ./common/Thirdparty/FreeRTOS/portable/GCC/ARM_CM4F/port.o
 .debug_macro   0x00022d79      0x298 ./common/Thirdparty/FreeRTOS/portable/MemMang/heap_4.o
 .debug_macro   0x00023011      0x146 ./common/Thirdparty/SEGGER/Config/SEGGER_SYSVIEW_Config_FreeRTOS.o
 .debug_macro   0x00023157      0x212 ./common/Thirdparty/SEGGER/Os/SEGGER_SYSVIEW_FreeRTOS.o
 .debug_macro   0x00023369       0x61 ./common/Thirdparty/SEGGER/Os/SEGGER_SYSVIEW_FreeRTOS.o
 .debug_macro   0x000233ca      0x41d ./common/Thirdparty/SEGGER/REC/segger_uart.o
 .debug_macro   0x000237e7       0x3b ./common/Thirdparty/SEGGER/REC/segger_uart.o
 .debug_macro   0x00023822      0x138 ./common/Thirdparty/SEGGER/REC/segger_uart.o
 .debug_macro   0x0002395a       0x56 ./common/Thirdparty/SEGGER/REC/segger_uart.o
 .debug_macro   0x000239b0      0x1e8 ./common/Thirdparty/SEGGER/Segger/SEGGER_RTT.o
 .debug_macro   0x00023b98       0x35 ./common/Thirdparty/SEGGER/Segger/SEGGER_RTT.o
 .debug_macro   0x00023bcd      0x251 ./common/Thirdparty/SEGGER/Segger/SEGGER_SYSVIEW.o
 .debug_macro   0x00023e1e      0x234 ./common/Thirdparty/SEGGER/Segger/SEGGER_SYSVIEW.o

.debug_line     0x00000000    0x1486c
 .debug_line    0x00000000      0xc0a ./Core/Src/main.o
 .debug_line    0x00000c0a      0x9a2 ./Core/Src/stm32f4xx_hal_msp.o
 .debug_line    0x000015ac      0x7b2 ./Core/Src/stm32f4xx_hal_timebase_tim.o
 .debug_line    0x00001d5e      0x7d3 ./Core/Src/stm32f4xx_it.o
 .debug_line    0x00002531      0x7bb ./Core/Src/system_stm32f4xx.o
 .debug_line    0x00002cec       0x7a ./Core/Startup/startup_stm32f407vgtx.o
 .debug_line    0x00002d66      0xa24 ./Drivers/STM32F4xx_HAL_Driver/Src/stm32f4xx_hal.o
 .debug_line    0x0000378a      0xd16 ./Drivers/STM32F4xx_HAL_Driver/Src/stm32f4xx_hal_cortex.o
 .debug_line    0x000044a0      0xbb0 ./Drivers/STM32F4xx_HAL_Driver/Src/stm32f4xx_hal_gpio.o
 .debug_line    0x00005050      0xdaf ./Drivers/STM32F4xx_HAL_Driver/Src/stm32f4xx_hal_rcc.o
 .debug_line    0x00005dff     0x37c8 ./Drivers/STM32F4xx_HAL_Driver/Src/stm32f4xx_hal_tim.o
 .debug_line    0x000095c7     0x1a1a ./Drivers/STM32F4xx_HAL_Driver/Src/stm32f4xx_hal_tim_ex.o
 .debug_line    0x0000afe1      0x940 ./common/Thirdparty/FreeRTOS/list.o
 .debug_line    0x0000b921     0x23d0 ./common/Thirdparty/FreeRTOS/tasks.o
 .debug_line    0x0000dcf1      0xab3 ./common/Thirdparty/FreeRTOS/portable/GCC/ARM_CM4F/port.o
 .debug_line    0x0000e7a4      0xcf7 ./common/Thirdparty/FreeRTOS/portable/MemMang/heap_4.o
 .debug_line    0x0000f49b      0x6bc ./common/Thirdparty/SEGGER/Config/SEGGER_SYSVIEW_Config_FreeRTOS.o
 .debug_line    0x0000fb57      0x9a1 ./common/Thirdparty/SEGGER/Os/SEGGER_SYSVIEW_FreeRTOS.o
 .debug_line    0x000104f8      0xbfc ./common/Thirdparty/SEGGER/REC/segger_uart.o
 .debug_line    0x000110f4      0xf8a ./common/Thirdparty/SEGGER/Segger/SEGGER_RTT.o
 .debug_line    0x0001207e       0x86 ./common/Thirdparty/SEGGER/Segger/SEGGER_RTT_ASM_ARMv7M.o
 .debug_line    0x00012104     0x2768 ./common/Thirdparty/SEGGER/Segger/SEGGER_SYSVIEW.o

.debug_str      0x00000000    0xe805c
 .debug_str     0x00000000    0xdc455 ./Core/Src/main.o
                              0xdc80d (size before relaxing)
 .debug_str     0x000dc455       0x40 ./Core/Src/stm32f4xx_hal_msp.o
                              0xd9ec3 (size before relaxing)
 .debug_str     0x000dc495      0x5fe ./Core/Src/stm32f4xx_hal_timebase_tim.o
                              0xc2c12 (size before relaxing)
 .debug_str     0x000dca93       0xb9 ./Core/Src/stm32f4xx_it.o
                              0xc2bcc (size before relaxing)
 .debug_str     0x000dcb4c       0xdb ./Core/Src/system_stm32f4xx.o
                              0xc211b (size before relaxing)
 .debug_str     0x000dcc27       0x44 ./Core/Startup/startup_stm32f407vgtx.o
                                 0x79 (size before relaxing)
 .debug_str     0x000dcc6b      0x5d3 ./Drivers/STM32F4xx_HAL_Driver/Src/stm32f4xx_hal.o
                              0xc2c9f (size before relaxing)
 .debug_str     0x000dd23e      0x37a ./Drivers/STM32F4xx_HAL_Driver/Src/stm32f4xx_hal_cortex.o
                              0xc2a1b (size before relaxing)
 .debug_str     0x000dd5b8      0x11e ./Drivers/STM32F4xx_HAL_Driver/Src/stm32f4xx_hal_gpio.o
                              0xc2296 (size before relaxing)
 .debug_str     0x000dd6d6      0x1f2 ./Drivers/STM32F4xx_HAL_Driver/Src/stm32f4xx_hal_rcc.o
                              0xc254f (size before relaxing)
 .debug_str     0x000dd8c8      0xe79 ./Drivers/STM32F4xx_HAL_Driver/Src/stm32f4xx_hal_tim.o
                              0xc34a5 (size before relaxing)
 .debug_str     0x000de741      0x503 ./Drivers/STM32F4xx_HAL_Driver/Src/stm32f4xx_hal_tim_ex.o
                              0xc2cb1 (size before relaxing)
 .debug_str     0x000dec44     0x3390 ./common/Thirdparty/FreeRTOS/list.o
                              0x1f74d (size before relaxing)
 .debug_str     0x000e1fd4     0x2442 ./common/Thirdparty/FreeRTOS/tasks.o
                              0x230db (size before relaxing)
 .debug_str     0x000e4416      0x968 ./common/Thirdparty/FreeRTOS/portable/GCC/ARM_CM4F/port.o
                              0x1e2db (size before relaxing)
 .debug_str     0x000e4d7e      0x769 ./common/Thirdparty/FreeRTOS/portable/MemMang/heap_4.o
                              0x212a1 (size before relaxing)
 .debug_str     0x000e54e7      0x1de ./common/Thirdparty/SEGGER/Config/SEGGER_SYSVIEW_Config_FreeRTOS.o
                              0x1b9e1 (size before relaxing)
 .debug_str     0x000e56c5      0x124 ./common/Thirdparty/SEGGER/Os/SEGGER_SYSVIEW_FreeRTOS.o
                              0x20b71 (size before relaxing)
 .debug_str     0x000e57e9     0x1054 ./common/Thirdparty/SEGGER/REC/segger_uart.o
                              0xc82be (size before relaxing)
 .debug_str     0x000e683d      0x772 ./common/Thirdparty/SEGGER/Segger/SEGGER_RTT.o
                               0x8791 (size before relaxing)
 .debug_str     0x000e6faf       0x57 ./common/Thirdparty/SEGGER/Segger/SEGGER_RTT_ASM_ARMv7M.o
                                 0x9a (size before relaxing)
 .debug_str     0x000e7006     0x1056 ./common/Thirdparty/SEGGER/Segger/SEGGER_SYSVIEW.o
                               0xac32 (size before relaxing)

.comment        0x00000000       0x43
 .comment       0x00000000       0x43 ./Core/Src/main.o
                                 0x44 (size before relaxing)
 .comment       0x00000043       0x44 ./Core/Src/stm32f4xx_hal_msp.o
 .comment       0x00000043       0x44 ./Core/Src/stm32f4xx_hal_timebase_tim.o
 .comment       0x00000043       0x44 ./Core/Src/stm32f4xx_it.o
 .comment       0x00000043       0x44 ./Core/Src/system_stm32f4xx.o
 .comment       0x00000043       0x44 ./Drivers/STM32F4xx_HAL_Driver/Src/stm32f4xx_hal.o
 .comment       0x00000043       0x44 ./Drivers/STM32F4xx_HAL_Driver/Src/stm32f4xx_hal_cortex.o
 .comment       0x00000043       0x44 ./Drivers/STM32F4xx_HAL_Driver/Src/stm32f4xx_hal_gpio.o
 .comment       0x00000043       0x44 ./Drivers/STM32F4xx_HAL_Driver/Src/stm32f4xx_hal_rcc.o
 .comment       0x00000043       0x44 ./Drivers/STM32F4xx_HAL_Driver/Src/stm32f4xx_hal_tim.o
 .comment       0x00000043       0x44 ./Drivers/STM32F4xx_HAL_Driver/Src/stm32f4xx_hal_tim_ex.o
 .comment       0x00000043       0x44 ./common/Thirdparty/FreeRTOS/list.o
 .comment       0x00000043       0x44 ./common/Thirdparty/FreeRTOS/tasks.o
 .comment       0x00000043       0x44 ./common/Thirdparty/FreeRTOS/portable/GCC/ARM_CM4F/port.o
 .comment       0x00000043       0x44 ./common/Thirdparty/FreeRTOS/portable/MemMang/heap_4.o
 .comment       0x00000043       0x44 ./common/Thirdparty/SEGGER/Config/SEGGER_SYSVIEW_Config_FreeRTOS.o
 .comment       0x00000043       0x44 ./common/Thirdparty/SEGGER/Os/SEGGER_SYSVIEW_FreeRTOS.o
 .comment       0x00000043       0x44 ./common/Thirdparty/SEGGER/REC/segger_uart.o
 .comment       0x00000043       0x44 ./common/Thirdparty/SEGGER/Segger/SEGGER_RTT.o
 .comment       0x00000043       0x44 ./common/Thirdparty/SEGGER/Segger/SEGGER_SYSVIEW.o

.debug_frame    0x00000000     0x4b20
 .debug_frame   0x00000000      0x118 ./Core/Src/main.o
 .debug_frame   0x00000118       0x34 ./Core/Src/stm32f4xx_hal_msp.o
 .debug_frame   0x0000014c       0x74 ./Core/Src/stm32f4xx_hal_timebase_tim.o
 .debug_frame   0x000001c0       0xc4 ./Core/Src/stm32f4xx_it.o
 .debug_frame   0x00000284       0x58 ./Core/Src/system_stm32f4xx.o
 .debug_frame   0x000002dc      0x374 ./Drivers/STM32F4xx_HAL_Driver/Src/stm32f4xx_hal.o
 .debug_frame   0x00000650      0x508 ./Drivers/STM32F4xx_HAL_Driver/Src/stm32f4xx_hal_cortex.o
 .debug_frame   0x00000b58      0x14c ./Drivers/STM32F4xx_HAL_Driver/Src/stm32f4xx_hal_gpio.o
 .debug_frame   0x00000ca4      0x1f4 ./Drivers/STM32F4xx_HAL_Driver/Src/stm32f4xx_hal_rcc.o
 .debug_frame   0x00000e98     0x11c0 ./Drivers/STM32F4xx_HAL_Driver/Src/stm32f4xx_hal_tim.o
 .debug_frame   0x00002058      0x638 ./Drivers/STM32F4xx_HAL_Driver/Src/stm32f4xx_hal_tim_ex.o
 .debug_frame   0x00002690       0xc4 ./common/Thirdparty/FreeRTOS/list.o
 .debug_frame   0x00002754      0x96c ./common/Thirdparty/FreeRTOS/tasks.o
 .debug_frame   0x000030c0      0x1d0 ./common/Thirdparty/FreeRTOS/portable/GCC/ARM_CM4F/port.o
 .debug_frame   0x00003290      0x194 ./common/Thirdparty/FreeRTOS/portable/MemMang/heap_4.o
 .debug_frame   0x00003424       0x48 ./common/Thirdparty/SEGGER/Config/SEGGER_SYSVIEW_Config_FreeRTOS.o
 .debug_frame   0x0000346c      0x104 ./common/Thirdparty/SEGGER/Os/SEGGER_SYSVIEW_FreeRTOS.o
 .debug_frame   0x00003570      0x178 ./common/Thirdparty/SEGGER/REC/segger_uart.o
 .debug_frame   0x000036e8      0x52c ./common/Thirdparty/SEGGER/Segger/SEGGER_RTT.o
 .debug_frame   0x00003c14      0xe10 ./common/Thirdparty/SEGGER/Segger/SEGGER_SYSVIEW.o
 .debug_frame   0x00004a24       0x28 E:/ST/STM32CubeIDE_1.12.1/STM32CubeIDE/plugins/com.st.stm32cube.ide.mcu.externaltools.gnu-tools-for-stm32.12.3.rel1.win32_1.0.200.202406191623/tools/bin/../lib/gcc/arm-none-eabi/12.3.1/../../../../arm-none-eabi/lib/thumb/v7e-m+fp/hard\libc_nano.a(libc_a-memcmp.o)
 .debug_frame   0x00004a4c       0x20 E:/ST/STM32CubeIDE_1.12.1/STM32CubeIDE/plugins/com.st.stm32cube.ide.mcu.externaltools.gnu-tools-for-stm32.12.3.rel1.win32_1.0.200.202406191623/tools/bin/../lib/gcc/arm-none-eabi/12.3.1/../../../../arm-none-eabi/lib/thumb/v7e-m+fp/hard\libc_nano.a(libc_a-memset.o)
 .debug_frame   0x00004a6c       0x2c E:/ST/STM32CubeIDE_1.12.1/STM32CubeIDE/plugins/com.st.stm32cube.ide.mcu.externaltools.gnu-tools-for-stm32.12.3.rel1.win32_1.0.200.202406191623/tools/bin/../lib/gcc/arm-none-eabi/12.3.1/../../../../arm-none-eabi/lib/thumb/v7e-m+fp/hard\libc_nano.a(libc_a-init.o)
 .debug_frame   0x00004a98       0x28 E:/ST/STM32CubeIDE_1.12.1/STM32CubeIDE/plugins/com.st.stm32cube.ide.mcu.externaltools.gnu-tools-for-stm32.12.3.rel1.win32_1.0.200.202406191623/tools/bin/../lib/gcc/arm-none-eabi/12.3.1/../../../../arm-none-eabi/lib/thumb/v7e-m+fp/hard\libc_nano.a(libc_a-memcpy-stub.o)
 .debug_frame   0x00004ac0       0x2c E:/ST/STM32CubeIDE_1.12.1/STM32CubeIDE/plugins/com.st.stm32cube.ide.mcu.externaltools.gnu-tools-for-stm32.12.3.rel1.win32_1.0.200.202406191623/tools/bin/../lib/gcc/arm-none-eabi/12.3.1/thumb/v7e-m+fp/hard\libgcc.a(_aeabi_uldivmod.o)
 .debug_frame   0x00004aec       0x34 E:/ST/STM32CubeIDE_1.12.1/STM32CubeIDE/plugins/com.st.stm32cube.ide.mcu.externaltools.gnu-tools-for-stm32.12.3.rel1.win32_1.0.200.202406191623/tools/bin/../lib/gcc/arm-none-eabi/12.3.1/thumb/v7e-m+fp/hard\libgcc.a(_udivmoddi4.o)

.debug_line_str
                0x00000000       0xb4
 .debug_line_str
                0x00000000       0x5d ./Core/Startup/startup_stm32f407vgtx.o
 .debug_line_str
                0x0000005d       0x57 ./common/Thirdparty/SEGGER/Segger/SEGGER_RTT_ASM_ARMv7M.o
                                 0x8c (size before relaxing)
